Archive member included to satisfy reference by file (symbol)

/usr/lib/gcc/arm-none-eabi/13.2.1/../../../arm-none-eabi/lib/thumb/v7e-m+fp/hard/libm.a(libm_a-wf_sqrt.o)
                              CMakeFiles/tof_sensors.dir/Core/Src/main.c.obj (sqrtf)
/usr/lib/gcc/arm-none-eabi/13.2.1/../../../arm-none-eabi/lib/thumb/v7e-m+fp/hard/libm.a(libm_a-ef_sqrt.o)
                              /usr/lib/gcc/arm-none-eabi/13.2.1/../../../arm-none-eabi/lib/thumb/v7e-m+fp/hard/libm.a(libm_a-wf_sqrt.o) (__ieee754_sqrtf)
/usr/lib/gcc/arm-none-eabi/13.2.1/thumb/v7e-m+fp/hard/libgcc.a(_aeabi_uldivmod.o)
                              cmake/stm32cubemx/CMakeFiles/STM32_Drivers.dir/__/__/Drivers/STM32L4xx_HAL_Driver/Src/stm32l4xx_hal_uart.c.obj (__aeabi_uldivmod)
/usr/lib/gcc/arm-none-eabi/13.2.1/thumb/v7e-m+fp/hard/libgcc.a(_udivmoddi4.o)
                              /usr/lib/gcc/arm-none-eabi/13.2.1/thumb/v7e-m+fp/hard/libgcc.a(_aeabi_uldivmod.o) (__udivmoddi4)
/usr/lib/gcc/arm-none-eabi/13.2.1/thumb/v7e-m+fp/hard/libgcc.a(_dvmd_tls.o)
                              /usr/lib/gcc/arm-none-eabi/13.2.1/thumb/v7e-m+fp/hard/libgcc.a(_aeabi_uldivmod.o) (__aeabi_ldiv0)
/usr/lib/gcc/arm-none-eabi/13.2.1/../../../arm-none-eabi/lib/thumb/v7e-m+fp/hard/libg_nano.a(libc_a-init.o)
                              /usr/lib/gcc/arm-none-eabi/13.2.1/../../../arm-none-eabi/lib/thumb/v7e-m+fp/hard/crt0.o (__libc_init_array)
/usr/lib/gcc/arm-none-eabi/13.2.1/../../../arm-none-eabi/lib/thumb/v7e-m+fp/hard/libg_nano.a(libc_a-puts.o)
                              CMakeFiles/tof_sensors.dir/Core/Src/main.c.obj (puts)
/usr/lib/gcc/arm-none-eabi/13.2.1/../../../arm-none-eabi/lib/thumb/v7e-m+fp/hard/libg_nano.a(libc_a-findfp.o)
                              /usr/lib/gcc/arm-none-eabi/13.2.1/../../../arm-none-eabi/lib/thumb/v7e-m+fp/hard/libg_nano.a(libc_a-puts.o) (__sinit)
/usr/lib/gcc/arm-none-eabi/13.2.1/../../../arm-none-eabi/lib/thumb/v7e-m+fp/hard/libg_nano.a(libc_a-memset.o)
                              /usr/lib/gcc/arm-none-eabi/13.2.1/../../../arm-none-eabi/lib/thumb/v7e-m+fp/hard/crt0.o (memset)
/usr/lib/gcc/arm-none-eabi/13.2.1/../../../arm-none-eabi/lib/thumb/v7e-m+fp/hard/libg_nano.a(libc_a-fflush.o)
                              /usr/lib/gcc/arm-none-eabi/13.2.1/../../../arm-none-eabi/lib/thumb/v7e-m+fp/hard/libg_nano.a(libc_a-findfp.o) (_fflush_r)
/usr/lib/gcc/arm-none-eabi/13.2.1/../../../arm-none-eabi/lib/thumb/v7e-m+fp/hard/libg_nano.a(libc_a-errno.o)
                              CMakeFiles/tof_sensors.dir/Core/Src/sysmem.c.obj (__errno)
/usr/lib/gcc/arm-none-eabi/13.2.1/../../../arm-none-eabi/lib/thumb/v7e-m+fp/hard/libg_nano.a(libc_a-mallocr.o)
                              /usr/lib/gcc/arm-none-eabi/13.2.1/../../../arm-none-eabi/lib/thumb/v7e-m+fp/hard/libg_nano.a(libc_a-findfp.o) (_malloc_r)
/usr/lib/gcc/arm-none-eabi/13.2.1/../../../arm-none-eabi/lib/thumb/v7e-m+fp/hard/libg_nano.a(libc_a-freer.o)
                              /usr/lib/gcc/arm-none-eabi/13.2.1/../../../arm-none-eabi/lib/thumb/v7e-m+fp/hard/libg_nano.a(libc_a-fflush.o) (_free_r)
/usr/lib/gcc/arm-none-eabi/13.2.1/../../../arm-none-eabi/lib/thumb/v7e-m+fp/hard/libg_nano.a(libc_a-fwalk.o)
                              /usr/lib/gcc/arm-none-eabi/13.2.1/../../../arm-none-eabi/lib/thumb/v7e-m+fp/hard/libg_nano.a(libc_a-findfp.o) (_fwalk_sglue)
/usr/lib/gcc/arm-none-eabi/13.2.1/../../../arm-none-eabi/lib/thumb/v7e-m+fp/hard/libg_nano.a(libc_a-wsetup.o)
                              /usr/lib/gcc/arm-none-eabi/13.2.1/../../../arm-none-eabi/lib/thumb/v7e-m+fp/hard/libg_nano.a(libc_a-puts.o) (__swsetup_r)
/usr/lib/gcc/arm-none-eabi/13.2.1/../../../arm-none-eabi/lib/thumb/v7e-m+fp/hard/libg_nano.a(libc_a-memcpy.o)
                              CMakeFiles/tof_sensors.dir/Core/Src/platform.c.obj (memcpy)
/usr/lib/gcc/arm-none-eabi/13.2.1/../../../arm-none-eabi/lib/thumb/v7e-m+fp/hard/libg_nano.a(libc_a-malloc.o)
                              CMakeFiles/tof_sensors.dir/Core/Src/platform.c.obj (malloc)
/usr/lib/gcc/arm-none-eabi/13.2.1/../../../arm-none-eabi/lib/thumb/v7e-m+fp/hard/libg_nano.a(libc_a-mlock.o)
                              /usr/lib/gcc/arm-none-eabi/13.2.1/../../../arm-none-eabi/lib/thumb/v7e-m+fp/hard/libg_nano.a(libc_a-mallocr.o) (__malloc_lock)
/usr/lib/gcc/arm-none-eabi/13.2.1/../../../arm-none-eabi/lib/thumb/v7e-m+fp/hard/libg_nano.a(libc_a-makebuf.o)
                              /usr/lib/gcc/arm-none-eabi/13.2.1/../../../arm-none-eabi/lib/thumb/v7e-m+fp/hard/libg_nano.a(libc_a-wsetup.o) (__smakebuf_r)
/usr/lib/gcc/arm-none-eabi/13.2.1/../../../arm-none-eabi/lib/thumb/v7e-m+fp/hard/libg_nano.a(libc_a-exit.o)
                              /usr/lib/gcc/arm-none-eabi/13.2.1/../../../arm-none-eabi/lib/thumb/v7e-m+fp/hard/crt0.o (exit)
/usr/lib/gcc/arm-none-eabi/13.2.1/../../../arm-none-eabi/lib/thumb/v7e-m+fp/hard/libg_nano.a(libc_a-atexit.o)
[...]
Memory Configuration

Name             Origin             Length             Attributes
RAM              0x20000000         0x00018000         xrw
RAM2             0x10000000         0x00008000         xrw
FLASH            0x08000000         0x00100000         xr
*default*        0x00000000         0xffffffff

Linker script and memory map

LOAD /usr/lib/gcc/arm-none-eabi/13.2.1/thumb/v7e-m+fp/hard/crti.o
LOAD /usr/lib/gcc/arm-none-eabi/13.2.1/thumb/v7e-m+fp/hard/crtbegin.o
LOAD /usr/lib/gcc/arm-none-eabi/13.2.1/../../../arm-none-eabi/lib/thumb/v7e-m+fp/hard/crt0.o
LOAD CMakeFiles/tof_sensors.dir/Core/Src/main.c.obj
LOAD CMakeFiles/tof_sensors.dir/Core/Src/gpio.c.obj
LOAD CMakeFiles/tof_sensors.dir/Core/Src/i2c.c.obj
LOAD CMakeFiles/tof_sensors.dir/Core/Src/usart.c.obj
LOAD CMakeFiles/tof_sensors.dir/Core/Src/stm32l4xx_it.c.obj
LOAD CMakeFiles/tof_sensors.dir/Core/Src/stm32l4xx_hal_msp.c.obj
LOAD CMakeFiles/tof_sensors.dir/Core/Src/sysmem.c.obj
LOAD CMakeFiles/tof_sensors.dir/Core/Src/syscalls.c.obj
LOAD CMakeFiles/tof_sensors.dir/startup_stm32l476xx.s.obj
LOAD CMakeFiles/tof_sensors.dir/Core/Src/platform.c.obj
LOAD CMakeFiles/tof_sensors.dir/Drivers/VL53L7CX_ULD_API/src/vl53l7cx_api.c.obj
LOAD CMakeFiles/tof_sensors.dir/Drivers/VL53L7CX_ULD_API/src/vl53l7cx_plugin_motion_indicator.c.obj
LOAD CMakeFiles/tof_sensors.dir/Drivers/VL53L7CX_ULD_API/src/vl53l7cx_plugin_xtalk.c.obj
LOAD CMakeFiles/tof_sensors.dir/Drivers/VL53L7CX_ULD_API/src/vl53l7cx_plugin_detection_thresholds.c.obj
LOAD cmake/stm32cubemx/CMakeFiles/STM32_Drivers.dir/__/__/Core/Src/system_stm32l4xx.c.obj
LOAD cmake/stm32cubemx/CMakeFiles/STM32_Drivers.dir/__/__/Drivers/STM32L4xx_HAL_Driver/Src/stm32l4xx_hal_i2c.c.obj
LOAD cmake/stm32cubemx/CMakeFiles/STM32_Drivers.dir/__/__/Drivers/STM32L4xx_HAL_Driver/Src/stm32l4xx_hal_i2c_ex.c.obj
LOAD cmake/stm32cubemx/CMakeFiles/STM32_Drivers.dir/__/__/Drivers/STM32L4xx_HAL_Driver/Src/stm32l4xx_hal.c.obj
LOAD cmake/stm32cubemx/CMakeFiles/STM32_Drivers.dir/__/__/Drivers/STM32L4xx_HAL_Driver/Src/stm32l4xx_hal_rcc.c.obj
LOAD cmake/stm32cubemx/CMakeFiles/STM32_Drivers.dir/__/__/Drivers/STM32L4xx_HAL_Driver/Src/stm32l4xx_hal_rcc_ex.c.obj
LOAD cmake/stm32cubemx/CMakeFiles/STM32_Drivers.dir/__/__/Drivers/STM32L4xx_HAL_Driver/Src/stm32l4xx_hal_flash.c.obj
LOAD cmake/stm32cubemx/CMakeFiles/STM32_Drivers.dir/__/__/Drivers/STM32L4xx_HAL_Driver/Src/stm32l4xx_hal_flash_ex.c.obj
LOAD cmake/stm32cubemx/CMakeFiles/STM32_Drivers.dir/__/__/Drivers/STM32L4xx_HAL_Driver/Src/stm32l4xx_hal_flash_ramfunc.c.obj
LOAD cmake/stm32cubemx/CMakeFiles/STM32_Drivers.dir/__/__/Drivers/STM32L4xx_HAL_Driver/Src/stm32l4xx_hal_gpio.c.obj
LOAD cmake/stm32cubemx/CMakeFiles/STM32_Drivers.dir/__/__/Drivers/STM32L4xx_HAL_Driver/Src/stm32l4xx_hal_dma.c.obj
LOAD cmake/stm32cubemx/CMakeFiles/STM32_Drivers.dir/__/__/Drivers/STM32L4xx_HAL_Driver/Src/stm32l4xx_hal_dma_ex.c.obj
LOAD cmake/stm32cubemx/CMakeFiles/STM32_Drivers.dir/__/__/Drivers/STM32L4xx_HAL_Driver/Src/stm32l4xx_hal_pwr.c.obj
LOAD cmake/stm32cubemx/CMakeFiles/STM32_Drivers.dir/__/__/Drivers/STM32L4xx_HAL_Driver/Src/stm32l4xx_hal_pwr_ex.c.obj
LOAD cmake/stm32cubemx/CMakeFiles/STM32_Drivers.dir/__/__/Drivers/STM32L4xx_HAL_Driver/Src/stm32l4xx_hal_cortex.c.obj
LOAD cmake/stm32cubemx/CMakeFiles/STM32_Drivers.dir/__/__/Drivers/STM32L4xx_HAL_Driver/Src/stm32l4xx_hal_exti.c.obj
LOAD cmake/stm32cubemx/CMakeFiles/STM32_Drivers.dir/__/__/Drivers/STM32L4xx_HAL_Driver/Src/stm32l4xx_hal_uart.c.obj
LOAD cmake/stm32cubemx/CMakeFiles/STM32_Drivers.dir/__/__/Drivers/STM32L4xx_HAL_Driver/Src/stm32l4xx_hal_uart_ex.c.obj
LOAD /usr/lib/gcc/arm-none-eabi/13.2.1/../../../arm-none-eabi/lib/thumb/v7e-m+fp/hard/libm.a
START GROUP
LOAD /usr/lib/gcc/arm-none-eabi/13.2.1/thumb/v7e-m+fp/hard/libgcc.a
LOAD /usr/lib/gcc/arm-none-eabi/13.2.1/../../../arm-none-eabi/lib/thumb/v7e-m+fp/hard/libg_nano.a
LOAD /usr/lib/gcc/arm-none-eabi/13.2.1/../../../arm-none-eabi/lib/thumb/v7e-m+fp/hard/libc_nano.a
END GROUP
START GROUP
LOAD /usr/lib/gcc/arm-none-eabi/13.2.1/thumb/v7e-m+fp/hard/libgcc.a
LOAD /usr/lib/gcc/arm-none-eabi/13.2.1/../../../arm-none-eabi/lib/thumb/v7e-m+fp/hard/libc_nano.a
END GROUP
LOAD /usr/lib/gcc/arm-none-eabi/13.2.1/thumb/v7e-m+fp/hard/crtend.o
LOAD /usr/lib/gcc/arm-none-eabi/13.2.1/thumb/v7e-m+fp/hard/crtn.o
                0x20018000                        _estack = (ORIGIN (RAM) + LENGTH (RAM))
                0x00000200                        _Min_Heap_Size = 0x200
                0x00000400                        _Min_Stack_Size = 0x400

.isr_vector     0x08000000      0x188
                0x08000000                        . = ALIGN (0x8)
 *(.isr_vector)
 .isr_vector    0x08000000      0x188 CMakeFiles/tof_sensors.dir/startup_stm32l476xx.s.obj
                0x08000000                g_pfnVectors
                0x08000188                        . = ALIGN (0x8)

.text           0x08000190    0x17530
                0x08000190                        . = ALIGN (0x8)
 *(.text)
 .text          0x08000190        0x0 /usr/lib/gcc/arm-none-eabi/13.2.1/thumb/v7e-m+fp/hard/crti.o
 .text          0x08000190       0x88 /usr/lib/gcc/arm-none-eabi/13.2.1/thumb/v7e-m+fp/hard/crtbegin.o
 .text          0x08000218       0x70 /usr/lib/gcc/arm-none-eabi/13.2.1/../../../arm-none-eabi/lib/thumb/v7e-m+fp/hard/crt0.o
                0x08000218                _stack_init
                0x08000220                _mainCRTStartup
                0x08000220                _start
 .text          0x08000288        0x0 CMakeFiles/tof_sensors.dir/Core/Src/main.c.obj
 .text          0x08000288        0x0 CMakeFiles/tof_sensors.dir/Core/Src/gpio.c.obj
 .text          0x08000288        0x0 CMakeFiles/tof_sensors.dir/Core/Src/i2c.c.obj
 .text          0x08000288        0x0 CMakeFiles/tof_sensors.dir/Core/Src/usart.c.obj
 .text          0x08000288        0x0 CMakeFiles/tof_sensors.dir/Core/Src/stm32l4xx_it.c.obj
 .text          0x08000288        0x0 CMakeFiles/tof_sensors.dir/Core/Src/stm32l4xx_hal_msp.c.obj
 .text          0x08000288        0x0 CMakeFiles/tof_sensors.dir/Core/Src/sysmem.c.obj
 .text          0x08000288        0x0 CMakeFiles/tof_sensors.dir/Core/Src/syscalls.c.obj
 .text          0x08000288       0x14 CMakeFiles/tof_sensors.dir/startup_stm32l476xx.s.obj
 .text          0x0800029c        0x0 CMakeFiles/tof_sensors.dir/Core/Src/platform.c.obj
 .text          0x0800029c        0x0 CMakeFiles/tof_sensors.dir/Drivers/VL53L7CX_ULD_API/src/vl53l7cx_api.c.obj
 .text          0x0800029c        0x0 CMakeFiles/tof_sensors.dir/Drivers/VL53L7CX_ULD_API/src/vl53l7cx_plugin_motion_indicator.c.obj
 .text          0x0800029c        0x0 CMakeFiles/tof_sensors.dir/Drivers/VL53L7CX_ULD_API/src/vl53l7cx_plugin_xtalk.c.obj
 .text          0x0800029c        0x0 CMakeFiles/tof_sensors.dir/Drivers/VL53L7CX_ULD_API/src/vl53l7cx_plugin_detection_thresholds.c.obj
 .text          0x0800029c        0x0 cmake/stm32cubemx/CMakeFiles/STM32_Drivers.dir/__/__/Core/Src/system_stm32l4xx.c.obj
 .text          0x0800029c        0x0 cmake/stm32cubemx/CMakeFiles/STM32_Drivers.dir/__/__/Drivers/STM32L4xx_HAL_Driver/Src/stm32l4xx_hal_i2c.c.obj
 .text          0x0800029c        0x0 cmake/stm32cubemx/CMakeFiles/STM32_Drivers.dir/__/__/Drivers/STM32L4xx_HAL_Driver/Src/stm32l4xx_hal_i2c_ex.c.obj
 .text          0x0800029c        0x0 cmake/stm32cubemx/CMakeFiles/STM32_Drivers.dir/__/__/Drivers/STM32L4xx_HAL_Driver/Src/stm32l4xx_hal.c.obj
 .text          0x0800029c        0x0 cmake/stm32cubemx/CMakeFiles/STM32_Drivers.dir/__/__/Drivers/STM32L4xx_HAL_Driver/Src/stm32l4xx_hal_rcc.c.obj
 .text          0x0800029c        0x0 cmake/stm32cubemx/CMakeFiles/STM32_Drivers.dir/__/__/Drivers/STM32L4xx_HAL_Driver/Src/stm32l4xx_hal_rcc_ex.c.obj
 .text          0x0800029c        0x0 cmake/stm32cubemx/CMakeFiles/STM32_Drivers.dir/__/__/Drivers/STM32L4xx_HAL_Driver/Src/stm32l4xx_hal_flash.c.obj
 .text          0x0800029c        0x0 cmake/stm32cubemx/CMakeFiles/STM32_Drivers.dir/__/__/Drivers/STM32L4xx_HAL_Driver/Src/stm32l4xx_hal_flash_ex.c.obj
 .text          0x0800029c        0x0 cmake/stm32cubemx/CMakeFiles/STM32_Drivers.dir/__/__/Drivers/STM32L4xx_HAL_Driver/Src/stm32l4xx_hal_flash_ramfunc.c.obj
 .text          0x0800029c        0x0 cmake/stm32cubemx/CMakeFiles/STM32_Drivers.dir/__/__/Drivers/STM32L4xx_HAL_Driver/Src/stm32l4xx_hal_gpio.c.obj
 .text          0x0800029c        0x0 cmake/stm32cubemx/CMakeFiles/STM32_Drivers.dir/__/__/Drivers/STM32L4xx_HAL_Driver/Src/stm32l4xx_hal_dma.c.obj
 .text          0x0800029c        0x0 cmake/stm32cubemx/CMakeFiles/STM32_Drivers.dir/__/__/Drivers/STM32L4xx_HAL_Driver/Src/stm32l4xx_hal_dma_ex.c.obj
 .text          0x0800029c        0x0 cmake/stm32cubemx/CMakeFiles/STM32_Drivers.dir/__/__/Drivers/STM32L4xx_HAL_Driver/Src/stm32l4xx_hal_pwr.c.obj
 .text          0x0800029c        0x0 cmake/stm32cubemx/CMakeFiles/STM32_Drivers.dir/__/__/Drivers/STM32L4xx_HAL_Driver/Src/stm32l4xx_hal_pwr_ex.c.obj
 .text          0x0800029c        0x0 cmake/stm32cubemx/CMakeFiles/STM32_Drivers.dir/__/__/Drivers/STM32L4xx_HAL_Driver/Src/stm32l4xx_hal_cortex.c.obj
 .text          0x0800029c        0x0 cmake/stm32cubemx/CMakeFiles/STM32_Drivers.dir/__/__/Drivers/STM32L4xx_HAL_Driver/Src/stm32l4xx_hal_exti.c.obj
 .text          0x0800029c        0x0 cmake/stm32cubemx/CMakeFiles/STM32_Drivers.dir/__/__/Drivers/STM32L4xx_HAL_Driver/Src/stm32l4xx_hal_uart.c.obj
 .text          0x0800029c        0x0 cmake/stm32cubemx/CMakeFiles/STM32_Drivers.dir/__/__/Drivers/STM32L4xx_HAL_Driver/Src/stm32l4xx_hal_uart_ex.c.obj
 .text          0x0800029c       0x44 /usr/lib/gcc/arm-none-eabi/13.2.1/../../../arm-none-eabi/lib/thumb/v7e-m+fp/hard/libm.a(libm_a-wf_sqrt.o)
                0x0800029c                sqrtf
 .text          0x080002e0        0x8 /usr/lib/gcc/arm-none-eabi/13.2.1/../../../arm-none-eabi/lib/thumb/v7e-m+fp/hard/libm.a(libm_a-ef_sqrt.o)
                0x080002e0                __ieee754_sqrtf
 .text          0x080002e8       0x30 /usr/lib/gcc/arm-none-eabi/13.2.1/thumb/v7e-m+fp/hard/libgcc.a(_aeabi_uldivmod.o)
                0x080002e8                __aeabi_uldivmod
 .text          0x08000318      0x2bc /usr/lib/gcc/arm-none-eabi/13.2.1/thumb/v7e-m+fp/hard/libgcc.a(_udivmoddi4.o)
                0x08000318                __udivmoddi4
 .text          0x080005d4        0x4 /usr/lib/gcc/arm-none-eabi/13.2.1/thumb/v7e-m+fp/hard/libgcc.a(_dvmd_tls.o)
                0x080005d4                __aeabi_ldiv0
                0x080005d4                __aeabi_idiv0
 .text          0x080005d8       0x50 /usr/lib/gcc/arm-none-eabi/13.2.1/../../../arm-none-eabi/lib/thumb/v7e-m+fp/hard/libg_nano.a(libc_a-init.o)
                0x080005d8                __libc_init_array
 .text          0x08000628       0xa0 /usr/lib/gcc/arm-none-eabi/13.2.1/../../../arm-none-eabi/lib/thumb/v7e-m+fp/hard/libg_nano.a(libc_a-puts.o)
                0x08000628                _puts_r
                0x080006b8                puts
 .text          0x080006c8      0x224 /usr/lib/gcc/arm-none-eabi/13.2.1/../../../arm-none-eabi/lib/thumb/v7e-m+fp/hard/libg_nano.a(libc_a-findfp.o)
                0x080007f8                __sfp
                0x0800089c                __sinit
                0x080008bc                __sfp_lock_acquire
                0x080008c0                __sfp_lock_release
                0x080008c4                __fp_lock_all
                0x080008d8                __fp_unlock_all
 .text          0x080008ec       0xa4 /usr/lib/gcc/arm-none-eabi/13.2.1/../../../arm-none-eabi/lib/thumb/v7e-m+fp/hard/libg_nano.a(libc_a-memset.o)
                0x080008ec                memset
 .text          0x08000990      0x1a8 /usr/lib/gcc/arm-none-eabi/13.2.1/../../../arm-none-eabi/lib/thumb/v7e-m+fp/hard/libg_nano.a(libc_a-fflush.o)
                0x08000990                __sflush_r
                0x08000ab4                _fflush_r
                0x08000aec                fflush
 .text          0x08000b38        0xc /usr/lib/gcc/arm-none-eabi/13.2.1/../../../arm-none-eabi/lib/thumb/v7e-m+fp/hard/libg_nano.a(libc_a-errno.o)
                0x08000b38                __errno
 .text          0x08000b44      0x148 /usr/lib/gcc/arm-none-eabi/13.2.1/../../../arm-none-eabi/lib/thumb/v7e-m+fp/hard/libg_nano.a(libc_a-mallocr.o)
                0x08000b8c                _malloc_r
 .text          0x08000c8c       0xbc /usr/lib/gcc/arm-none-eabi/13.2.1/../../../arm-none-eabi/lib/thumb/v7e-m+fp/hard/libg_nano.a(libc_a-freer.o)
                0x08000c8c                _free_r
 .text          0x08000d48       0x44 /usr/lib/gcc/arm-none-eabi/13.2.1/../../../arm-none-eabi/lib/thumb/v7e-m+fp/hard/libg_nano.a(libc_a-fwalk.o)
                0x08000d48                _fwalk_sglue
 .text          0x08000d8c       0xc4 /usr/lib/gcc/arm-none-eabi/13.2.1/../../../arm-none-eabi/lib/thumb/v7e-m+fp/hard/libg_nano.a(libc_a-wsetup.o)
                0x08000d8c                __swsetup_r
 .text          0x08000e50      0x134 /usr/lib/gcc/arm-none-eabi/13.2.1/../../../arm-none-eabi/lib/thumb/v7e-m+fp/hard/libg_nano.a(libc_a-memcpy.o)
                0x08000e50                memcpy
 .text          0x08000f84       0x20 /usr/lib/gcc/arm-none-eabi/13.2.1/../../../arm-none-eabi/lib/thumb/v7e-m+fp/hard/libg_nano.a(libc_a-malloc.o)
                0x08000f84                malloc
                0x08000f94                free
 .text          0x08000fa4        0x8 /usr/lib/gcc/arm-none-eabi/13.2.1/../../../arm-none-eabi/lib/thumb/v7e-m+fp/hard/libg_nano.a(libc_a-mlock.o)
                0x08000fa4                __malloc_lock
                0x08000fa8                __malloc_unlock
 .text          0x08000fac      0x114 /usr/lib/gcc/arm-none-eabi/13.2.1/../../../arm-none-eabi/lib/thumb/v7e-m+fp/hard/libg_nano.a(libc_a-makebuf.o)
                0x08000fac                __smakebuf_r
                0x08001070                __swhatbuf_r
 .text          0x080010c0       0x24 /usr/lib/gcc/arm-none-eabi/13.2.1/../../../arm-none-eabi/lib/thumb/v7e-m+fp/hard/libg_nano.a(libc_a-exit.o)
                0x080010c0                exit
 .text          0x080010e4        0xc /usr/lib/gcc/arm-none-eabi/13.2.1/../../../arm-none-eabi/lib/thumb/v7e-m+fp/hard/libg_nano.a(libc_a-atexit.o)
                0x080010e4                atexit
 .text          0x080010f0       0x48 /usr/lib/gcc/arm-none-eabi/13.2.1/../../../arm-none-eabi/lib/thumb/v7e-m+fp/hard/libg_nano.a(libc_a-printf.o)
                0x080010f0                _printf_r
                0x080010f0                _iprintf_r
                0x08001110                printf
                0x08001110                iprintf
 .text          0x08001138       0x24 /usr/lib/gcc/arm-none-eabi/13.2.1/../../../arm-none-eabi/lib/thumb/v7e-m+fp/hard/libg_nano.a(libc_a-isattyr.o)
                0x08001138                _isatty_r
 .text          0x0800115c      0x314 /usr/lib/gcc/arm-none-eabi/13.2.1/../../../arm-none-eabi/lib/thumb/v7e-m+fp/hard/libg_nano.a(libc_a-nano-vfprintf.o)
                0x08001198                __sfputs_r
                0x080011c8                __sprint_r
                0x080011e8                _vfiprintf_r
                0x080011e8                _vfprintf_r
                0x08001454                vfiprintf
                0x08001454                vfprintf
 .text          0x08001470       0x28 /usr/lib/gcc/arm-none-eabi/13.2.1/../../../arm-none-eabi/lib/thumb/v7e-m+fp/hard/libg_nano.a(libc_a-fini.o)
                0x08001470                __libc_fini_array
 .text          0x08001498       0xa0 /usr/lib/gcc/arm-none-eabi/13.2.1/../../../arm-none-eabi/lib/thumb/v7e-m+fp/hard/libg_nano.a(libc_a-wbuf.o)
                0x08001498                __swbuf_r
                0x08001520                __swbuf
 .text          0x08001538       0x24 /usr/lib/gcc/arm-none-eabi/13.2.1/../../../arm-none-eabi/lib/thumb/v7e-m+fp/hard/libg_nano.a(libc_a-sbrkr.o)
                0x08001538                _sbrk_r
 .text          0x0800155c       0x94 /usr/lib/gcc/arm-none-eabi/13.2.1/../../../arm-none-eabi/lib/thumb/v7e-m+fp/hard/libg_nano.a(libc_a-stdio.o)
                0x0800155c                __sread
                0x08001580                __seofread
                0x08001584                __swrite
                0x080015c4                __sseek
                0x080015e8                __sclose
 .text          0x080015f0        0x0 /usr/lib/gcc/arm-none-eabi/13.2.1/../../../arm-none-eabi/lib/thumb/v7e-m+fp/hard/libg_nano.a(libc_a-impure.o)
 .text          0x080015f0      0x300 /usr/lib/gcc/arm-none-eabi/13.2.1/../../../arm-none-eabi/lib/thumb/v7e-m+fp/hard/libg_nano.a(libc_a-fvwrite.o)
                0x080015f0                __sfvwrite_r
 .text          0x080018f0       0x24 /usr/lib/gcc/arm-none-eabi/13.2.1/../../../arm-none-eabi/lib/thumb/v7e-m+fp/hard/libg_nano.a(libc_a-closer.o)
                0x080018f0                _close_r
 .text          0x08001914      0x100 /usr/lib/gcc/arm-none-eabi/13.2.1/../../../arm-none-eabi/lib/thumb/v7e-m+fp/hard/libg_nano.a(libc_a-memmove.o)
                0x08001914                memmove
 *fill*         0x08001a14        0xc 
 .text          0x08001a20       0xa0 /usr/lib/gcc/arm-none-eabi/13.2.1/../../../arm-none-eabi/lib/thumb/v7e-m+fp/hard/libg_nano.a(libc_a-memchr.o)
                0x08001a20                memchr
 .text          0x08001ac0       0x2c /usr/lib/gcc/arm-none-eabi/13.2.1/../../../arm-none-eabi/lib/thumb/v7e-m+fp/hard/libg_nano.a(libc_a-readr.o)
                0x08001ac0                _read_r
 .text          0x08001aec       0xac /usr/lib/gcc/arm-none-eabi/13.2.1/../../../arm-none-eabi/lib/thumb/v7e-m+fp/hard/libg_nano.a(libc_a-__atexit.o)
                0x08001aec                __register_exitproc
 .text          0x08001b98       0xd4 /usr/lib/gcc/arm-none-eabi/13.2.1/../../../arm-none-eabi/lib/thumb/v7e-m+fp/hard/libg_nano.a(libc_a-reent.o)
                0x08001b98                _reclaim_reent
 .text          0x08001c6c       0x64 /usr/lib/gcc/arm-none-eabi/13.2.1/../../../arm-none-eabi/lib/thumb/v7e-m+fp/hard/libg_nano.a(libc_a-reallocr.o)
                0x08001c6c                _realloc_r
 .text          0x08001cd0      0x3a8 /usr/lib/gcc/arm-none-eabi/13.2.1/../../../arm-none-eabi/lib/thumb/v7e-m+fp/hard/libg_nano.a(libc_a-nano-vfprintf_i.o)
                0x08001cd0                _printf_common
                0x08001df4                _printf_i
 .text          0x08002078       0x2c /usr/lib/gcc/arm-none-eabi/13.2.1/../../../arm-none-eabi/lib/thumb/v7e-m+fp/hard/libg_nano.a(libc_a-fstatr.o)
                0x08002078                _fstat_r
 .text          0x080020a4       0x2c /usr/lib/gcc/arm-none-eabi/13.2.1/../../../arm-none-eabi/lib/thumb/v7e-m+fp/hard/libg_nano.a(libc_a-lseekr.o)
                0x080020a4                _lseek_r
 .text          0x080020d0       0x2c /usr/lib/gcc/arm-none-eabi/13.2.1/../../../arm-none-eabi/lib/thumb/v7e-m+fp/hard/libg_nano.a(libc_a-writer.o)
                0x080020d0                _write_r
 .text          0x080020fc       0x10 /usr/lib/gcc/arm-none-eabi/13.2.1/../../../arm-none-eabi/lib/thumb/v7e-m+fp/hard/libg_nano.a(libc_a-msizer.o)
                0x080020fc                _malloc_usable_size_r
 .text          0x0800210c       0xc4 /usr/lib/gcc/arm-none-eabi/13.2.1/../../../arm-none-eabi/lib/thumb/v7e-m+fp/hard/libg_nano.a(libc_a-__call_atexit.o)
                0x0800210c                __call_exitprocs
 .text          0x080021d0        0x0 /usr/lib/gcc/arm-none-eabi/13.2.1/thumb/v7e-m+fp/hard/crtend.o
 .text          0x080021d0        0x0 /usr/lib/gcc/arm-none-eabi/13.2.1/thumb/v7e-m+fp/hard/crtn.o
 *(.text*)
 .text._printf_float_support
                0x080021d0        0x2 CMakeFiles/tof_sensors.dir/Core/Src/main.c.obj
                0x080021d0                _printf_float_support
 *fill*         0x080021d2        0x2 
 .text.I2C_Scan
                0x080021d4       0x84 CMakeFiles/tof_sensors.dir/Core/Src/main.c.obj
                0x080021d4                I2C_Scan
 .text.I2C_Recover
                0x08002258      0x19c CMakeFiles/tof_sensors.dir/Core/Src/main.c.obj
                0x08002258                I2C_Recover
 .text.main     0x080023f4      0x540 CMakeFiles/tof_sensors.dir/Core/Src/main.c.obj
                0x080023f4                main
 .text.SystemClock_Config
                0x08002934       0xa2 CMakeFiles/tof_sensors.dir/Core/Src/main.c.obj
                0x08002934                SystemClock_Config
 *fill*         0x080029d6        0x2 
 .text.__io_putchar
                0x080029d8       0x24 CMakeFiles/tof_sensors.dir/Core/Src/main.c.obj
                0x080029d8                __io_putchar
 .text.Error_Handler
                0x080029fc        0xc CMakeFiles/tof_sensors.dir/Core/Src/main.c.obj
                0x080029fc                Error_Handler
 .text.MX_GPIO_Init
                0x08002a08      0x160 CMakeFiles/tof_sensors.dir/Core/Src/gpio.c.obj
                0x08002a08                MX_GPIO_Init
 .text.MX_I2C1_Init
                0x08002b68       0x80 CMakeFiles/tof_sensors.dir/Core/Src/i2c.c.obj
                0x08002b68                MX_I2C1_Init
 .text.MX_I2C2_Init
                0x08002be8       0x80 CMakeFiles/tof_sensors.dir/Core/Src/i2c.c.obj
                0x08002be8                MX_I2C2_Init
 .text.HAL_I2C_MspInit
                0x08002c68      0x160 CMakeFiles/tof_sensors.dir/Core/Src/i2c.c.obj
                0x08002c68                HAL_I2C_MspInit
 .text.HAL_I2C_MspDeInit
                0x08002dc8       0x78 CMakeFiles/tof_sensors.dir/Core/Src/i2c.c.obj
                0x08002dc8                HAL_I2C_MspDeInit
 .text.MX_USART2_UART_Init
                0x08002e40       0x60 CMakeFiles/tof_sensors.dir/Core/Src/usart.c.obj
                0x08002e40                MX_USART2_UART_Init
 .text.MX_USART3_UART_Init
                0x08002ea0       0x60 CMakeFiles/tof_sensors.dir/Core/Src/usart.c.obj
                0x08002ea0                MX_USART3_UART_Init
 .text.HAL_UART_MspInit
                0x08002f00      0x170 CMakeFiles/tof_sensors.dir/Core/Src/usart.c.obj
                0x08002f00                HAL_UART_MspInit
 .text.HAL_UART_MspDeInit
                0x08003070       0x64 CMakeFiles/tof_sensors.dir/Core/Src/usart.c.obj
                0x08003070                HAL_UART_MspDeInit
 .text.NMI_Handler
                0x080030d4        0x8 CMakeFiles/tof_sensors.dir/Core/Src/stm32l4xx_it.c.obj
                0x080030d4                NMI_Handler
 .text.HardFault_Handler
                0x080030dc        0x8 CMakeFiles/tof_sensors.dir/Core/Src/stm32l4xx_it.c.obj
                0x080030dc                HardFault_Handler
 .text.MemManage_Handler
                0x080030e4        0x8 CMakeFiles/tof_sensors.dir/Core/Src/stm32l4xx_it.c.obj
                0x080030e4                MemManage_Handler
 .text.BusFault_Handler
                0x080030ec        0x8 CMakeFiles/tof_sensors.dir/Core/Src/stm32l4xx_it.c.obj
                0x080030ec                BusFault_Handler
 .text.UsageFault_Handler
                0x080030f4        0x8 CMakeFiles/tof_sensors.dir/Core/Src/stm32l4xx_it.c.obj
                0x080030f4                UsageFault_Handler
 .text.SVC_Handler
                0x080030fc        0xe CMakeFiles/tof_sensors.dir/Core/Src/stm32l4xx_it.c.obj
                0x080030fc                SVC_Handler
 .text.DebugMon_Handler
                0x0800310a        0xe CMakeFiles/tof_sensors.dir/Core/Src/stm32l4xx_it.c.obj
                0x0800310a                DebugMon_Handler
 .text.PendSV_Handler
                0x08003118        0xe CMakeFiles/tof_sensors.dir/Core/Src/stm32l4xx_it.c.obj
                0x08003118                PendSV_Handler
 .text.SysTick_Handler
                0x08003126        0xc CMakeFiles/tof_sensors.dir/Core/Src/stm32l4xx_it.c.obj
                0x08003126                SysTick_Handler
 .text.EXTI0_IRQHandler
                0x08003132        0xe CMakeFiles/tof_sensors.dir/Core/Src/stm32l4xx_it.c.obj
                0x08003132                EXTI0_IRQHandler
 .text.EXTI9_5_IRQHandler
                0x08003140       0x10 CMakeFiles/tof_sensors.dir/Core/Src/stm32l4xx_it.c.obj
                0x08003140                EXTI9_5_IRQHandler
 .text.EXTI15_10_IRQHandler
                0x08003150       0x10 CMakeFiles/tof_sensors.dir/Core/Src/stm32l4xx_it.c.obj
                0x08003150                EXTI15_10_IRQHandler
 .text.HAL_MspInit
                0x08003160       0x48 CMakeFiles/tof_sensors.dir/Core/Src/stm32l4xx_hal_msp.c.obj
                0x08003160                HAL_MspInit
 .text._sbrk    0x080031a8       0x6c CMakeFiles/tof_sensors.dir/Core/Src/sysmem.c.obj
                0x080031a8                _sbrk
 .text.initialise_monitor_handles
                0x08003214        0xe CMakeFiles/tof_sensors.dir/Core/Src/syscalls.c.obj
                0x08003214                initialise_monitor_handles
 .text._getpid  0x08003222       0x10 CMakeFiles/tof_sensors.dir/Core/Src/syscalls.c.obj
                0x08003222                _getpid
 .text._kill    0x08003232       0x20 CMakeFiles/tof_sensors.dir/Core/Src/syscalls.c.obj
                0x08003232                _kill
 .text._exit    0x08003252       0x16 CMakeFiles/tof_sensors.dir/Core/Src/syscalls.c.obj
                0x08003252                _exit
 .text._read    0x08003268       0x3a CMakeFiles/tof_sensors.dir/Core/Src/syscalls.c.obj
                0x08003268                _read
 .text._write   0x080032a2       0x38 CMakeFiles/tof_sensors.dir/Core/Src/syscalls.c.obj
                0x080032a2                _write
 .text._close   0x080032da       0x18 CMakeFiles/tof_sensors.dir/Core/Src/syscalls.c.obj
                0x080032da                _close
 .text._fstat   0x080032f2       0x20 CMakeFiles/tof_sensors.dir/Core/Src/syscalls.c.obj
                0x080032f2                _fstat
 .text._isatty  0x08003312       0x16 CMakeFiles/tof_sensors.dir/Core/Src/syscalls.c.obj
                0x08003312                _isatty
 .text._lseek   0x08003328       0x1a CMakeFiles/tof_sensors.dir/Core/Src/syscalls.c.obj
                0x08003328                _lseek
 .text._open    0x08003342       0x1c CMakeFiles/tof_sensors.dir/Core/Src/syscalls.c.obj
                0x08003342                _open
 .text._wait    0x0800335e       0x1e CMakeFiles/tof_sensors.dir/Core/Src/syscalls.c.obj
                0x0800335e                _wait
 .text._unlink  0x0800337c       0x1e CMakeFiles/tof_sensors.dir/Core/Src/syscalls.c.obj
                0x0800337c                _unlink
 .text._times   0x0800339a       0x18 CMakeFiles/tof_sensors.dir/Core/Src/syscalls.c.obj
                0x0800339a                _times
 .text._stat    0x080033b2       0x20 CMakeFiles/tof_sensors.dir/Core/Src/syscalls.c.obj
                0x080033b2                _stat
 .text._link    0x080033d2       0x20 CMakeFiles/tof_sensors.dir/Core/Src/syscalls.c.obj
                0x080033d2                _link
 .text._fork    0x080033f2       0x16 CMakeFiles/tof_sensors.dir/Core/Src/syscalls.c.obj
                0x080033f2                _fork
 .text._execve  0x08003408       0x22 CMakeFiles/tof_sensors.dir/Core/Src/syscalls.c.obj
                0x08003408                _execve
 *fill*         0x0800342a        0x2 
 .text.Reset_Handler
                0x0800342c       0x50 CMakeFiles/tof_sensors.dir/startup_stm32l476xx.s.obj
                0x0800342c                Reset_Handler
 .text.Default_Handler
                0x0800347c        0x2 CMakeFiles/tof_sensors.dir/startup_stm32l476xx.s.obj
                0x0800347c                RTC_Alarm_IRQHandler
                0x0800347c                EXTI2_IRQHandler
                0x0800347c                TIM8_TRG_COM_IRQHandler
                0x0800347c                TIM8_CC_IRQHandler
                0x0800347c                TIM1_CC_IRQHandler
                0x0800347c                TSC_IRQHandler
                0x0800347c                TAMP_STAMP_IRQHandler
                0x0800347c                EXTI3_IRQHandler
                0x0800347c                LPTIM2_IRQHandler
                0x0800347c                DFSDM1_FLT1_IRQHandler
                0x0800347c                I2C3_ER_IRQHandler
                0x0800347c                DFSDM1_FLT2_IRQHandler
                0x0800347c                I2C2_EV_IRQHandler
                0x0800347c                CAN1_RX0_IRQHandler
                0x0800347c                FPU_IRQHandler
                0x0800347c                TIM1_UP_TIM16_IRQHandler
                0x0800347c                ADC1_2_IRQHandler
                0x0800347c                SPI1_IRQHandler
                0x0800347c                TIM6_DAC_IRQHandler
                0x0800347c                TIM8_UP_IRQHandler
                0x0800347c                DMA2_Channel2_IRQHandler
                0x0800347c                DMA1_Channel4_IRQHandler
                0x0800347c                SAI2_IRQHandler
                0x0800347c                DFSDM1_FLT3_IRQHandler
                0x0800347c                USART3_IRQHandler
                0x0800347c                DMA1_Channel7_IRQHandler
                0x0800347c                CAN1_RX1_IRQHandler
                0x0800347c                LCD_IRQHandler
                0x0800347c                UART5_IRQHandler
                0x0800347c                ADC3_IRQHandler
                0x0800347c                TIM4_IRQHandler
                0x0800347c                DMA2_Channel1_IRQHandler
                0x0800347c                QUADSPI_IRQHandler
                0x0800347c                I2C1_EV_IRQHandler
                0x0800347c                DMA1_Channel6_IRQHandler
                0x0800347c                UART4_IRQHandler
                0x0800347c                DMA2_Channel4_IRQHandler
                0x0800347c                TIM3_IRQHandler
                0x0800347c                RCC_IRQHandler
                0x0800347c                DMA1_Channel1_IRQHandler
                0x0800347c                Default_Handler
                0x0800347c                DMA2_Channel7_IRQHandler
                0x0800347c                TIM7_IRQHandler
                0x0800347c                SDMMC1_IRQHandler
                0x0800347c                TIM5_IRQHandler
                0x0800347c                I2C3_EV_IRQHandler
                0x0800347c                RTC_WKUP_IRQHandler
                0x0800347c                PVD_PVM_IRQHandler
                0x0800347c                SPI2_IRQHandler
                0x0800347c                CAN1_TX_IRQHandler
                0x0800347c                DMA2_Channel5_IRQHandler
                0x0800347c                DMA1_Channel5_IRQHandler
                0x0800347c                EXTI4_IRQHandler
                0x0800347c                RNG_IRQHandler
                0x0800347c                TIM1_TRG_COM_TIM17_IRQHandler
                0x0800347c                DMA1_Channel3_IRQHandler
                0x0800347c                COMP_IRQHandler
                0x0800347c                WWDG_IRQHandler
                0x0800347c                LPUART1_IRQHandler
                0x0800347c                DMA2_Channel6_IRQHandler
                0x0800347c                TIM2_IRQHandler
                0x0800347c                EXTI1_IRQHandler
                0x0800347c                USART2_IRQHandler
                0x0800347c                DFSDM1_FLT0_IRQHandler
                0x0800347c                I2C2_ER_IRQHandler
                0x0800347c                DMA1_Channel2_IRQHandler
                0x0800347c                TIM8_BRK_IRQHandler
                0x0800347c                CAN1_SCE_IRQHandler
                0x0800347c                FLASH_IRQHandler
                0x0800347c                USART1_IRQHandler
                0x0800347c                OTG_FS_IRQHandler
                0x0800347c                SPI3_IRQHandler
                0x0800347c                I2C1_ER_IRQHandler
                0x0800347c                FMC_IRQHandler
                0x0800347c                SWPMI1_IRQHandler
                0x0800347c                LPTIM1_IRQHandler
                0x0800347c                SAI1_IRQHandler
                0x0800347c                DMA2_Channel3_IRQHandler
                0x0800347c                TIM1_BRK_TIM15_IRQHandler
 .text.VL53L7CX_RdByte
                0x0800347e       0x24 CMakeFiles/tof_sensors.dir/Core/Src/platform.c.obj
                0x0800347e                VL53L7CX_RdByte
 .text.VL53L7CX_WrByte
                0x080034a2       0x26 CMakeFiles/tof_sensors.dir/Core/Src/platform.c.obj
                0x080034a2                VL53L7CX_WrByte
 .text.VL53L7CX_WrMulti
                0x080034c8       0x98 CMakeFiles/tof_sensors.dir/Core/Src/platform.c.obj
                0x080034c8                VL53L7CX_WrMulti
 .text.VL53L7CX_RdMulti
                0x08003560       0x88 CMakeFiles/tof_sensors.dir/Core/Src/platform.c.obj
                0x08003560                VL53L7CX_RdMulti
 .text.VL53L7CX_Reset_Sensor
                0x080035e8       0x42 CMakeFiles/tof_sensors.dir/Core/Src/platform.c.obj
                0x080035e8                VL53L7CX_Reset_Sensor
 .text.VL53L7CX_SwapBuffer
                0x0800362a       0x6c CMakeFiles/tof_sensors.dir/Core/Src/platform.c.obj
                0x0800362a                VL53L7CX_SwapBuffer
 .text.VL53L7CX_WaitMs
                0x08003696       0x1a CMakeFiles/tof_sensors.dir/Core/Src/platform.c.obj
                0x08003696                VL53L7CX_WaitMs
 .text._vl53l7cx_poll_for_answer
                0x080036b0       0xa0 CMakeFiles/tof_sensors.dir/Drivers/VL53L7CX_ULD_API/src/vl53l7cx_api.c.obj
 .text._vl53l7cx_poll_for_mcu_boot
                0x08003750       0x82 CMakeFiles/tof_sensors.dir/Drivers/VL53L7CX_ULD_API/src/vl53l7cx_api.c.obj
 *fill*         0x080037d2        0x2 
 .text._vl53l7cx_send_offset_data
                0x080037d4      0x398 CMakeFiles/tof_sensors.dir/Drivers/VL53L7CX_ULD_API/src/vl53l7cx_api.c.obj
 .text._vl53l7cx_send_xtalk_data
                0x08003b6c      0x298 CMakeFiles/tof_sensors.dir/Drivers/VL53L7CX_ULD_API/src/vl53l7cx_api.c.obj
 .text.vl53l7cx_is_alive
                0x08003e04       0x92 CMakeFiles/tof_sensors.dir/Drivers/VL53L7CX_ULD_API/src/vl53l7cx_api.c.obj
                0x08003e04                vl53l7cx_is_alive
 *fill*         0x08003e96        0x2 
 .text.vl53l7cx_init
                0x08003e98      0x8d8 CMakeFiles/tof_sensors.dir/Drivers/VL53L7CX_ULD_API/src/vl53l7cx_api.c.obj
                0x08003e98                vl53l7cx_init
 .text.vl53l7cx_set_i2c_address
                0x08004770       0x6c CMakeFiles/tof_sensors.dir/Drivers/VL53L7CX_ULD_API/src/vl53l7cx_api.c.obj
                0x08004770                vl53l7cx_set_i2c_address
 .text.vl53l7cx_get_power_mode
                0x080047dc       0x86 CMakeFiles/tof_sensors.dir/Drivers/VL53L7CX_ULD_API/src/vl53l7cx_api.c.obj
                0x080047dc                vl53l7cx_get_power_mode
 .text.vl53l7cx_set_power_mode
                0x08004862       0xfc CMakeFiles/tof_sensors.dir/Drivers/VL53L7CX_ULD_API/src/vl53l7cx_api.c.obj
                0x08004862                vl53l7cx_set_power_mode
 *fill*         0x0800495e        0x2 
 .text.vl53l7cx_start_ranging
                0x08004960      0x2f4 CMakeFiles/tof_sensors.dir/Drivers/VL53L7CX_ULD_API/src/vl53l7cx_api.c.obj
                0x08004960                vl53l7cx_start_ranging
 .text.vl53l7cx_stop_ranging
                0x08004c54      0x1a0 CMakeFiles/tof_sensors.dir/Drivers/VL53L7CX_ULD_API/src/vl53l7cx_api.c.obj
                0x08004c54                vl53l7cx_stop_ranging
 .text.vl53l7cx_check_data_ready
                0x08004df4       0xa0 CMakeFiles/tof_sensors.dir/Drivers/VL53L7CX_ULD_API/src/vl53l7cx_api.c.obj
                0x08004df4                vl53l7cx_check_data_ready
 .text.vl53l7cx_get_ranging_data
                0x08004e94      0x434 CMakeFiles/tof_sensors.dir/Drivers/VL53L7CX_ULD_API/src/vl53l7cx_api.c.obj
                0x08004e94                vl53l7cx_get_ranging_data
 .text.vl53l7cx_get_resolution
                0x080052c8       0x4a CMakeFiles/tof_sensors.dir/Drivers/VL53L7CX_ULD_API/src/vl53l7cx_api.c.obj
                0x080052c8                vl53l7cx_get_resolution
 .text.vl53l7cx_set_resolution
                0x08005312      0x1a8 CMakeFiles/tof_sensors.dir/Drivers/VL53L7CX_ULD_API/src/vl53l7cx_api.c.obj
                0x08005312                vl53l7cx_set_resolution
 .text.vl53l7cx_get_ranging_frequency_hz
                0x080054ba       0x3e CMakeFiles/tof_sensors.dir/Drivers/VL53L7CX_ULD_API/src/vl53l7cx_api.c.obj
                0x080054ba                vl53l7cx_get_ranging_frequency_hz
 .text.vl53l7cx_set_ranging_frequency_hz
                0x080054f8       0x42 CMakeFiles/tof_sensors.dir/Drivers/VL53L7CX_ULD_API/src/vl53l7cx_api.c.obj
                0x080054f8                vl53l7cx_set_ranging_frequency_hz
 *fill*         0x0800553a        0x2 
 .text.vl53l7cx_get_integration_time_ms
                0x0800553c       0x58 CMakeFiles/tof_sensors.dir/Drivers/VL53L7CX_ULD_API/src/vl53l7cx_api.c.obj
                0x0800553c                vl53l7cx_get_integration_time_ms
 .text.vl53l7cx_set_integration_time_ms
                0x08005594       0x6a CMakeFiles/tof_sensors.dir/Drivers/VL53L7CX_ULD_API/src/vl53l7cx_api.c.obj
                0x08005594                vl53l7cx_set_integration_time_ms
 *fill*         0x080055fe        0x2 
 .text.vl53l7cx_get_sharpener_percent
                0x08005600       0x5c CMakeFiles/tof_sensors.dir/Drivers/VL53L7CX_ULD_API/src/vl53l7cx_api.c.obj
                0x08005600                vl53l7cx_get_sharpener_percent
 .text.vl53l7cx_set_sharpener_percent
                0x0800565c       0x70 CMakeFiles/tof_sensors.dir/Drivers/VL53L7CX_ULD_API/src/vl53l7cx_api.c.obj
                0x0800565c                vl53l7cx_set_sharpener_percent
 .text.vl53l7cx_get_target_order
                0x080056cc       0x3e CMakeFiles/tof_sensors.dir/Drivers/VL53L7CX_ULD_API/src/vl53l7cx_api.c.obj
                0x080056cc                vl53l7cx_get_target_order
 .text.vl53l7cx_set_target_order
                0x0800570a       0x58 CMakeFiles/tof_sensors.dir/Drivers/VL53L7CX_ULD_API/src/vl53l7cx_api.c.obj
                0x0800570a                vl53l7cx_set_target_order
 .text.vl53l7cx_get_ranging_mode
                0x08005762       0x4c CMakeFiles/tof_sensors.dir/Drivers/VL53L7CX_ULD_API/src/vl53l7cx_api.c.obj
                0x08005762                vl53l7cx_get_ranging_mode
 .text.vl53l7cx_set_ranging_mode
                0x080057ae       0xae CMakeFiles/tof_sensors.dir/Drivers/VL53L7CX_ULD_API/src/vl53l7cx_api.c.obj
                0x080057ae                vl53l7cx_set_ranging_mode
 .text.vl53l7cx_enable_internal_cp
                0x0800585c       0x72 CMakeFiles/tof_sensors.dir/Drivers/VL53L7CX_ULD_API/src/vl53l7cx_api.c.obj
                0x0800585c                vl53l7cx_enable_internal_cp
 .text.vl53l7cx_disable_internal_cp
                0x080058ce       0x72 CMakeFiles/tof_sensors.dir/Drivers/VL53L7CX_ULD_API/src/vl53l7cx_api.c.obj
                0x080058ce                vl53l7cx_disable_internal_cp
 .text.vl53l7cx_get_VHV_repeat_count
                0x08005940       0x5c CMakeFiles/tof_sensors.dir/Drivers/VL53L7CX_ULD_API/src/vl53l7cx_api.c.obj
                0x08005940                vl53l7cx_get_VHV_repeat_count
 .text.vl53l7cx_set_VHV_repeat_count
                0x0800599c       0x40 CMakeFiles/tof_sensors.dir/Drivers/VL53L7CX_ULD_API/src/vl53l7cx_api.c.obj
                0x0800599c                vl53l7cx_set_VHV_repeat_count
 .text.vl53l7cx_dci_read_data
                0x080059dc      0x114 CMakeFiles/tof_sensors.dir/Drivers/VL53L7CX_ULD_API/src/vl53l7cx_api.c.obj
                0x080059dc                vl53l7cx_dci_read_data
 .text.vl53l7cx_dci_write_data
                0x08005af0      0x13c CMakeFiles/tof_sensors.dir/Drivers/VL53L7CX_ULD_API/src/vl53l7cx_api.c.obj
                0x08005af0                vl53l7cx_dci_write_data
 .text.vl53l7cx_dci_replace_data
                0x08005c2c       0x58 CMakeFiles/tof_sensors.dir/Drivers/VL53L7CX_ULD_API/src/vl53l7cx_api.c.obj
                0x08005c2c                vl53l7cx_dci_replace_data
 .text.vl53l7cx_motion_indicator_init
                0x08005c84       0xa0 CMakeFiles/tof_sensors.dir/Drivers/VL53L7CX_ULD_API/src/vl53l7cx_plugin_motion_indicator.c.obj
                0x08005c84                vl53l7cx_motion_indicator_init
 .text.vl53l7cx_motion_indicator_set_distance_motion
                0x08005d24       0xfc CMakeFiles/tof_sensors.dir/Drivers/VL53L7CX_ULD_API/src/vl53l7cx_plugin_motion_indicator.c.obj
                0x08005d24                vl53l7cx_motion_indicator_set_distance_motion
 .text.vl53l7cx_motion_indicator_set_resolution
                0x08005e20       0xd6 CMakeFiles/tof_sensors.dir/Drivers/VL53L7CX_ULD_API/src/vl53l7cx_plugin_motion_indicator.c.obj
                0x08005e20                vl53l7cx_motion_indicator_set_resolution
 .text._vl53l7cx_poll_for_answer
                0x08005ef6       0x7c CMakeFiles/tof_sensors.dir/Drivers/VL53L7CX_ULD_API/src/vl53l7cx_plugin_xtalk.c.obj
 *fill*         0x08005f72        0x2 
 .text._vl53l7cx_program_output_config
                0x08005f74      0x1cc CMakeFiles/tof_sensors.dir/Drivers/VL53L7CX_ULD_API/src/vl53l7cx_plugin_xtalk.c.obj
 .text.vl53l7cx_calibrate_xtalk
                0x08006140      0x4cc CMakeFiles/tof_sensors.dir/Drivers/VL53L7CX_ULD_API/src/vl53l7cx_plugin_xtalk.c.obj
                0x08006140                vl53l7cx_calibrate_xtalk
 .text.vl53l7cx_get_caldata_xtalk
                0x0800660c       0xf4 CMakeFiles/tof_sensors.dir/Drivers/VL53L7CX_ULD_API/src/vl53l7cx_plugin_xtalk.c.obj
                0x0800660c                vl53l7cx_get_caldata_xtalk
 .text.vl53l7cx_set_caldata_xtalk
                0x08006700       0x54 CMakeFiles/tof_sensors.dir/Drivers/VL53L7CX_ULD_API/src/vl53l7cx_plugin_xtalk.c.obj
                0x08006700                vl53l7cx_set_caldata_xtalk
 .text.vl53l7cx_get_xtalk_margin
                0x08006754       0x4c CMakeFiles/tof_sensors.dir/Drivers/VL53L7CX_ULD_API/src/vl53l7cx_plugin_xtalk.c.obj
                0x08006754                vl53l7cx_get_xtalk_margin
 .text.vl53l7cx_set_xtalk_margin
                0x080067a0       0x60 CMakeFiles/tof_sensors.dir/Drivers/VL53L7CX_ULD_API/src/vl53l7cx_plugin_xtalk.c.obj
                0x080067a0                vl53l7cx_set_xtalk_margin
 .text.vl53l7cx_get_detection_thresholds_enable
                0x08006800       0x3e CMakeFiles/tof_sensors.dir/Drivers/VL53L7CX_ULD_API/src/vl53l7cx_plugin_detection_thresholds.c.obj
                0x08006800                vl53l7cx_get_detection_thresholds_enable
 .text.vl53l7cx_set_detection_thresholds_enable
                0x0800683e       0x8c CMakeFiles/tof_sensors.dir/Drivers/VL53L7CX_ULD_API/src/vl53l7cx_plugin_detection_thresholds.c.obj
                0x0800683e                vl53l7cx_set_detection_thresholds_enable
 *fill*         0x080068ca        0x2 
 .text.vl53l7cx_get_detection_thresholds
                0x080068cc      0x300 CMakeFiles/tof_sensors.dir/Drivers/VL53L7CX_ULD_API/src/vl53l7cx_plugin_detection_thresholds.c.obj
                0x080068cc                vl53l7cx_get_detection_thresholds
 .text.vl53l7cx_set_detection_thresholds
                0x08006bcc      0x2b0 CMakeFiles/tof_sensors.dir/Drivers/VL53L7CX_ULD_API/src/vl53l7cx_plugin_detection_thresholds.c.obj
                0x08006bcc                vl53l7cx_set_detection_thresholds
 .text.SystemInit
                0x08006e7c       0x24 cmake/stm32cubemx/CMakeFiles/STM32_Drivers.dir/__/__/Core/Src/system_stm32l4xx.c.obj
                0x08006e7c                SystemInit
 .text.SystemCoreClockUpdate
                0x08006ea0      0x15c cmake/stm32cubemx/CMakeFiles/STM32_Drivers.dir/__/__/Core/Src/system_stm32l4xx.c.obj
                0x08006ea0                SystemCoreClockUpdate
 .text.HAL_I2C_Init
                0x08006ffc      0x136 cmake/stm32cubemx/CMakeFiles/STM32_Drivers.dir/__/__/Drivers/STM32L4xx_HAL_Driver/Src/stm32l4xx_hal_i2c.c.obj
                0x08006ffc                HAL_I2C_Init
 .text.HAL_I2C_DeInit
                0x08007132       0x5e cmake/stm32cubemx/CMakeFiles/STM32_Drivers.dir/__/__/Drivers/STM32L4xx_HAL_Driver/Src/stm32l4xx_hal_i2c.c.obj
                0x08007132                HAL_I2C_DeInit
 .text.HAL_I2C_MspInit
                0x08007190       0x14 cmake/stm32cubemx/CMakeFiles/STM32_Drivers.dir/__/__/Drivers/STM32L4xx_HAL_Driver/Src/stm32l4xx_hal_i2c.c.obj
 .text.HAL_I2C_MspDeInit
                0x080071a4       0x14 cmake/stm32cubemx/CMakeFiles/STM32_Drivers.dir/__/__/Drivers/STM32L4xx_HAL_Driver/Src/stm32l4xx_hal_i2c.c.obj
 .text.HAL_I2C_Master_Transmit
                0x080071b8      0x230 cmake/stm32cubemx/CMakeFiles/STM32_Drivers.dir/__/__/Drivers/STM32L4xx_HAL_Driver/Src/stm32l4xx_hal_i2c.c.obj
                0x080071b8                HAL_I2C_Master_Transmit
 .text.HAL_I2C_Master_Receive
                0x080073e8      0x1ec cmake/stm32cubemx/CMakeFiles/STM32_Drivers.dir/__/__/Drivers/STM32L4xx_HAL_Driver/Src/stm32l4xx_hal_i2c.c.obj
                0x080073e8                HAL_I2C_Master_Receive
 .text.HAL_I2C_Slave_Transmit
                0x080075d4      0x29a cmake/stm32cubemx/CMakeFiles/STM32_Drivers.dir/__/__/Drivers/STM32L4xx_HAL_Driver/Src/stm32l4xx_hal_i2c.c.obj
                0x080075d4                HAL_I2C_Slave_Transmit
 .text.HAL_I2C_Slave_Receive
                0x0800786e      0x220 cmake/stm32cubemx/CMakeFiles/STM32_Drivers.dir/__/__/Drivers/STM32L4xx_HAL_Driver/Src/stm32l4xx_hal_i2c.c.obj
                0x0800786e                HAL_I2C_Slave_Receive
 *fill*         0x08007a8e        0x2 
 .text.HAL_I2C_Master_Transmit_IT
                0x08007a90      0x130 cmake/stm32cubemx/CMakeFiles/STM32_Drivers.dir/__/__/Drivers/STM32L4xx_HAL_Driver/Src/stm32l4xx_hal_i2c.c.obj
                0x08007a90                HAL_I2C_Master_Transmit_IT
 .text.HAL_I2C_Master_Receive_IT
                0x08007bc0       0xe0 cmake/stm32cubemx/CMakeFiles/STM32_Drivers.dir/__/__/Drivers/STM32L4xx_HAL_Driver/Src/stm32l4xx_hal_i2c.c.obj
                0x08007bc0                HAL_I2C_Master_Receive_IT
 .text.HAL_I2C_Slave_Transmit_IT
                0x08007ca0       0xdc cmake/stm32cubemx/CMakeFiles/STM32_Drivers.dir/__/__/Drivers/STM32L4xx_HAL_Driver/Src/stm32l4xx_hal_i2c.c.obj
                0x08007ca0                HAL_I2C_Slave_Transmit_IT
 .text.HAL_I2C_Slave_Receive_IT
                0x08007d7c       0xa0 cmake/stm32cubemx/CMakeFiles/STM32_Drivers.dir/__/__/Drivers/STM32L4xx_HAL_Driver/Src/stm32l4xx_hal_i2c.c.obj
                0x08007d7c                HAL_I2C_Slave_Receive_IT
 .text.HAL_I2C_Master_Transmit_DMA
                0x08007e1c      0x228 cmake/stm32cubemx/CMakeFiles/STM32_Drivers.dir/__/__/Drivers/STM32L4xx_HAL_Driver/Src/stm32l4xx_hal_i2c.c.obj
                0x08007e1c                HAL_I2C_Master_Transmit_DMA
 .text.HAL_I2C_Master_Receive_DMA
                0x08008044      0x1e0 cmake/stm32cubemx/CMakeFiles/STM32_Drivers.dir/__/__/Drivers/STM32L4xx_HAL_Driver/Src/stm32l4xx_hal_i2c.c.obj
                0x08008044                HAL_I2C_Master_Receive_DMA
 .text.HAL_I2C_Slave_Transmit_DMA
                0x08008224      0x1d8 cmake/stm32cubemx/CMakeFiles/STM32_Drivers.dir/__/__/Drivers/STM32L4xx_HAL_Driver/Src/stm32l4xx_hal_i2c.c.obj
                0x08008224                HAL_I2C_Slave_Transmit_DMA
 .text.HAL_I2C_Slave_Receive_DMA
                0x080083fc      0x16c cmake/stm32cubemx/CMakeFiles/STM32_Drivers.dir/__/__/Drivers/STM32L4xx_HAL_Driver/Src/stm32l4xx_hal_i2c.c.obj
                0x080083fc                HAL_I2C_Slave_Receive_DMA
 .text.HAL_I2C_Mem_Write
                0x08008568      0x228 cmake/stm32cubemx/CMakeFiles/STM32_Drivers.dir/__/__/Drivers/STM32L4xx_HAL_Driver/Src/stm32l4xx_hal_i2c.c.obj
                0x08008568                HAL_I2C_Mem_Write
 .text.HAL_I2C_Mem_Read
                0x08008790      0x234 cmake/stm32cubemx/CMakeFiles/STM32_Drivers.dir/__/__/Drivers/STM32L4xx_HAL_Driver/Src/stm32l4xx_hal_i2c.c.obj
                0x08008790                HAL_I2C_Mem_Read
 .text.HAL_I2C_Mem_Write_IT
                0x080089c4      0x114 cmake/stm32cubemx/CMakeFiles/STM32_Drivers.dir/__/__/Drivers/STM32L4xx_HAL_Driver/Src/stm32l4xx_hal_i2c.c.obj
                0x080089c4                HAL_I2C_Mem_Write_IT
 .text.HAL_I2C_Mem_Read_IT
                0x08008ad8      0x10c cmake/stm32cubemx/CMakeFiles/STM32_Drivers.dir/__/__/Drivers/STM32L4xx_HAL_Driver/Src/stm32l4xx_hal_i2c.c.obj
                0x08008ad8                HAL_I2C_Mem_Read_IT
 .text.HAL_I2C_Mem_Write_DMA
                0x08008be4      0x1cc cmake/stm32cubemx/CMakeFiles/STM32_Drivers.dir/__/__/Drivers/STM32L4xx_HAL_Driver/Src/stm32l4xx_hal_i2c.c.obj
                0x08008be4                HAL_I2C_Mem_Write_DMA
 .text.HAL_I2C_Mem_Read_DMA
                0x08008db0      0x1cc cmake/stm32cubemx/CMakeFiles/STM32_Drivers.dir/__/__/Drivers/STM32L4xx_HAL_Driver/Src/stm32l4xx_hal_i2c.c.obj
                0x08008db0                HAL_I2C_Mem_Read_DMA
 .text.HAL_I2C_IsDeviceReady
                0x08008f7c      0x1e8 cmake/stm32cubemx/CMakeFiles/STM32_Drivers.dir/__/__/Drivers/STM32L4xx_HAL_Driver/Src/stm32l4xx_hal_i2c.c.obj
                0x08008f7c                HAL_I2C_IsDeviceReady
 .text.HAL_I2C_Master_Seq_Transmit_IT
                0x08009164      0x17c cmake/stm32cubemx/CMakeFiles/STM32_Drivers.dir/__/__/Drivers/STM32L4xx_HAL_Driver/Src/stm32l4xx_hal_i2c.c.obj
                0x08009164                HAL_I2C_Master_Seq_Transmit_IT
 .text.HAL_I2C_Master_Seq_Transmit_DMA
                0x080092e0      0x2a0 cmake/stm32cubemx/CMakeFiles/STM32_Drivers.dir/__/__/Drivers/STM32L4xx_HAL_Driver/Src/stm32l4xx_hal_i2c.c.obj
                0x080092e0                HAL_I2C_Master_Seq_Transmit_DMA
 .text.HAL_I2C_Master_Seq_Receive_IT
                0x08009580      0x108 cmake/stm32cubemx/CMakeFiles/STM32_Drivers.dir/__/__/Drivers/STM32L4xx_HAL_Driver/Src/stm32l4xx_hal_i2c.c.obj
                0x08009580                HAL_I2C_Master_Seq_Receive_IT
 .text.HAL_I2C_Master_Seq_Receive_DMA
                0x08009688      0x208 cmake/stm32cubemx/CMakeFiles/STM32_Drivers.dir/__/__/Drivers/STM32L4xx_HAL_Driver/Src/stm32l4xx_hal_i2c.c.obj
                0x08009688                HAL_I2C_Master_Seq_Receive_DMA
 .text.HAL_I2C_Slave_Seq_Transmit_IT
                0x08009890      0x164 cmake/stm32cubemx/CMakeFiles/STM32_Drivers.dir/__/__/Drivers/STM32L4xx_HAL_Driver/Src/stm32l4xx_hal_i2c.c.obj
                0x08009890                HAL_I2C_Slave_Seq_Transmit_IT
 .text.HAL_I2C_Slave_Seq_Transmit_DMA
                0x080099f4      0x28c cmake/stm32cubemx/CMakeFiles/STM32_Drivers.dir/__/__/Drivers/STM32L4xx_HAL_Driver/Src/stm32l4xx_hal_i2c.c.obj
                0x080099f4                HAL_I2C_Slave_Seq_Transmit_DMA
 .text.HAL_I2C_Slave_Seq_Receive_IT
                0x08009c80      0x164 cmake/stm32cubemx/CMakeFiles/STM32_Drivers.dir/__/__/Drivers/STM32L4xx_HAL_Driver/Src/stm32l4xx_hal_i2c.c.obj
                0x08009c80                HAL_I2C_Slave_Seq_Receive_IT
 .text.HAL_I2C_Slave_Seq_Receive_DMA
                0x08009de4      0x28c cmake/stm32cubemx/CMakeFiles/STM32_Drivers.dir/__/__/Drivers/STM32L4xx_HAL_Driver/Src/stm32l4xx_hal_i2c.c.obj
                0x08009de4                HAL_I2C_Slave_Seq_Receive_DMA
 .text.HAL_I2C_EnableListen_IT
                0x0800a070       0x40 cmake/stm32cubemx/CMakeFiles/STM32_Drivers.dir/__/__/Drivers/STM32L4xx_HAL_Driver/Src/stm32l4xx_hal_i2c.c.obj
                0x0800a070                HAL_I2C_EnableListen_IT
 .text.HAL_I2C_DisableListen_IT
                0x0800a0b0       0x62 cmake/stm32cubemx/CMakeFiles/STM32_Drivers.dir/__/__/Drivers/STM32L4xx_HAL_Driver/Src/stm32l4xx_hal_i2c.c.obj
                0x0800a0b0                HAL_I2C_DisableListen_IT
 *fill*         0x0800a112        0x2 
 .text.HAL_I2C_Master_Abort_IT
                0x0800a114       0xa8 cmake/stm32cubemx/CMakeFiles/STM32_Drivers.dir/__/__/Drivers/STM32L4xx_HAL_Driver/Src/stm32l4xx_hal_i2c.c.obj
                0x0800a114                HAL_I2C_Master_Abort_IT
 .text.HAL_I2C_EV_IRQHandler
                0x0800a1bc       0x34 cmake/stm32cubemx/CMakeFiles/STM32_Drivers.dir/__/__/Drivers/STM32L4xx_HAL_Driver/Src/stm32l4xx_hal_i2c.c.obj
                0x0800a1bc                HAL_I2C_EV_IRQHandler
 .text.HAL_I2C_ER_IRQHandler
                0x0800a1f0       0xc2 cmake/stm32cubemx/CMakeFiles/STM32_Drivers.dir/__/__/Drivers/STM32L4xx_HAL_Driver/Src/stm32l4xx_hal_i2c.c.obj
                0x0800a1f0                HAL_I2C_ER_IRQHandler
 .text.HAL_I2C_MasterTxCpltCallback
                0x0800a2b2       0x14 cmake/stm32cubemx/CMakeFiles/STM32_Drivers.dir/__/__/Drivers/STM32L4xx_HAL_Driver/Src/stm32l4xx_hal_i2c.c.obj
                0x0800a2b2                HAL_I2C_MasterTxCpltCallback
 .text.HAL_I2C_MasterRxCpltCallback
                0x0800a2c6       0x14 cmake/stm32cubemx/CMakeFiles/STM32_Drivers.dir/__/__/Drivers/STM32L4xx_HAL_Driver/Src/stm32l4xx_hal_i2c.c.obj
                0x0800a2c6                HAL_I2C_MasterRxCpltCallback
 .text.HAL_I2C_SlaveTxCpltCallback
                0x0800a2da       0x14 cmake/stm32cubemx/CMakeFiles/STM32_Drivers.dir/__/__/Drivers/STM32L4xx_HAL_Driver/Src/stm32l4xx_hal_i2c.c.obj
                0x0800a2da                HAL_I2C_SlaveTxCpltCallback
 .text.HAL_I2C_SlaveRxCpltCallback
                0x0800a2ee       0x14 cmake/stm32cubemx/CMakeFiles/STM32_Drivers.dir/__/__/Drivers/STM32L4xx_HAL_Driver/Src/stm32l4xx_hal_i2c.c.obj
                0x0800a2ee                HAL_I2C_SlaveRxCpltCallback
 .text.HAL_I2C_AddrCallback
                0x0800a302       0x1c cmake/stm32cubemx/CMakeFiles/STM32_Drivers.dir/__/__/Drivers/STM32L4xx_HAL_Driver/Src/stm32l4xx_hal_i2c.c.obj
                0x0800a302                HAL_I2C_AddrCallback
 .text.HAL_I2C_ListenCpltCallback
                0x0800a31e       0x14 cmake/stm32cubemx/CMakeFiles/STM32_Drivers.dir/__/__/Drivers/STM32L4xx_HAL_Driver/Src/stm32l4xx_hal_i2c.c.obj
                0x0800a31e                HAL_I2C_ListenCpltCallback
 .text.HAL_I2C_MemTxCpltCallback
                0x0800a332       0x14 cmake/stm32cubemx/CMakeFiles/STM32_Drivers.dir/__/__/Drivers/STM32L4xx_HAL_Driver/Src/stm32l4xx_hal_i2c.c.obj
                0x0800a332                HAL_I2C_MemTxCpltCallback
 .text.HAL_I2C_MemRxCpltCallback
                0x0800a346       0x14 cmake/stm32cubemx/CMakeFiles/STM32_Drivers.dir/__/__/Drivers/STM32L4xx_HAL_Driver/Src/stm32l4xx_hal_i2c.c.obj
                0x0800a346                HAL_I2C_MemRxCpltCallback
 .text.HAL_I2C_ErrorCallback
                0x0800a35a       0x14 cmake/stm32cubemx/CMakeFiles/STM32_Drivers.dir/__/__/Drivers/STM32L4xx_HAL_Driver/Src/stm32l4xx_hal_i2c.c.obj
                0x0800a35a                HAL_I2C_ErrorCallback
 .text.HAL_I2C_AbortCpltCallback
                0x0800a36e       0x14 cmake/stm32cubemx/CMakeFiles/STM32_Drivers.dir/__/__/Drivers/STM32L4xx_HAL_Driver/Src/stm32l4xx_hal_i2c.c.obj
                0x0800a36e                HAL_I2C_AbortCpltCallback
 .text.HAL_I2C_GetState
                0x0800a382       0x1c cmake/stm32cubemx/CMakeFiles/STM32_Drivers.dir/__/__/Drivers/STM32L4xx_HAL_Driver/Src/stm32l4xx_hal_i2c.c.obj
                0x0800a382                HAL_I2C_GetState
 .text.HAL_I2C_GetMode
                0x0800a39e       0x1c cmake/stm32cubemx/CMakeFiles/STM32_Drivers.dir/__/__/Drivers/STM32L4xx_HAL_Driver/Src/stm32l4xx_hal_i2c.c.obj
                0x0800a39e                HAL_I2C_GetMode
 .text.HAL_I2C_GetError
                0x0800a3ba       0x18 cmake/stm32cubemx/CMakeFiles/STM32_Drivers.dir/__/__/Drivers/STM32L4xx_HAL_Driver/Src/stm32l4xx_hal_i2c.c.obj
                0x0800a3ba                HAL_I2C_GetError
 .text.I2C_Master_ISR_IT
                0x0800a3d2      0x284 cmake/stm32cubemx/CMakeFiles/STM32_Drivers.dir/__/__/Drivers/STM32L4xx_HAL_Driver/Src/stm32l4xx_hal_i2c.c.obj
 *fill*         0x0800a656        0x2 
 .text.I2C_Mem_ISR_IT
                0x0800a658      0x2a0 cmake/stm32cubemx/CMakeFiles/STM32_Drivers.dir/__/__/Drivers/STM32L4xx_HAL_Driver/Src/stm32l4xx_hal_i2c.c.obj
 .text.I2C_Slave_ISR_IT
                0x0800a8f8      0x208 cmake/stm32cubemx/CMakeFiles/STM32_Drivers.dir/__/__/Drivers/STM32L4xx_HAL_Driver/Src/stm32l4xx_hal_i2c.c.obj
 .text.I2C_Master_ISR_DMA
                0x0800ab00      0x204 cmake/stm32cubemx/CMakeFiles/STM32_Drivers.dir/__/__/Drivers/STM32L4xx_HAL_Driver/Src/stm32l4xx_hal_i2c.c.obj
 .text.I2C_Mem_ISR_DMA
                0x0800ad04      0x29c cmake/stm32cubemx/CMakeFiles/STM32_Drivers.dir/__/__/Drivers/STM32L4xx_HAL_Driver/Src/stm32l4xx_hal_i2c.c.obj
 .text.I2C_Slave_ISR_DMA
                0x0800afa0      0x1c2 cmake/stm32cubemx/CMakeFiles/STM32_Drivers.dir/__/__/Drivers/STM32L4xx_HAL_Driver/Src/stm32l4xx_hal_i2c.c.obj
 *fill*         0x0800b162        0x2 
 .text.I2C_RequestMemoryWrite
                0x0800b164       0xa8 cmake/stm32cubemx/CMakeFiles/STM32_Drivers.dir/__/__/Drivers/STM32L4xx_HAL_Driver/Src/stm32l4xx_hal_i2c.c.obj
 .text.I2C_RequestMemoryRead
                0x0800b20c       0xa8 cmake/stm32cubemx/CMakeFiles/STM32_Drivers.dir/__/__/Drivers/STM32L4xx_HAL_Driver/Src/stm32l4xx_hal_i2c.c.obj
 .text.I2C_ITAddrCplt
                0x0800b2b4      0x108 cmake/stm32cubemx/CMakeFiles/STM32_Drivers.dir/__/__/Drivers/STM32L4xx_HAL_Driver/Src/stm32l4xx_hal_i2c.c.obj
 .text.I2C_ITMasterSeqCplt
                0x0800b3bc       0x7a cmake/stm32cubemx/CMakeFiles/STM32_Drivers.dir/__/__/Drivers/STM32L4xx_HAL_Driver/Src/stm32l4xx_hal_i2c.c.obj
 .text.I2C_ITSlaveSeqCplt
                0x0800b436       0xbc cmake/stm32cubemx/CMakeFiles/STM32_Drivers.dir/__/__/Drivers/STM32L4xx_HAL_Driver/Src/stm32l4xx_hal_i2c.c.obj
 *fill*         0x0800b4f2        0x2 
 .text.I2C_ITMasterCplt
                0x0800b4f4      0x194 cmake/stm32cubemx/CMakeFiles/STM32_Drivers.dir/__/__/Drivers/STM32L4xx_HAL_Driver/Src/stm32l4xx_hal_i2c.c.obj
 .text.I2C_ITSlaveCplt
                0x0800b688      0x2d4 cmake/stm32cubemx/CMakeFiles/STM32_Drivers.dir/__/__/Drivers/STM32L4xx_HAL_Driver/Src/stm32l4xx_hal_i2c.c.obj
 .text.I2C_ITListenCplt
                0x0800b95c       0xac cmake/stm32cubemx/CMakeFiles/STM32_Drivers.dir/__/__/Drivers/STM32L4xx_HAL_Driver/Src/stm32l4xx_hal_i2c.c.obj
 .text.I2C_ITError
                0x0800ba08      0x1e0 cmake/stm32cubemx/CMakeFiles/STM32_Drivers.dir/__/__/Drivers/STM32L4xx_HAL_Driver/Src/stm32l4xx_hal_i2c.c.obj
 .text.I2C_TreatErrorCallback
                0x0800bbe8       0x4e cmake/stm32cubemx/CMakeFiles/STM32_Drivers.dir/__/__/Drivers/STM32L4xx_HAL_Driver/Src/stm32l4xx_hal_i2c.c.obj
 .text.I2C_Flush_TXDR
                0x0800bc36       0x48 cmake/stm32cubemx/CMakeFiles/STM32_Drivers.dir/__/__/Drivers/STM32L4xx_HAL_Driver/Src/stm32l4xx_hal_i2c.c.obj
 .text.I2C_DMAMasterTransmitCplt
                0x0800bc7e       0x96 cmake/stm32cubemx/CMakeFiles/STM32_Drivers.dir/__/__/Drivers/STM32L4xx_HAL_Driver/Src/stm32l4xx_hal_i2c.c.obj
 .text.I2C_DMASlaveTransmitCplt
                0x0800bd14       0x40 cmake/stm32cubemx/CMakeFiles/STM32_Drivers.dir/__/__/Drivers/STM32L4xx_HAL_Driver/Src/stm32l4xx_hal_i2c.c.obj
 .text.I2C_DMAMasterReceiveCplt
                0x0800bd54       0xb2 cmake/stm32cubemx/CMakeFiles/STM32_Drivers.dir/__/__/Drivers/STM32L4xx_HAL_Driver/Src/stm32l4xx_hal_i2c.c.obj
 .text.I2C_DMASlaveReceiveCplt
                0x0800be06       0x46 cmake/stm32cubemx/CMakeFiles/STM32_Drivers.dir/__/__/Drivers/STM32L4xx_HAL_Driver/Src/stm32l4xx_hal_i2c.c.obj
 .text.I2C_DMAError
                0x0800be4c       0x2e cmake/stm32cubemx/CMakeFiles/STM32_Drivers.dir/__/__/Drivers/STM32L4xx_HAL_Driver/Src/stm32l4xx_hal_i2c.c.obj
 .text.I2C_DMAAbort
                0x0800be7a       0x3c cmake/stm32cubemx/CMakeFiles/STM32_Drivers.dir/__/__/Drivers/STM32L4xx_HAL_Driver/Src/stm32l4xx_hal_i2c.c.obj
 .text.I2C_WaitOnFlagUntilTimeout
                0x0800beb6       0xb2 cmake/stm32cubemx/CMakeFiles/STM32_Drivers.dir/__/__/Drivers/STM32L4xx_HAL_Driver/Src/stm32l4xx_hal_i2c.c.obj
 .text.I2C_WaitOnTXISFlagUntilTimeout
                0x0800bf68       0x8e cmake/stm32cubemx/CMakeFiles/STM32_Drivers.dir/__/__/Drivers/STM32L4xx_HAL_Driver/Src/stm32l4xx_hal_i2c.c.obj
 .text.I2C_WaitOnSTOPFlagUntilTimeout
                0x0800bff6       0x86 cmake/stm32cubemx/CMakeFiles/STM32_Drivers.dir/__/__/Drivers/STM32L4xx_HAL_Driver/Src/stm32l4xx_hal_i2c.c.obj
 .text.I2C_WaitOnRXNEFlagUntilTimeout
                0x0800c07c      0x118 cmake/stm32cubemx/CMakeFiles/STM32_Drivers.dir/__/__/Drivers/STM32L4xx_HAL_Driver/Src/stm32l4xx_hal_i2c.c.obj
 .text.I2C_IsErrorOccurred
                0x0800c194      0x1c0 cmake/stm32cubemx/CMakeFiles/STM32_Drivers.dir/__/__/Drivers/STM32L4xx_HAL_Driver/Src/stm32l4xx_hal_i2c.c.obj
 .text.I2C_TransferConfig
                0x0800c354       0x64 cmake/stm32cubemx/CMakeFiles/STM32_Drivers.dir/__/__/Drivers/STM32L4xx_HAL_Driver/Src/stm32l4xx_hal_i2c.c.obj
 .text.I2C_Enable_IRQ
                0x0800c3b8      0x108 cmake/stm32cubemx/CMakeFiles/STM32_Drivers.dir/__/__/Drivers/STM32L4xx_HAL_Driver/Src/stm32l4xx_hal_i2c.c.obj
 .text.I2C_Disable_IRQ
                0x0800c4c0       0xbc cmake/stm32cubemx/CMakeFiles/STM32_Drivers.dir/__/__/Drivers/STM32L4xx_HAL_Driver/Src/stm32l4xx_hal_i2c.c.obj
 .text.I2C_ConvertOtherXferOptions
                0x0800c57c       0x36 cmake/stm32cubemx/CMakeFiles/STM32_Drivers.dir/__/__/Drivers/STM32L4xx_HAL_Driver/Src/stm32l4xx_hal_i2c.c.obj
 .text.HAL_I2CEx_ConfigAnalogFilter
                0x0800c5b2       0x96 cmake/stm32cubemx/CMakeFiles/STM32_Drivers.dir/__/__/Drivers/STM32L4xx_HAL_Driver/Src/stm32l4xx_hal_i2c_ex.c.obj
                0x0800c5b2                HAL_I2CEx_ConfigAnalogFilter
 .text.HAL_I2CEx_ConfigDigitalFilter
                0x0800c648       0x98 cmake/stm32cubemx/CMakeFiles/STM32_Drivers.dir/__/__/Drivers/STM32L4xx_HAL_Driver/Src/stm32l4xx_hal_i2c_ex.c.obj
                0x0800c648                HAL_I2CEx_ConfigDigitalFilter
 .text.HAL_I2CEx_EnableWakeUp
                0x0800c6e0       0x84 cmake/stm32cubemx/CMakeFiles/STM32_Drivers.dir/__/__/Drivers/STM32L4xx_HAL_Driver/Src/stm32l4xx_hal_i2c_ex.c.obj
                0x0800c6e0                HAL_I2CEx_EnableWakeUp
 .text.HAL_I2CEx_DisableWakeUp
                0x0800c764       0x84 cmake/stm32cubemx/CMakeFiles/STM32_Drivers.dir/__/__/Drivers/STM32L4xx_HAL_Driver/Src/stm32l4xx_hal_i2c_ex.c.obj
                0x0800c764                HAL_I2CEx_DisableWakeUp
 .text.HAL_I2CEx_EnableFastModePlus
                0x0800c7e8       0x40 cmake/stm32cubemx/CMakeFiles/STM32_Drivers.dir/__/__/Drivers/STM32L4xx_HAL_Driver/Src/stm32l4xx_hal_i2c_ex.c.obj
                0x0800c7e8                HAL_I2CEx_EnableFastModePlus
 .text.HAL_I2CEx_DisableFastModePlus
                0x0800c828       0x44 cmake/stm32cubemx/CMakeFiles/STM32_Drivers.dir/__/__/Drivers/STM32L4xx_HAL_Driver/Src/stm32l4xx_hal_i2c_ex.c.obj
                0x0800c828                HAL_I2CEx_DisableFastModePlus
 .text.HAL_Init
                0x0800c86c       0x40 cmake/stm32cubemx/CMakeFiles/STM32_Drivers.dir/__/__/Drivers/STM32L4xx_HAL_Driver/Src/stm32l4xx_hal.c.obj
                0x0800c86c                HAL_Init
 .text.HAL_DeInit
                0x0800c8ac       0x68 cmake/stm32cubemx/CMakeFiles/STM32_Drivers.dir/__/__/Drivers/STM32L4xx_HAL_Driver/Src/stm32l4xx_hal.c.obj
                0x0800c8ac                HAL_DeInit
 .text.HAL_MspInit
                0x0800c914        0xe cmake/stm32cubemx/CMakeFiles/STM32_Drivers.dir/__/__/Drivers/STM32L4xx_HAL_Driver/Src/stm32l4xx_hal.c.obj
 .text.HAL_MspDeInit
                0x0800c922        0xe cmake/stm32cubemx/CMakeFiles/STM32_Drivers.dir/__/__/Drivers/STM32L4xx_HAL_Driver/Src/stm32l4xx_hal.c.obj
                0x0800c922                HAL_MspDeInit
 .text.HAL_InitTick
                0x0800c930       0x78 cmake/stm32cubemx/CMakeFiles/STM32_Drivers.dir/__/__/Drivers/STM32L4xx_HAL_Driver/Src/stm32l4xx_hal.c.obj
                0x0800c930                HAL_InitTick
 .text.HAL_IncTick
                0x0800c9a8       0x28 cmake/stm32cubemx/CMakeFiles/STM32_Drivers.dir/__/__/Drivers/STM32L4xx_HAL_Driver/Src/stm32l4xx_hal.c.obj
                0x0800c9a8                HAL_IncTick
 .text.HAL_GetTick
                0x0800c9d0       0x18 cmake/stm32cubemx/CMakeFiles/STM32_Drivers.dir/__/__/Drivers/STM32L4xx_HAL_Driver/Src/stm32l4xx_hal.c.obj
                0x0800c9d0                HAL_GetTick
 .text.HAL_GetTickPrio
                0x0800c9e8       0x18 cmake/stm32cubemx/CMakeFiles/STM32_Drivers.dir/__/__/Drivers/STM32L4xx_HAL_Driver/Src/stm32l4xx_hal.c.obj
                0x0800c9e8                HAL_GetTickPrio
 .text.HAL_SetTickFreq
                0x0800ca00       0x50 cmake/stm32cubemx/CMakeFiles/STM32_Drivers.dir/__/__/Drivers/STM32L4xx_HAL_Driver/Src/stm32l4xx_hal.c.obj
                0x0800ca00                HAL_SetTickFreq
 .text.HAL_GetTickFreq
                0x0800ca50       0x18 cmake/stm32cubemx/CMakeFiles/STM32_Drivers.dir/__/__/Drivers/STM32L4xx_HAL_Driver/Src/stm32l4xx_hal.c.obj
                0x0800ca50                HAL_GetTickFreq
 .text.HAL_Delay
                0x0800ca68       0x48 cmake/stm32cubemx/CMakeFiles/STM32_Drivers.dir/__/__/Drivers/STM32L4xx_HAL_Driver/Src/stm32l4xx_hal.c.obj
                0x0800ca68                HAL_Delay
 .text.HAL_SuspendTick
                0x0800cab0       0x20 cmake/stm32cubemx/CMakeFiles/STM32_Drivers.dir/__/__/Drivers/STM32L4xx_HAL_Driver/Src/stm32l4xx_hal.c.obj
                0x0800cab0                HAL_SuspendTick
 .text.HAL_ResumeTick
                0x0800cad0       0x20 cmake/stm32cubemx/CMakeFiles/STM32_Drivers.dir/__/__/Drivers/STM32L4xx_HAL_Driver/Src/stm32l4xx_hal.c.obj
                0x0800cad0                HAL_ResumeTick
 .text.HAL_GetHalVersion
                0x0800caf0       0x14 cmake/stm32cubemx/CMakeFiles/STM32_Drivers.dir/__/__/Drivers/STM32L4xx_HAL_Driver/Src/stm32l4xx_hal.c.obj
                0x0800caf0                HAL_GetHalVersion
 .text.HAL_GetREVID
                0x0800cb04       0x1c cmake/stm32cubemx/CMakeFiles/STM32_Drivers.dir/__/__/Drivers/STM32L4xx_HAL_Driver/Src/stm32l4xx_hal.c.obj
                0x0800cb04                HAL_GetREVID
 .text.HAL_GetDEVID
                0x0800cb20       0x1c cmake/stm32cubemx/CMakeFiles/STM32_Drivers.dir/__/__/Drivers/STM32L4xx_HAL_Driver/Src/stm32l4xx_hal.c.obj
                0x0800cb20                HAL_GetDEVID
 .text.HAL_GetUIDw0
                0x0800cb3c       0x18 cmake/stm32cubemx/CMakeFiles/STM32_Drivers.dir/__/__/Drivers/STM32L4xx_HAL_Driver/Src/stm32l4xx_hal.c.obj
                0x0800cb3c                HAL_GetUIDw0
 .text.HAL_GetUIDw1
                0x0800cb54       0x18 cmake/stm32cubemx/CMakeFiles/STM32_Drivers.dir/__/__/Drivers/STM32L4xx_HAL_Driver/Src/stm32l4xx_hal.c.obj
                0x0800cb54                HAL_GetUIDw1
 .text.HAL_GetUIDw2
                0x0800cb6c       0x18 cmake/stm32cubemx/CMakeFiles/STM32_Drivers.dir/__/__/Drivers/STM32L4xx_HAL_Driver/Src/stm32l4xx_hal.c.obj
                0x0800cb6c                HAL_GetUIDw2
 .text.HAL_DBGMCU_EnableDBGSleepMode
                0x0800cb84       0x20 cmake/stm32cubemx/CMakeFiles/STM32_Drivers.dir/__/__/Drivers/STM32L4xx_HAL_Driver/Src/stm32l4xx_hal.c.obj
                0x0800cb84                HAL_DBGMCU_EnableDBGSleepMode
 .text.HAL_DBGMCU_DisableDBGSleepMode
                0x0800cba4       0x20 cmake/stm32cubemx/CMakeFiles/STM32_Drivers.dir/__/__/Drivers/STM32L4xx_HAL_Driver/Src/stm32l4xx_hal.c.obj
                0x0800cba4                HAL_DBGMCU_DisableDBGSleepMode
 .text.HAL_DBGMCU_EnableDBGStopMode
                0x0800cbc4       0x20 cmake/stm32cubemx/CMakeFiles/STM32_Drivers.dir/__/__/Drivers/STM32L4xx_HAL_Driver/Src/stm32l4xx_hal.c.obj
                0x0800cbc4                HAL_DBGMCU_EnableDBGStopMode
 .text.HAL_DBGMCU_DisableDBGStopMode
                0x0800cbe4       0x20 cmake/stm32cubemx/CMakeFiles/STM32_Drivers.dir/__/__/Drivers/STM32L4xx_HAL_Driver/Src/stm32l4xx_hal.c.obj
                0x0800cbe4                HAL_DBGMCU_DisableDBGStopMode
 .text.HAL_DBGMCU_EnableDBGStandbyMode
                0x0800cc04       0x20 cmake/stm32cubemx/CMakeFiles/STM32_Drivers.dir/__/__/Drivers/STM32L4xx_HAL_Driver/Src/stm32l4xx_hal.c.obj
                0x0800cc04                HAL_DBGMCU_EnableDBGStandbyMode
 .text.HAL_DBGMCU_DisableDBGStandbyMode
                0x0800cc24       0x20 cmake/stm32cubemx/CMakeFiles/STM32_Drivers.dir/__/__/Drivers/STM32L4xx_HAL_Driver/Src/stm32l4xx_hal.c.obj
                0x0800cc24                HAL_DBGMCU_DisableDBGStandbyMode
 .text.HAL_SYSCFG_SRAM2Erase
                0x0800cc44       0x28 cmake/stm32cubemx/CMakeFiles/STM32_Drivers.dir/__/__/Drivers/STM32L4xx_HAL_Driver/Src/stm32l4xx_hal.c.obj
                0x0800cc44                HAL_SYSCFG_SRAM2Erase
 .text.HAL_SYSCFG_EnableMemorySwappingBank
                0x0800cc6c       0x18 cmake/stm32cubemx/CMakeFiles/STM32_Drivers.dir/__/__/Drivers/STM32L4xx_HAL_Driver/Src/stm32l4xx_hal.c.obj
                0x0800cc6c                HAL_SYSCFG_EnableMemorySwappingBank
 .text.HAL_SYSCFG_DisableMemorySwappingBank
                0x0800cc84       0x18 cmake/stm32cubemx/CMakeFiles/STM32_Drivers.dir/__/__/Drivers/STM32L4xx_HAL_Driver/Src/stm32l4xx_hal.c.obj
                0x0800cc84                HAL_SYSCFG_DisableMemorySwappingBank
 .text.HAL_SYSCFG_VREFBUF_VoltageScalingConfig
                0x0800cc9c       0x28 cmake/stm32cubemx/CMakeFiles/STM32_Drivers.dir/__/__/Drivers/STM32L4xx_HAL_Driver/Src/stm32l4xx_hal.c.obj
                0x0800cc9c                HAL_SYSCFG_VREFBUF_VoltageScalingConfig
 .text.HAL_SYSCFG_VREFBUF_HighImpedanceConfig
                0x0800ccc4       0x28 cmake/stm32cubemx/CMakeFiles/STM32_Drivers.dir/__/__/Drivers/STM32L4xx_HAL_Driver/Src/stm32l4xx_hal.c.obj
                0x0800ccc4                HAL_SYSCFG_VREFBUF_HighImpedanceConfig
 .text.HAL_SYSCFG_VREFBUF_TrimmingConfig
                0x0800ccec       0x28 cmake/stm32cubemx/CMakeFiles/STM32_Drivers.dir/__/__/Drivers/STM32L4xx_HAL_Driver/Src/stm32l4xx_hal.c.obj
                0x0800ccec                HAL_SYSCFG_VREFBUF_TrimmingConfig
 .text.HAL_SYSCFG_EnableVREFBUF
                0x0800cd14       0x48 cmake/stm32cubemx/CMakeFiles/STM32_Drivers.dir/__/__/Drivers/STM32L4xx_HAL_Driver/Src/stm32l4xx_hal.c.obj
                0x0800cd14                HAL_SYSCFG_EnableVREFBUF
 .text.HAL_SYSCFG_DisableVREFBUF
                0x0800cd5c       0x20 cmake/stm32cubemx/CMakeFiles/STM32_Drivers.dir/__/__/Drivers/STM32L4xx_HAL_Driver/Src/stm32l4xx_hal.c.obj
                0x0800cd5c                HAL_SYSCFG_DisableVREFBUF
 .text.HAL_SYSCFG_EnableIOAnalogSwitchBooster
                0x0800cd7c       0x20 cmake/stm32cubemx/CMakeFiles/STM32_Drivers.dir/__/__/Drivers/STM32L4xx_HAL_Driver/Src/stm32l4xx_hal.c.obj
                0x0800cd7c                HAL_SYSCFG_EnableIOAnalogSwitchBooster
 .text.HAL_SYSCFG_DisableIOAnalogSwitchBooster
                0x0800cd9c       0x20 cmake/stm32cubemx/CMakeFiles/STM32_Drivers.dir/__/__/Drivers/STM32L4xx_HAL_Driver/Src/stm32l4xx_hal.c.obj
                0x0800cd9c                HAL_SYSCFG_DisableIOAnalogSwitchBooster
 .text.HAL_RCC_DeInit
                0x0800cdbc      0x144 cmake/stm32cubemx/CMakeFiles/STM32_Drivers.dir/__/__/Drivers/STM32L4xx_HAL_Driver/Src/stm32l4xx_hal_rcc.c.obj
                0x0800cdbc                HAL_RCC_DeInit
 .text.HAL_RCC_OscConfig
                0x0800cf00      0x7b8 cmake/stm32cubemx/CMakeFiles/STM32_Drivers.dir/__/__/Drivers/STM32L4xx_HAL_Driver/Src/stm32l4xx_hal_rcc.c.obj
                0x0800cf00                HAL_RCC_OscConfig
 .text.HAL_RCC_ClockConfig
                0x0800d6b8      0x200 cmake/stm32cubemx/CMakeFiles/STM32_Drivers.dir/__/__/Drivers/STM32L4xx_HAL_Driver/Src/stm32l4xx_hal_rcc.c.obj
                0x0800d6b8                HAL_RCC_ClockConfig
 .text.HAL_RCC_MCOConfig
                0x0800d8b8       0x68 cmake/stm32cubemx/CMakeFiles/STM32_Drivers.dir/__/__/Drivers/STM32L4xx_HAL_Driver/Src/stm32l4xx_hal_rcc.c.obj
                0x0800d8b8                HAL_RCC_MCOConfig
 .text.HAL_RCC_GetSysClockFreq
                0x0800d920      0x118 cmake/stm32cubemx/CMakeFiles/STM32_Drivers.dir/__/__/Drivers/STM32L4xx_HAL_Driver/Src/stm32l4xx_hal_rcc.c.obj
                0x0800d920                HAL_RCC_GetSysClockFreq
 .text.HAL_RCC_GetHCLKFreq
                0x0800da38       0x18 cmake/stm32cubemx/CMakeFiles/STM32_Drivers.dir/__/__/Drivers/STM32L4xx_HAL_Driver/Src/stm32l4xx_hal_rcc.c.obj
                0x0800da38                HAL_RCC_GetHCLKFreq
 .text.HAL_RCC_GetPCLK1Freq
                0x0800da50       0x2c cmake/stm32cubemx/CMakeFiles/STM32_Drivers.dir/__/__/Drivers/STM32L4xx_HAL_Driver/Src/stm32l4xx_hal_rcc.c.obj
                0x0800da50                HAL_RCC_GetPCLK1Freq
 .text.HAL_RCC_GetPCLK2Freq
                0x0800da7c       0x2c cmake/stm32cubemx/CMakeFiles/STM32_Drivers.dir/__/__/Drivers/STM32L4xx_HAL_Driver/Src/stm32l4xx_hal_rcc.c.obj
                0x0800da7c                HAL_RCC_GetPCLK2Freq
 .text.HAL_RCC_GetOscConfig
                0x0800daa8      0x18c cmake/stm32cubemx/CMakeFiles/STM32_Drivers.dir/__/__/Drivers/STM32L4xx_HAL_Driver/Src/stm32l4xx_hal_rcc.c.obj
                0x0800daa8                HAL_RCC_GetOscConfig
 .text.HAL_RCC_GetClockConfig
                0x0800dc34       0x64 cmake/stm32cubemx/CMakeFiles/STM32_Drivers.dir/__/__/Drivers/STM32L4xx_HAL_Driver/Src/stm32l4xx_hal_rcc.c.obj
                0x0800dc34                HAL_RCC_GetClockConfig
 .text.HAL_RCC_EnableCSS
                0x0800dc98       0x20 cmake/stm32cubemx/CMakeFiles/STM32_Drivers.dir/__/__/Drivers/STM32L4xx_HAL_Driver/Src/stm32l4xx_hal_rcc.c.obj
                0x0800dc98                HAL_RCC_EnableCSS
 .text.HAL_RCC_NMI_IRQHandler
                0x0800dcb8       0x28 cmake/stm32cubemx/CMakeFiles/STM32_Drivers.dir/__/__/Drivers/STM32L4xx_HAL_Driver/Src/stm32l4xx_hal_rcc.c.obj
                0x0800dcb8                HAL_RCC_NMI_IRQHandler
 .text.HAL_RCC_CSSCallback
                0x0800dce0        0xe cmake/stm32cubemx/CMakeFiles/STM32_Drivers.dir/__/__/Drivers/STM32L4xx_HAL_Driver/Src/stm32l4xx_hal_rcc.c.obj
                0x0800dce0                HAL_RCC_CSSCallback
 *fill*         0x0800dcee        0x2 
 .text.HAL_RCC_GetResetSource
                0x0800dcf0       0x34 cmake/stm32cubemx/CMakeFiles/STM32_Drivers.dir/__/__/Drivers/STM32L4xx_HAL_Driver/Src/stm32l4xx_hal_rcc.c.obj
                0x0800dcf0                HAL_RCC_GetResetSource
 .text.RCC_SetFlashLatencyFromMSIRange
                0x0800dd24       0xc0 cmake/stm32cubemx/CMakeFiles/STM32_Drivers.dir/__/__/Drivers/STM32L4xx_HAL_Driver/Src/stm32l4xx_hal_rcc.c.obj
 .text.HAL_RCCEx_PeriphCLKConfig
                0x0800dde4      0x5d4 cmake/stm32cubemx/CMakeFiles/STM32_Drivers.dir/__/__/Drivers/STM32L4xx_HAL_Driver/Src/stm32l4xx_hal_rcc_ex.c.obj
                0x0800dde4                HAL_RCCEx_PeriphCLKConfig
 .text.HAL_RCCEx_GetPeriphCLKConfig
                0x0800e3b8      0x1e0 cmake/stm32cubemx/CMakeFiles/STM32_Drivers.dir/__/__/Drivers/STM32L4xx_HAL_Driver/Src/stm32l4xx_hal_rcc_ex.c.obj
                0x0800e3b8                HAL_RCCEx_GetPeriphCLKConfig
 .text.HAL_RCCEx_GetPeriphCLKFreq
                0x0800e598      0xadc cmake/stm32cubemx/CMakeFiles/STM32_Drivers.dir/__/__/Drivers/STM32L4xx_HAL_Driver/Src/stm32l4xx_hal_rcc_ex.c.obj
                0x0800e598                HAL_RCCEx_GetPeriphCLKFreq
 .text.HAL_RCCEx_EnablePLLSAI1
                0x0800f074       0xd0 cmake/stm32cubemx/CMakeFiles/STM32_Drivers.dir/__/__/Drivers/STM32L4xx_HAL_Driver/Src/stm32l4xx_hal_rcc_ex.c.obj
                0x0800f074                HAL_RCCEx_EnablePLLSAI1
 .text.HAL_RCCEx_DisablePLLSAI1
                0x0800f144       0x74 cmake/stm32cubemx/CMakeFiles/STM32_Drivers.dir/__/__/Drivers/STM32L4xx_HAL_Driver/Src/stm32l4xx_hal_rcc_ex.c.obj
                0x0800f144                HAL_RCCEx_DisablePLLSAI1
 .text.HAL_RCCEx_EnablePLLSAI2
                0x0800f1b8       0xc4 cmake/stm32cubemx/CMakeFiles/STM32_Drivers.dir/__/__/Drivers/STM32L4xx_HAL_Driver/Src/stm32l4xx_hal_rcc_ex.c.obj
                0x0800f1b8                HAL_RCCEx_EnablePLLSAI2
 .text.HAL_RCCEx_DisablePLLSAI2
                0x0800f27c       0x74 cmake/stm32cubemx/CMakeFiles/STM32_Drivers.dir/__/__/Drivers/STM32L4xx_HAL_Driver/Src/stm32l4xx_hal_rcc_ex.c.obj
                0x0800f27c                HAL_RCCEx_DisablePLLSAI2
 .text.HAL_RCCEx_WakeUpStopCLKConfig
                0x0800f2f0       0x28 cmake/stm32cubemx/CMakeFiles/STM32_Drivers.dir/__/__/Drivers/STM32L4xx_HAL_Driver/Src/stm32l4xx_hal_rcc_ex.c.obj
                0x0800f2f0                HAL_RCCEx_WakeUpStopCLKConfig
 .text.HAL_RCCEx_StandbyMSIRangeConfig
                0x0800f318       0x30 cmake/stm32cubemx/CMakeFiles/STM32_Drivers.dir/__/__/Drivers/STM32L4xx_HAL_Driver/Src/stm32l4xx_hal_rcc_ex.c.obj
                0x0800f318                HAL_RCCEx_StandbyMSIRangeConfig
 .text.HAL_RCCEx_EnableLSECSS
                0x0800f348       0x24 cmake/stm32cubemx/CMakeFiles/STM32_Drivers.dir/__/__/Drivers/STM32L4xx_HAL_Driver/Src/stm32l4xx_hal_rcc_ex.c.obj
                0x0800f348                HAL_RCCEx_EnableLSECSS
 .text.HAL_RCCEx_DisableLSECSS
                0x0800f36c       0x30 cmake/stm32cubemx/CMakeFiles/STM32_Drivers.dir/__/__/Drivers/STM32L4xx_HAL_Driver/Src/stm32l4xx_hal_rcc_ex.c.obj
                0x0800f36c                HAL_RCCEx_DisableLSECSS
 .text.HAL_RCCEx_EnableLSECSS_IT
                0x0800f39c       0x4c cmake/stm32cubemx/CMakeFiles/STM32_Drivers.dir/__/__/Drivers/STM32L4xx_HAL_Driver/Src/stm32l4xx_hal_rcc_ex.c.obj
                0x0800f39c                HAL_RCCEx_EnableLSECSS_IT
 .text.HAL_RCCEx_LSECSS_IRQHandler
                0x0800f3e8       0x28 cmake/stm32cubemx/CMakeFiles/STM32_Drivers.dir/__/__/Drivers/STM32L4xx_HAL_Driver/Src/stm32l4xx_hal_rcc_ex.c.obj
                0x0800f3e8                HAL_RCCEx_LSECSS_IRQHandler
 .text.HAL_RCCEx_LSECSS_Callback
                0x0800f410        0xe cmake/stm32cubemx/CMakeFiles/STM32_Drivers.dir/__/__/Drivers/STM32L4xx_HAL_Driver/Src/stm32l4xx_hal_rcc_ex.c.obj
                0x0800f410                HAL_RCCEx_LSECSS_Callback
 *fill*         0x0800f41e        0x2 
 .text.HAL_RCCEx_EnableLSCO
                0x0800f420       0xe4 cmake/stm32cubemx/CMakeFiles/STM32_Drivers.dir/__/__/Drivers/STM32L4xx_HAL_Driver/Src/stm32l4xx_hal_rcc_ex.c.obj
                0x0800f420                HAL_RCCEx_EnableLSCO
 .text.HAL_RCCEx_DisableLSCO
                0x0800f504       0x88 cmake/stm32cubemx/CMakeFiles/STM32_Drivers.dir/__/__/Drivers/STM32L4xx_HAL_Driver/Src/stm32l4xx_hal_rcc_ex.c.obj
                0x0800f504                HAL_RCCEx_DisableLSCO
 .text.HAL_RCCEx_EnableMSIPLLMode
                0x0800f58c       0x20 cmake/stm32cubemx/CMakeFiles/STM32_Drivers.dir/__/__/Drivers/STM32L4xx_HAL_Driver/Src/stm32l4xx_hal_rcc_ex.c.obj
                0x0800f58c                HAL_RCCEx_EnableMSIPLLMode
 .text.HAL_RCCEx_DisableMSIPLLMode
                0x0800f5ac       0x20 cmake/stm32cubemx/CMakeFiles/STM32_Drivers.dir/__/__/Drivers/STM32L4xx_HAL_Driver/Src/stm32l4xx_hal_rcc_ex.c.obj
                0x0800f5ac                HAL_RCCEx_DisableMSIPLLMode
 .text.RCCEx_PLLSAI1_Config
                0x0800f5cc      0x1e8 cmake/stm32cubemx/CMakeFiles/STM32_Drivers.dir/__/__/Drivers/STM32L4xx_HAL_Driver/Src/stm32l4xx_hal_rcc_ex.c.obj
 .text.RCCEx_PLLSAI2_Config
                0x0800f7b4      0x1bc cmake/stm32cubemx/CMakeFiles/STM32_Drivers.dir/__/__/Drivers/STM32L4xx_HAL_Driver/Src/stm32l4xx_hal_rcc_ex.c.obj
 .text.RCCEx_GetSAIxPeriphCLKFreq
                0x0800f970      0x1e0 cmake/stm32cubemx/CMakeFiles/STM32_Drivers.dir/__/__/Drivers/STM32L4xx_HAL_Driver/Src/stm32l4xx_hal_rcc_ex.c.obj
 .text.HAL_FLASH_Program
                0x0800fb50       0xd8 cmake/stm32cubemx/CMakeFiles/STM32_Drivers.dir/__/__/Drivers/STM32L4xx_HAL_Driver/Src/stm32l4xx_hal_flash.c.obj
                0x0800fb50                HAL_FLASH_Program
 .text.HAL_FLASH_Program_IT
                0x0800fc28       0xb0 cmake/stm32cubemx/CMakeFiles/STM32_Drivers.dir/__/__/Drivers/STM32L4xx_HAL_Driver/Src/stm32l4xx_hal_flash.c.obj
                0x0800fc28                HAL_FLASH_Program_IT
 .text.HAL_FLASH_IRQHandler
                0x0800fcd8      0x1ac cmake/stm32cubemx/CMakeFiles/STM32_Drivers.dir/__/__/Drivers/STM32L4xx_HAL_Driver/Src/stm32l4xx_hal_flash.c.obj
                0x0800fcd8                HAL_FLASH_IRQHandler
 .text.HAL_FLASH_EndOfOperationCallback
                0x0800fe84       0x14 cmake/stm32cubemx/CMakeFiles/STM32_Drivers.dir/__/__/Drivers/STM32L4xx_HAL_Driver/Src/stm32l4xx_hal_flash.c.obj
                0x0800fe84                HAL_FLASH_EndOfOperationCallback
 .text.HAL_FLASH_OperationErrorCallback
                0x0800fe98       0x14 cmake/stm32cubemx/CMakeFiles/STM32_Drivers.dir/__/__/Drivers/STM32L4xx_HAL_Driver/Src/stm32l4xx_hal_flash.c.obj
                0x0800fe98                HAL_FLASH_OperationErrorCallback
 .text.HAL_FLASH_Unlock
                0x0800feac       0x44 cmake/stm32cubemx/CMakeFiles/STM32_Drivers.dir/__/__/Drivers/STM32L4xx_HAL_Driver/Src/stm32l4xx_hal_flash.c.obj
                0x0800feac                HAL_FLASH_Unlock
 .text.HAL_FLASH_Lock
                0x0800fef0       0x20 cmake/stm32cubemx/CMakeFiles/STM32_Drivers.dir/__/__/Drivers/STM32L4xx_HAL_Driver/Src/stm32l4xx_hal_flash.c.obj
                0x0800fef0                HAL_FLASH_Lock
 .text.HAL_FLASH_OB_Unlock
                0x0800ff10       0x38 cmake/stm32cubemx/CMakeFiles/STM32_Drivers.dir/__/__/Drivers/STM32L4xx_HAL_Driver/Src/stm32l4xx_hal_flash.c.obj
                0x0800ff10                HAL_FLASH_OB_Unlock
 .text.HAL_FLASH_OB_Lock
                0x0800ff48       0x20 cmake/stm32cubemx/CMakeFiles/STM32_Drivers.dir/__/__/Drivers/STM32L4xx_HAL_Driver/Src/stm32l4xx_hal_flash.c.obj
                0x0800ff48                HAL_FLASH_OB_Lock
 .text.HAL_FLASH_OB_Launch
                0x0800ff68       0x24 cmake/stm32cubemx/CMakeFiles/STM32_Drivers.dir/__/__/Drivers/STM32L4xx_HAL_Driver/Src/stm32l4xx_hal_flash.c.obj
                0x0800ff68                HAL_FLASH_OB_Launch
 .text.HAL_FLASH_GetError
                0x0800ff8c       0x18 cmake/stm32cubemx/CMakeFiles/STM32_Drivers.dir/__/__/Drivers/STM32L4xx_HAL_Driver/Src/stm32l4xx_hal_flash.c.obj
                0x0800ff8c                HAL_FLASH_GetError
 .text.FLASH_WaitForLastOperation
                0x0800ffa4       0xac cmake/stm32cubemx/CMakeFiles/STM32_Drivers.dir/__/__/Drivers/STM32L4xx_HAL_Driver/Src/stm32l4xx_hal_flash.c.obj
                0x0800ffa4                FLASH_WaitForLastOperation
 .text.FLASH_Program_DoubleWord
                0x08010050       0x4c cmake/stm32cubemx/CMakeFiles/STM32_Drivers.dir/__/__/Drivers/STM32L4xx_HAL_Driver/Src/stm32l4xx_hal_flash.c.obj
 .text.FLASH_Program_Fast
                0x0801009c       0x6c cmake/stm32cubemx/CMakeFiles/STM32_Drivers.dir/__/__/Drivers/STM32L4xx_HAL_Driver/Src/stm32l4xx_hal_flash.c.obj
 .text.HAL_FLASHEx_Erase
                0x08010108      0x138 cmake/stm32cubemx/CMakeFiles/STM32_Drivers.dir/__/__/Drivers/STM32L4xx_HAL_Driver/Src/stm32l4xx_hal_flash_ex.c.obj
                0x08010108                HAL_FLASHEx_Erase
 .text.HAL_FLASHEx_Erase_IT
                0x08010240       0xe4 cmake/stm32cubemx/CMakeFiles/STM32_Drivers.dir/__/__/Drivers/STM32L4xx_HAL_Driver/Src/stm32l4xx_hal_flash_ex.c.obj
                0x08010240                HAL_FLASHEx_Erase_IT
 .text.HAL_FLASHEx_OBProgram
                0x08010324       0xdc cmake/stm32cubemx/CMakeFiles/STM32_Drivers.dir/__/__/Drivers/STM32L4xx_HAL_Driver/Src/stm32l4xx_hal_flash_ex.c.obj
                0x08010324                HAL_FLASHEx_OBProgram
 .text.HAL_FLASHEx_OBGetConfig
                0x08010400       0x9c cmake/stm32cubemx/CMakeFiles/STM32_Drivers.dir/__/__/Drivers/STM32L4xx_HAL_Driver/Src/stm32l4xx_hal_flash_ex.c.obj
                0x08010400                HAL_FLASHEx_OBGetConfig
 .text.FLASH_MassErase
                0x0801049c       0x50 cmake/stm32cubemx/CMakeFiles/STM32_Drivers.dir/__/__/Drivers/STM32L4xx_HAL_Driver/Src/stm32l4xx_hal_flash_ex.c.obj
 .text.FLASH_PageErase
                0x080104ec       0x6c cmake/stm32cubemx/CMakeFiles/STM32_Drivers.dir/__/__/Drivers/STM32L4xx_HAL_Driver/Src/stm32l4xx_hal_flash_ex.c.obj
                0x080104ec                FLASH_PageErase
 .text.FLASH_FlushCaches
                0x08010558       0x94 cmake/stm32cubemx/CMakeFiles/STM32_Drivers.dir/__/__/Drivers/STM32L4xx_HAL_Driver/Src/stm32l4xx_hal_flash_ex.c.obj
                0x08010558                FLASH_FlushCaches
 .text.FLASH_OB_WRPConfig
                0x080105ec       0xc8 cmake/stm32cubemx/CMakeFiles/STM32_Drivers.dir/__/__/Drivers/STM32L4xx_HAL_Driver/Src/stm32l4xx_hal_flash_ex.c.obj
 .text.FLASH_OB_RDPConfig
                0x080106b4       0x5c cmake/stm32cubemx/CMakeFiles/STM32_Drivers.dir/__/__/Drivers/STM32L4xx_HAL_Driver/Src/stm32l4xx_hal_flash_ex.c.obj
 .text.FLASH_OB_UserConfig
                0x08010710      0x1f0 cmake/stm32cubemx/CMakeFiles/STM32_Drivers.dir/__/__/Drivers/STM32L4xx_HAL_Driver/Src/stm32l4xx_hal_flash_ex.c.obj
 .text.FLASH_OB_PCROPConfig
                0x08010900      0x158 cmake/stm32cubemx/CMakeFiles/STM32_Drivers.dir/__/__/Drivers/STM32L4xx_HAL_Driver/Src/stm32l4xx_hal_flash_ex.c.obj
 .text.FLASH_OB_GetWRP
                0x08010a58       0x94 cmake/stm32cubemx/CMakeFiles/STM32_Drivers.dir/__/__/Drivers/STM32L4xx_HAL_Driver/Src/stm32l4xx_hal_flash_ex.c.obj
 .text.FLASH_OB_GetRDP
                0x08010aec       0x34 cmake/stm32cubemx/CMakeFiles/STM32_Drivers.dir/__/__/Drivers/STM32L4xx_HAL_Driver/Src/stm32l4xx_hal_flash_ex.c.obj
 .text.FLASH_OB_GetUser
                0x08010b20       0x28 cmake/stm32cubemx/CMakeFiles/STM32_Drivers.dir/__/__/Drivers/STM32L4xx_HAL_Driver/Src/stm32l4xx_hal_flash_ex.c.obj
 .text.FLASH_OB_GetPCROP
                0x08010b48      0x110 cmake/stm32cubemx/CMakeFiles/STM32_Drivers.dir/__/__/Drivers/STM32L4xx_HAL_Driver/Src/stm32l4xx_hal_flash_ex.c.obj
 .text.HAL_GPIO_Init
                0x08010c58      0x354 cmake/stm32cubemx/CMakeFiles/STM32_Drivers.dir/__/__/Drivers/STM32L4xx_HAL_Driver/Src/stm32l4xx_hal_gpio.c.obj
                0x08010c58                HAL_GPIO_Init
 .text.HAL_GPIO_DeInit
                0x08010fac      0x1e8 cmake/stm32cubemx/CMakeFiles/STM32_Drivers.dir/__/__/Drivers/STM32L4xx_HAL_Driver/Src/stm32l4xx_hal_gpio.c.obj
                0x08010fac                HAL_GPIO_DeInit
 .text.HAL_GPIO_ReadPin
                0x08011194       0x30 cmake/stm32cubemx/CMakeFiles/STM32_Drivers.dir/__/__/Drivers/STM32L4xx_HAL_Driver/Src/stm32l4xx_hal_gpio.c.obj
                0x08011194                HAL_GPIO_ReadPin
 .text.HAL_GPIO_WritePin
                0x080111c4       0x30 cmake/stm32cubemx/CMakeFiles/STM32_Drivers.dir/__/__/Drivers/STM32L4xx_HAL_Driver/Src/stm32l4xx_hal_gpio.c.obj
                0x080111c4                HAL_GPIO_WritePin
 .text.HAL_GPIO_TogglePin
                0x080111f4       0x34 cmake/stm32cubemx/CMakeFiles/STM32_Drivers.dir/__/__/Drivers/STM32L4xx_HAL_Driver/Src/stm32l4xx_hal_gpio.c.obj
                0x080111f4                HAL_GPIO_TogglePin
 .text.HAL_GPIO_LockPin
                0x08011228       0x50 cmake/stm32cubemx/CMakeFiles/STM32_Drivers.dir/__/__/Drivers/STM32L4xx_HAL_Driver/Src/stm32l4xx_hal_gpio.c.obj
                0x08011228                HAL_GPIO_LockPin
 .text.HAL_GPIO_EXTI_IRQHandler
                0x08011278       0x30 cmake/stm32cubemx/CMakeFiles/STM32_Drivers.dir/__/__/Drivers/STM32L4xx_HAL_Driver/Src/stm32l4xx_hal_gpio.c.obj
                0x08011278                HAL_GPIO_EXTI_IRQHandler
 .text.HAL_GPIO_EXTI_Callback
                0x080112a8       0x16 cmake/stm32cubemx/CMakeFiles/STM32_Drivers.dir/__/__/Drivers/STM32L4xx_HAL_Driver/Src/stm32l4xx_hal_gpio.c.obj
                0x080112a8                HAL_GPIO_EXTI_Callback
 *fill*         0x080112be        0x2 
 .text.HAL_DMA_Init
                0x080112c0      0x170 cmake/stm32cubemx/CMakeFiles/STM32_Drivers.dir/__/__/Drivers/STM32L4xx_HAL_Driver/Src/stm32l4xx_hal_dma.c.obj
                0x080112c0                HAL_DMA_Init
 .text.HAL_DMA_DeInit
                0x08011430      0x124 cmake/stm32cubemx/CMakeFiles/STM32_Drivers.dir/__/__/Drivers/STM32L4xx_HAL_Driver/Src/stm32l4xx_hal_dma.c.obj
                0x08011430                HAL_DMA_DeInit
 .text.HAL_DMA_Start
                0x08011554       0x8c cmake/stm32cubemx/CMakeFiles/STM32_Drivers.dir/__/__/Drivers/STM32L4xx_HAL_Driver/Src/stm32l4xx_hal_dma.c.obj
                0x08011554                HAL_DMA_Start
 .text.HAL_DMA_Start_IT
                0x080115e0       0xc6 cmake/stm32cubemx/CMakeFiles/STM32_Drivers.dir/__/__/Drivers/STM32L4xx_HAL_Driver/Src/stm32l4xx_hal_dma.c.obj
                0x080115e0                HAL_DMA_Start_IT
 .text.HAL_DMA_Abort
                0x080116a6       0x82 cmake/stm32cubemx/CMakeFiles/STM32_Drivers.dir/__/__/Drivers/STM32L4xx_HAL_Driver/Src/stm32l4xx_hal_dma.c.obj
                0x080116a6                HAL_DMA_Abort
 .text.HAL_DMA_Abort_IT
                0x08011728       0x82 cmake/stm32cubemx/CMakeFiles/STM32_Drivers.dir/__/__/Drivers/STM32L4xx_HAL_Driver/Src/stm32l4xx_hal_dma.c.obj
                0x08011728                HAL_DMA_Abort_IT
 .text.HAL_DMA_PollForTransfer
                0x080117aa      0x14e cmake/stm32cubemx/CMakeFiles/STM32_Drivers.dir/__/__/Drivers/STM32L4xx_HAL_Driver/Src/stm32l4xx_hal_dma.c.obj
                0x080117aa                HAL_DMA_PollForTransfer
 .text.HAL_DMA_IRQHandler
                0x080118f8      0x18c cmake/stm32cubemx/CMakeFiles/STM32_Drivers.dir/__/__/Drivers/STM32L4xx_HAL_Driver/Src/stm32l4xx_hal_dma.c.obj
                0x080118f8                HAL_DMA_IRQHandler
 .text.HAL_DMA_RegisterCallback
                0x08011a84       0x90 cmake/stm32cubemx/CMakeFiles/STM32_Drivers.dir/__/__/Drivers/STM32L4xx_HAL_Driver/Src/stm32l4xx_hal_dma.c.obj
                0x08011a84                HAL_DMA_RegisterCallback
 .text.HAL_DMA_UnRegisterCallback
                0x08011b14       0xb0 cmake/stm32cubemx/CMakeFiles/STM32_Drivers.dir/__/__/Drivers/STM32L4xx_HAL_Driver/Src/stm32l4xx_hal_dma.c.obj
                0x08011b14                HAL_DMA_UnRegisterCallback
 .text.HAL_DMA_GetState
                0x08011bc4       0x1c cmake/stm32cubemx/CMakeFiles/STM32_Drivers.dir/__/__/Drivers/STM32L4xx_HAL_Driver/Src/stm32l4xx_hal_dma.c.obj
                0x08011bc4                HAL_DMA_GetState
 .text.HAL_DMA_GetError
                0x08011be0       0x18 cmake/stm32cubemx/CMakeFiles/STM32_Drivers.dir/__/__/Drivers/STM32L4xx_HAL_Driver/Src/stm32l4xx_hal_dma.c.obj
                0x08011be0                HAL_DMA_GetError
 .text.DMA_SetConfig
                0x08011bf8       0x60 cmake/stm32cubemx/CMakeFiles/STM32_Drivers.dir/__/__/Drivers/STM32L4xx_HAL_Driver/Src/stm32l4xx_hal_dma.c.obj
 .text.HAL_PWR_DeInit
                0x08011c58       0x2c cmake/stm32cubemx/CMakeFiles/STM32_Drivers.dir/__/__/Drivers/STM32L4xx_HAL_Driver/Src/stm32l4xx_hal_pwr.c.obj
                0x08011c58                HAL_PWR_DeInit
 .text.HAL_PWR_EnableBkUpAccess
                0x08011c84       0x20 cmake/stm32cubemx/CMakeFiles/STM32_Drivers.dir/__/__/Drivers/STM32L4xx_HAL_Driver/Src/stm32l4xx_hal_pwr.c.obj
                0x08011c84                HAL_PWR_EnableBkUpAccess
 .text.HAL_PWR_DisableBkUpAccess
                0x08011ca4       0x20 cmake/stm32cubemx/CMakeFiles/STM32_Drivers.dir/__/__/Drivers/STM32L4xx_HAL_Driver/Src/stm32l4xx_hal_pwr.c.obj
                0x08011ca4                HAL_PWR_DisableBkUpAccess
 .text.HAL_PWR_ConfigPVD
                0x08011cc4       0xc0 cmake/stm32cubemx/CMakeFiles/STM32_Drivers.dir/__/__/Drivers/STM32L4xx_HAL_Driver/Src/stm32l4xx_hal_pwr.c.obj
                0x08011cc4                HAL_PWR_ConfigPVD
 .text.HAL_PWR_EnablePVD
                0x08011d84       0x20 cmake/stm32cubemx/CMakeFiles/STM32_Drivers.dir/__/__/Drivers/STM32L4xx_HAL_Driver/Src/stm32l4xx_hal_pwr.c.obj
                0x08011d84                HAL_PWR_EnablePVD
 .text.HAL_PWR_DisablePVD
                0x08011da4       0x20 cmake/stm32cubemx/CMakeFiles/STM32_Drivers.dir/__/__/Drivers/STM32L4xx_HAL_Driver/Src/stm32l4xx_hal_pwr.c.obj
                0x08011da4                HAL_PWR_DisablePVD
 .text.HAL_PWR_EnableWakeUpPin
                0x08011dc4       0x40 cmake/stm32cubemx/CMakeFiles/STM32_Drivers.dir/__/__/Drivers/STM32L4xx_HAL_Driver/Src/stm32l4xx_hal_pwr.c.obj
                0x08011dc4                HAL_PWR_EnableWakeUpPin
 .text.HAL_PWR_DisableWakeUpPin
                0x08011e04       0x2c cmake/stm32cubemx/CMakeFiles/STM32_Drivers.dir/__/__/Drivers/STM32L4xx_HAL_Driver/Src/stm32l4xx_hal_pwr.c.obj
                0x08011e04                HAL_PWR_DisableWakeUpPin
 .text.HAL_PWR_EnterSLEEPMode
                0x08011e30       0x68 cmake/stm32cubemx/CMakeFiles/STM32_Drivers.dir/__/__/Drivers/STM32L4xx_HAL_Driver/Src/stm32l4xx_hal_pwr.c.obj
                0x08011e30                HAL_PWR_EnterSLEEPMode
 .text.HAL_PWR_EnterSTOPMode
                0x08011e98       0x2e cmake/stm32cubemx/CMakeFiles/STM32_Drivers.dir/__/__/Drivers/STM32L4xx_HAL_Driver/Src/stm32l4xx_hal_pwr.c.obj
                0x08011e98                HAL_PWR_EnterSTOPMode
 *fill*         0x08011ec6        0x2 
 .text.HAL_PWR_EnterSTANDBYMode
                0x08011ec8       0x34 cmake/stm32cubemx/CMakeFiles/STM32_Drivers.dir/__/__/Drivers/STM32L4xx_HAL_Driver/Src/stm32l4xx_hal_pwr.c.obj
                0x08011ec8                HAL_PWR_EnterSTANDBYMode
 .text.HAL_PWR_EnableSleepOnExit
                0x08011efc       0x20 cmake/stm32cubemx/CMakeFiles/STM32_Drivers.dir/__/__/Drivers/STM32L4xx_HAL_Driver/Src/stm32l4xx_hal_pwr.c.obj
                0x08011efc                HAL_PWR_EnableSleepOnExit
 .text.HAL_PWR_DisableSleepOnExit
                0x08011f1c       0x20 cmake/stm32cubemx/CMakeFiles/STM32_Drivers.dir/__/__/Drivers/STM32L4xx_HAL_Driver/Src/stm32l4xx_hal_pwr.c.obj
                0x08011f1c                HAL_PWR_DisableSleepOnExit
 .text.HAL_PWR_EnableSEVOnPend
                0x08011f3c       0x20 cmake/stm32cubemx/CMakeFiles/STM32_Drivers.dir/__/__/Drivers/STM32L4xx_HAL_Driver/Src/stm32l4xx_hal_pwr.c.obj