Archive member included to satisfy reference by file (symbol)

/usr/lib/gcc/arm-none-eabi/13.2.1/../../../arm-none-eabi/lib/thumb/v7e-m+fp/hard/libm.a(libm_a-wf_sqrt.o)
                              CMakeFiles/tof_sensors.dir/Core/Src/main.c.obj (sqrtf)
/usr/lib/gcc/arm-none-eabi/13.2.1/../../../arm-none-eabi/lib/thumb/v7e-m+fp/hard/libm.a(libm_a-ef_sqrt.o)
                              /usr/lib/gcc/arm-none-eabi/13.2.1/../../../arm-none-eabi/lib/thumb/v7e-m+fp/hard/libm.a(libm_a-wf_sqrt.o) (__ieee754_sqrtf)
/usr/lib/gcc/arm-none-eabi/13.2.1/thumb/v7e-m+fp/hard/libgcc.a(_aeabi_uldivmod.o)
                              cmake/stm32cubemx/CMakeFiles/STM32_Drivers.dir/__/__/Drivers/STM32L4xx_HAL_Driver/Src/stm32l4xx_hal_uart.c.obj (__aeabi_uldivmod)
/usr/lib/gcc/arm-none-eabi/13.2.1/thumb/v7e-m+fp/hard/libgcc.a(_udivmoddi4.o)
                              /usr/lib/gcc/arm-none-eabi/13.2.1/thumb/v7e-m+fp/hard/libgcc.a(_aeabi_uldivmod.o) (__udivmoddi4)
/usr/lib/gcc/arm-none-eabi/13.2.1/thumb/v7e-m+fp/hard/libgcc.a(_dvmd_tls.o)
                              /usr/lib/gcc/arm-none-eabi/13.2.1/thumb/v7e-m+fp/hard/libgcc.a(_aeabi_uldivmod.o) (__aeabi_ldiv0)
/usr/lib/gcc/arm-none-eabi/13.2.1/../../../arm-none-eabi/lib/thumb/v7e-m+fp/hard/libg_nano.a(libc_a-init.o)
                              /usr/lib/gcc/arm-none-eabi/13.2.1/../../../arm-none-eabi/lib/thumb/v7e-m+fp/hard/crt0.o (__libc_init_array)
/usr/lib/gcc/arm-none-eabi/13.2.1/../../../arm-none-eabi/lib/thumb/v7e-m+fp/hard/libg_nano.a(libc_a-puts.o)
                              CMakeFiles/tof_sensors.dir/Core/Src/main.c.obj (puts)
/usr/lib/gcc/arm-none-eabi/13.2.1/../../../arm-none-eabi/lib/thumb/v7e-m+fp/hard/libg_nano.a(libc_a-findfp.o)
                              /usr/lib/gcc/arm-none-eabi/13.2.1/../../../arm-none-eabi/lib/thumb/v7e-m+fp/hard/libg_nano.a(libc_a-puts.o) (__sinit)
/usr/lib/gcc/arm-none-eabi/13.2.1/../../../arm-none-eabi/lib/thumb/v7e-m+fp/hard/libg_nano.a(libc_a-memset.o)
                              /usr/lib/gcc/arm-none-eabi/13.2.1/../../../arm-none-eabi/lib/thumb/v7e-m+fp/hard/crt0.o (memset)
/usr/lib/gcc/arm-none-eabi/13.2.1/../../../arm-none-eabi/lib/thumb/v7e-m+fp/hard/libg_nano.a(libc_a-fflush.o)
                              /usr/lib/gcc/arm-none-eabi/13.2.1/../../../arm-none-eabi/lib/thumb/v7e-m+fp/hard/libg_nano.a(libc_a-findfp.o) (_fflush_r)
/usr/lib/gcc/arm-none-eabi/13.2.1/../../../arm-none-eabi/lib/thumb/v7e-m+fp/hard/libg_nano.a(libc_a-putchar.o)
                              CMakeFiles/tof_sensors.dir/Core/Src/main.c.obj (putchar)
/usr/lib/gcc/arm-none-eabi/13.2.1/../../../arm-none-eabi/lib/thumb/v7e-m+fp/hard/libg_nano.a(libc_a-errno.o)
                              CMakeFiles/tof_sensors.dir/Core/Src/sysmem.c.obj (__errno)
/usr/lib/gcc/arm-none-eabi/13.2.1/../../../arm-none-eabi/lib/thumb/v7e-m+fp/hard/libg_nano.a(libc_a-mallocr.o)
                              /usr/lib/gcc/arm-none-eabi/13.2.1/../../../arm-none-eabi/lib/thumb/v7e-m+fp/hard/libg_nano.a(libc_a-findfp.o) (_malloc_r)
/usr/lib/gcc/arm-none-eabi/13.2.1/../../../arm-none-eabi/lib/thumb/v7e-m+fp/hard/libg_nano.a(libc_a-freer.o)
                              /usr/lib/gcc/arm-none-eabi/13.2.1/../../../arm-none-eabi/lib/thumb/v7e-m+fp/hard/libg_nano.a(libc_a-fflush.o) (_free_r)
/usr/lib/gcc/arm-none-eabi/13.2.1/../../../arm-none-eabi/lib/thumb/v7e-m+fp/hard/libg_nano.a(libc_a-fwalk.o)
                              /usr/lib/gcc/arm-none-eabi/13.2.1/../../../arm-none-eabi/lib/thumb/v7e-m+fp/hard/libg_nano.a(libc_a-findfp.o) (_fwalk_sglue)
/usr/lib/gcc/arm-none-eabi/13.2.1/../../../arm-none-eabi/lib/thumb/v7e-m+fp/hard/libg_nano.a(libc_a-wsetup.o)
                              /usr/lib/gcc/arm-none-eabi/13.2.1/../../../arm-none-eabi/lib/thumb/v7e-m+fp/hard/libg_nano.a(libc_a-puts.o) (__swsetup_r)
/usr/lib/gcc/arm-none-eabi/13.2.1/../../../arm-none-eabi/lib/thumb/v7e-m+fp/hard/libg_nano.a(libc_a-memcpy.o)
                              CMakeFiles/tof_sensors.dir/Core/Src/platform.c.obj (memcpy)
/usr/lib/gcc/arm-none-eabi/13.2.1/../../../arm-none-eabi/lib/thumb/v7e-m+fp/hard/libg_nano.a(libc_a-malloc.o)
                              CMakeFiles/tof_sensors.dir/Core/Src/platform.c.obj (malloc)
/usr/lib/gcc/arm-none-eabi/13.2.1/../../../arm-none-eabi/lib/thumb/v7e-m+fp/hard/libg_nano.a(libc_a-putc.o)
                              /usr/lib/gcc/arm-none-eabi/13.2.1/../../../arm-none-eabi/lib/thumb/v7e-m+fp/hard/libg_nano.a(libc_a-putchar.o) (_putc_r)
/usr/lib/gcc/arm-none-eabi/13.2.1/../../../arm-none-eabi/lib/thumb/v7e-m+fp/hard/libg_nano.a(libc_a-mlock.o)
                              /usr/lib/gcc/arm-none-eabi/13.2.1/../../../arm-none-eabi/lib/thumb/v7e-m+fp/hard/libg_nano.a(libc_a-mallocr.o) (__malloc_lock)
/usr/lib/gcc/arm-none-eabi/13.2.1/../../../arm-none-eabi/lib/thumb/v7e-m+fp/hard/libg_nano.a(libc_a-makebuf.o)
                              /usr/lib/gcc/arm-none-eabi/13.2.1/../../../arm-none-eabi/lib/thumb/v7e-m+fp/hard/libg_nano.a(libc_a-wsetup.o) (__smakebuf_r)
[...]
Memory Configuration

Name             Origin             Length             Attributes
RAM              0x20000000         0x00018000         xrw
RAM2             0x10000000         0x00008000         xrw
FLASH            0x08000000         0x00100000         xr
*default*        0x00000000         0xffffffff

Linker script and memory map

LOAD /usr/lib/gcc/arm-none-eabi/13.2.1/thumb/v7e-m+fp/hard/crti.o
LOAD /usr/lib/gcc/arm-none-eabi/13.2.1/thumb/v7e-m+fp/hard/crtbegin.o
LOAD /usr/lib/gcc/arm-none-eabi/13.2.1/../../../arm-none-eabi/lib/thumb/v7e-m+fp/hard/crt0.o
LOAD CMakeFiles/tof_sensors.dir/Core/Src/main.c.obj
LOAD CMakeFiles/tof_sensors.dir/Core/Src/gpio.c.obj
LOAD CMakeFiles/tof_sensors.dir/Core/Src/i2c.c.obj
LOAD CMakeFiles/tof_sensors.dir/Core/Src/usart.c.obj
LOAD CMakeFiles/tof_sensors.dir/Core/Src/stm32l4xx_it.c.obj
LOAD CMakeFiles/tof_sensors.dir/Core/Src/stm32l4xx_hal_msp.c.obj
LOAD CMakeFiles/tof_sensors.dir/Core/Src/sysmem.c.obj
LOAD CMakeFiles/tof_sensors.dir/Core/Src/syscalls.c.obj
LOAD CMakeFiles/tof_sensors.dir/startup_stm32l476xx.s.obj
LOAD CMakeFiles/tof_sensors.dir/Core/Src/platform.c.obj
LOAD CMakeFiles/tof_sensors.dir/Drivers/VL53L7CX_ULD_API/src/vl53l7cx_api.c.obj
LOAD CMakeFiles/tof_sensors.dir/Drivers/VL53L7CX_ULD_API/src/vl53l7cx_plugin_motion_indicator.c.obj
LOAD CMakeFiles/tof_sensors.dir/Drivers/VL53L7CX_ULD_API/src/vl53l7cx_plugin_xtalk.c.obj
LOAD CMakeFiles/tof_sensors.dir/Drivers/VL53L7CX_ULD_API/src/vl53l7cx_plugin_detection_thresholds.c.obj
LOAD cmake/stm32cubemx/CMakeFiles/STM32_Drivers.dir/__/__/Core/Src/system_stm32l4xx.c.obj
LOAD cmake/stm32cubemx/CMakeFiles/STM32_Drivers.dir/__/__/Drivers/STM32L4xx_HAL_Driver/Src/stm32l4xx_hal_i2c.c.obj
LOAD cmake/stm32cubemx/CMakeFiles/STM32_Drivers.dir/__/__/Drivers/STM32L4xx_HAL_Driver/Src/stm32l4xx_hal_i2c_ex.c.obj
LOAD cmake/stm32cubemx/CMakeFiles/STM32_Drivers.dir/__/__/Drivers/STM32L4xx_HAL_Driver/Src/stm32l4xx_hal.c.obj
LOAD cmake/stm32cubemx/CMakeFiles/STM32_Drivers.dir/__/__/Drivers/STM32L4xx_HAL_Driver/Src/stm32l4xx_hal_rcc.c.obj
LOAD cmake/stm32cubemx/CMakeFiles/STM32_Drivers.dir/__/__/Drivers/STM32L4xx_HAL_Driver/Src/stm32l4xx_hal_rcc_ex.c.obj
LOAD cmake/stm32cubemx/CMakeFiles/STM32_Drivers.dir/__/__/Drivers/STM32L4xx_HAL_Driver/Src/stm32l4xx_hal_flash.c.obj
LOAD cmake/stm32cubemx/CMakeFiles/STM32_Drivers.dir/__/__/Drivers/STM32L4xx_HAL_Driver/Src/stm32l4xx_hal_flash_ex.c.obj
LOAD cmake/stm32cubemx/CMakeFiles/STM32_Drivers.dir/__/__/Drivers/STM32L4xx_HAL_Driver/Src/stm32l4xx_hal_flash_ramfunc.c.obj
LOAD cmake/stm32cubemx/CMakeFiles/STM32_Drivers.dir/__/__/Drivers/STM32L4xx_HAL_Driver/Src/stm32l4xx_hal_gpio.c.obj
LOAD cmake/stm32cubemx/CMakeFiles/STM32_Drivers.dir/__/__/Drivers/STM32L4xx_HAL_Driver/Src/stm32l4xx_hal_dma.c.obj
LOAD cmake/stm32cubemx/CMakeFiles/STM32_Drivers.dir/__/__/Drivers/STM32L4xx_HAL_Driver/Src/stm32l4xx_hal_dma_ex.c.obj
LOAD cmake/stm32cubemx/CMakeFiles/STM32_Drivers.dir/__/__/Drivers/STM32L4xx_HAL_Driver/Src/stm32l4xx_hal_pwr.c.obj
LOAD cmake/stm32cubemx/CMakeFiles/STM32_Drivers.dir/__/__/Drivers/STM32L4xx_HAL_Driver/Src/stm32l4xx_hal_pwr_ex.c.obj
LOAD cmake/stm32cubemx/CMakeFiles/STM32_Drivers.dir/__/__/Drivers/STM32L4xx_HAL_Driver/Src/stm32l4xx_hal_cortex.c.obj
LOAD cmake/stm32cubemx/CMakeFiles/STM32_Drivers.dir/__/__/Drivers/STM32L4xx_HAL_Driver/Src/stm32l4xx_hal_exti.c.obj
LOAD cmake/stm32cubemx/CMakeFiles/STM32_Drivers.dir/__/__/Drivers/STM32L4xx_HAL_Driver/Src/stm32l4xx_hal_uart.c.obj
LOAD cmake/stm32cubemx/CMakeFiles/STM32_Drivers.dir/__/__/Drivers/STM32L4xx_HAL_Driver/Src/stm32l4xx_hal_uart_ex.c.obj
LOAD /usr/lib/gcc/arm-none-eabi/13.2.1/../../../arm-none-eabi/lib/thumb/v7e-m+fp/hard/libm.a
START GROUP
LOAD /usr/lib/gcc/arm-none-eabi/13.2.1/thumb/v7e-m+fp/hard/libgcc.a
LOAD /usr/lib/gcc/arm-none-eabi/13.2.1/../../../arm-none-eabi/lib/thumb/v7e-m+fp/hard/libg_nano.a
LOAD /usr/lib/gcc/arm-none-eabi/13.2.1/../../../arm-none-eabi/lib/thumb/v7e-m+fp/hard/libc_nano.a
END GROUP
START GROUP
LOAD /usr/lib/gcc/arm-none-eabi/13.2.1/thumb/v7e-m+fp/hard/libgcc.a
LOAD /usr/lib/gcc/arm-none-eabi/13.2.1/../../../arm-none-eabi/lib/thumb/v7e-m+fp/hard/libc_nano.a
END GROUP
LOAD /usr/lib/gcc/arm-none-eabi/13.2.1/thumb/v7e-m+fp/hard/crtend.o
LOAD /usr/lib/gcc/arm-none-eabi/13.2.1/thumb/v7e-m+fp/hard/crtn.o
                0x20018000                        _estack = (ORIGIN (RAM) + LENGTH (RAM))
                0x00000200                        _Min_Heap_Size = 0x200
                0x00000400                        _Min_Stack_Size = 0x400

.isr_vector     0x08000000      0x188
                0x08000000                        . = ALIGN (0x8)
 *(.isr_vector)
 .isr_vector    0x08000000      0x188 CMakeFiles/tof_sensors.dir/startup_stm32l476xx.s.obj
                0x08000000                g_pfnVectors
                0x08000188                        . = ALIGN (0x8)

.text           0x08000190    0x176f0
                0x08000190                        . = ALIGN (0x8)
 *(.text)
 .text          0x08000190        0x0 /usr/lib/gcc/arm-none-eabi/13.2.1/thumb/v7e-m+fp/hard/crti.o
 .text          0x08000190       0x88 /usr/lib/gcc/arm-none-eabi/13.2.1/thumb/v7e-m+fp/hard/crtbegin.o
 .text          0x08000218       0x70 /usr/lib/gcc/arm-none-eabi/13.2.1/../../../arm-none-eabi/lib/thumb/v7e-m+fp/hard/crt0.o
                0x08000218                _stack_init
                0x08000220                _mainCRTStartup
                0x08000220                _start
 .text          0x08000288        0x0 CMakeFiles/tof_sensors.dir/Core/Src/main.c.obj
 .text          0x08000288        0x0 CMakeFiles/tof_sensors.dir/Core/Src/gpio.c.obj
 .text          0x08000288        0x0 CMakeFiles/tof_sensors.dir/Core/Src/i2c.c.obj
 .text          0x08000288        0x0 CMakeFiles/tof_sensors.dir/Core/Src/usart.c.obj
 .text          0x08000288        0x0 CMakeFiles/tof_sensors.dir/Core/Src/stm32l4xx_it.c.obj
 .text          0x08000288        0x0 CMakeFiles/tof_sensors.dir/Core/Src/stm32l4xx_hal_msp.c.obj
 .text          0x08000288        0x0 CMakeFiles/tof_sensors.dir/Core/Src/sysmem.c.obj
 .text          0x08000288        0x0 CMakeFiles/tof_sensors.dir/Core/Src/syscalls.c.obj
 .text          0x08000288       0x14 CMakeFiles/tof_sensors.dir/startup_stm32l476xx.s.obj
 .text          0x0800029c        0x0 CMakeFiles/tof_sensors.dir/Core/Src/platform.c.obj
 .text          0x0800029c        0x0 CMakeFiles/tof_sensors.dir/Drivers/VL53L7CX_ULD_API/src/vl53l7cx_api.c.obj
 .text          0x0800029c        0x0 CMakeFiles/tof_sensors.dir/Drivers/VL53L7CX_ULD_API/src/vl53l7cx_plugin_motion_indicator.c.obj
 .text          0x0800029c        0x0 CMakeFiles/tof_sensors.dir/Drivers/VL53L7CX_ULD_API/src/vl53l7cx_plugin_xtalk.c.obj
 .text          0x0800029c        0x0 CMakeFiles/tof_sensors.dir/Drivers/VL53L7CX_ULD_API/src/vl53l7cx_plugin_detection_thresholds.c.obj
 .text          0x0800029c        0x0 cmake/stm32cubemx/CMakeFiles/STM32_Drivers.dir/__/__/Core/Src/system_stm32l4xx.c.obj
 .text          0x0800029c        0x0 cmake/stm32cubemx/CMakeFiles/STM32_Drivers.dir/__/__/Drivers/STM32L4xx_HAL_Driver/Src/stm32l4xx_hal_i2c.c.obj
 .text          0x0800029c        0x0 cmake/stm32cubemx/CMakeFiles/STM32_Drivers.dir/__/__/Drivers/STM32L4xx_HAL_Driver/Src/stm32l4xx_hal_i2c_ex.c.obj
 .text          0x0800029c        0x0 cmake/stm32cubemx/CMakeFiles/STM32_Drivers.dir/__/__/Drivers/STM32L4xx_HAL_Driver/Src/stm32l4xx_hal.c.obj
 .text          0x0800029c        0x0 cmake/stm32cubemx/CMakeFiles/STM32_Drivers.dir/__/__/Drivers/STM32L4xx_HAL_Driver/Src/stm32l4xx_hal_rcc.c.obj
 .text          0x0800029c        0x0 cmake/stm32cubemx/CMakeFiles/STM32_Drivers.dir/__/__/Drivers/STM32L4xx_HAL_Driver/Src/stm32l4xx_hal_rcc_ex.c.obj
 .text          0x0800029c        0x0 cmake/stm32cubemx/CMakeFiles/STM32_Drivers.dir/__/__/Drivers/STM32L4xx_HAL_Driver/Src/stm32l4xx_hal_flash.c.obj
 .text          0x0800029c        0x0 cmake/stm32cubemx/CMakeFiles/STM32_Drivers.dir/__/__/Drivers/STM32L4xx_HAL_Driver/Src/stm32l4xx_hal_flash_ex.c.obj
 .text          0x0800029c        0x0 cmake/stm32cubemx/CMakeFiles/STM32_Drivers.dir/__/__/Drivers/STM32L4xx_HAL_Driver/Src/stm32l4xx_hal_flash_ramfunc.c.obj
 .text          0x0800029c        0x0 cmake/stm32cubemx/CMakeFiles/STM32_Drivers.dir/__/__/Drivers/STM32L4xx_HAL_Driver/Src/stm32l4xx_hal_gpio.c.obj
 .text          0x0800029c        0x0 cmake/stm32cubemx/CMakeFiles/STM32_Drivers.dir/__/__/Drivers/STM32L4xx_HAL_Driver/Src/stm32l4xx_hal_dma.c.obj
 .text          0x0800029c        0x0 cmake/stm32cubemx/CMakeFiles/STM32_Drivers.dir/__/__/Drivers/STM32L4xx_HAL_Driver/Src/stm32l4xx_hal_dma_ex.c.obj
 .text          0x0800029c        0x0 cmake/stm32cubemx/CMakeFiles/STM32_Drivers.dir/__/__/Drivers/STM32L4xx_HAL_Driver/Src/stm32l4xx_hal_pwr.c.obj
 .text          0x0800029c        0x0 cmake/stm32cubemx/CMakeFiles/STM32_Drivers.dir/__/__/Drivers/STM32L4xx_HAL_Driver/Src/stm32l4xx_hal_pwr_ex.c.obj
 .text          0x0800029c        0x0 cmake/stm32cubemx/CMakeFiles/STM32_Drivers.dir/__/__/Drivers/STM32L4xx_HAL_Driver/Src/stm32l4xx_hal_cortex.c.obj
 .text          0x0800029c        0x0 cmake/stm32cubemx/CMakeFiles/STM32_Drivers.dir/__/__/Drivers/STM32L4xx_HAL_Driver/Src/stm32l4xx_hal_exti.c.obj
 .text          0x0800029c        0x0 cmake/stm32cubemx/CMakeFiles/STM32_Drivers.dir/__/__/Drivers/STM32L4xx_HAL_Driver/Src/stm32l4xx_hal_uart.c.obj
 .text          0x0800029c        0x0 cmake/stm32cubemx/CMakeFiles/STM32_Drivers.dir/__/__/Drivers/STM32L4xx_HAL_Driver/Src/stm32l4xx_hal_uart_ex.c.obj
 .text          0x0800029c       0x44 /usr/lib/gcc/arm-none-eabi/13.2.1/../../../arm-none-eabi/lib/thumb/v7e-m+fp/hard/libm.a(libm_a-wf_sqrt.o)
                0x0800029c                sqrtf
 .text          0x080002e0        0x8 /usr/lib/gcc/arm-none-eabi/13.2.1/../../../arm-none-eabi/lib/thumb/v7e-m+fp/hard/libm.a(libm_a-ef_sqrt.o)
                0x080002e0                __ieee754_sqrtf
 .text          0x080002e8       0x30 /usr/lib/gcc/arm-none-eabi/13.2.1/thumb/v7e-m+fp/hard/libgcc.a(_aeabi_uldivmod.o)
                0x080002e8                __aeabi_uldivmod
 .text          0x08000318      0x2bc /usr/lib/gcc/arm-none-eabi/13.2.1/thumb/v7e-m+fp/hard/libgcc.a(_udivmoddi4.o)
                0x08000318                __udivmoddi4
 .text          0x080005d4        0x4 /usr/lib/gcc/arm-none-eabi/13.2.1/thumb/v7e-m+fp/hard/libgcc.a(_dvmd_tls.o)
                0x080005d4                __aeabi_ldiv0
                0x080005d4                __aeabi_idiv0
 .text          0x080005d8       0x50 /usr/lib/gcc/arm-none-eabi/13.2.1/../../../arm-none-eabi/lib/thumb/v7e-m+fp/hard/libg_nano.a(libc_a-init.o)
                0x080005d8                __libc_init_array
 .text          0x08000628       0xa0 /usr/lib/gcc/arm-none-eabi/13.2.1/../../../arm-none-eabi/lib/thumb/v7e-m+fp/hard/libg_nano.a(libc_a-puts.o)
                0x08000628                _puts_r
                0x080006b8                puts
 .text          0x080006c8      0x224 /usr/lib/gcc/arm-none-eabi/13.2.1/../../../arm-none-eabi/lib/thumb/v7e-m+fp/hard/libg_nano.a(libc_a-findfp.o)
                0x080007f8                __sfp
                0x0800089c                __sinit
                0x080008bc                __sfp_lock_acquire
                0x080008c0                __sfp_lock_release
                0x080008c4                __fp_lock_all
                0x080008d8                __fp_unlock_all
 .text          0x080008ec       0xa4 /usr/lib/gcc/arm-none-eabi/13.2.1/../../../arm-none-eabi/lib/thumb/v7e-m+fp/hard/libg_nano.a(libc_a-memset.o)
                0x080008ec                memset
 .text          0x08000990      0x1a8 /usr/lib/gcc/arm-none-eabi/13.2.1/../../../arm-none-eabi/lib/thumb/v7e-m+fp/hard/libg_nano.a(libc_a-fflush.o)
                0x08000990                __sflush_r
                0x08000ab4                _fflush_r
                0x08000aec                fflush
 .text          0x08000b38       0x18 /usr/lib/gcc/arm-none-eabi/13.2.1/../../../arm-none-eabi/lib/thumb/v7e-m+fp/hard/libg_nano.a(libc_a-putchar.o)
                0x08000b38                _putchar_r
                0x08000b40                putchar
 .text          0x08000b50        0xc /usr/lib/gcc/arm-none-eabi/13.2.1/../../../arm-none-eabi/lib/thumb/v7e-m+fp/hard/libg_nano.a(libc_a-errno.o)
                0x08000b50                __errno
 .text          0x08000b5c      0x148 /usr/lib/gcc/arm-none-eabi/13.2.1/../../../arm-none-eabi/lib/thumb/v7e-m+fp/hard/libg_nano.a(libc_a-mallocr.o)
                0x08000ba4                _malloc_r
 .text          0x08000ca4       0xbc /usr/lib/gcc/arm-none-eabi/13.2.1/../../../arm-none-eabi/lib/thumb/v7e-m+fp/hard/libg_nano.a(libc_a-freer.o)
                0x08000ca4                _free_r
 .text          0x08000d60       0x44 /usr/lib/gcc/arm-none-eabi/13.2.1/../../../arm-none-eabi/lib/thumb/v7e-m+fp/hard/libg_nano.a(libc_a-fwalk.o)
                0x08000d60                _fwalk_sglue
 .text          0x08000da4       0xc4 /usr/lib/gcc/arm-none-eabi/13.2.1/../../../arm-none-eabi/lib/thumb/v7e-m+fp/hard/libg_nano.a(libc_a-wsetup.o)
                0x08000da4                __swsetup_r
 .text          0x08000e68      0x134 /usr/lib/gcc/arm-none-eabi/13.2.1/../../../arm-none-eabi/lib/thumb/v7e-m+fp/hard/libg_nano.a(libc_a-memcpy.o)
                0x08000e68                memcpy
 .text          0x08000f9c       0x20 /usr/lib/gcc/arm-none-eabi/13.2.1/../../../arm-none-eabi/lib/thumb/v7e-m+fp/hard/libg_nano.a(libc_a-malloc.o)
                0x08000f9c                malloc
                0x08000fac                free
 .text          0x08000fbc       0xa4 /usr/lib/gcc/arm-none-eabi/13.2.1/../../../arm-none-eabi/lib/thumb/v7e-m+fp/hard/libg_nano.a(libc_a-putc.o)
                0x08000fbc                _putc_r
                0x08001008                putc
 .text          0x08001060        0x8 /usr/lib/gcc/arm-none-eabi/13.2.1/../../../arm-none-eabi/lib/thumb/v7e-m+fp/hard/libg_nano.a(libc_a-mlock.o)
                0x08001060                __malloc_lock
                0x08001064                __malloc_unlock
 .text          0x08001068      0x114 /usr/lib/gcc/arm-none-eabi/13.2.1/../../../arm-none-eabi/lib/thumb/v7e-m+fp/hard/libg_nano.a(libc_a-makebuf.o)
                0x08001068                __smakebuf_r
                0x0800112c                __swhatbuf_r
 .text          0x0800117c       0x24 /usr/lib/gcc/arm-none-eabi/13.2.1/../../../arm-none-eabi/lib/thumb/v7e-m+fp/hard/libg_nano.a(libc_a-exit.o)
                0x0800117c                exit
 .text          0x080011a0        0xc /usr/lib/gcc/arm-none-eabi/13.2.1/../../../arm-none-eabi/lib/thumb/v7e-m+fp/hard/libg_nano.a(libc_a-atexit.o)
                0x080011a0                atexit
 .text          0x080011ac       0x48 /usr/lib/gcc/arm-none-eabi/13.2.1/../../../arm-none-eabi/lib/thumb/v7e-m+fp/hard/libg_nano.a(libc_a-printf.o)
                0x080011ac                _printf_r
                0x080011ac                _iprintf_r
                0x080011cc                printf
                0x080011cc                iprintf
 .text          0x080011f4       0x24 /usr/lib/gcc/arm-none-eabi/13.2.1/../../../arm-none-eabi/lib/thumb/v7e-m+fp/hard/libg_nano.a(libc_a-isattyr.o)
                0x080011f4                _isatty_r
 .text          0x08001218      0x314 /usr/lib/gcc/arm-none-eabi/13.2.1/../../../arm-none-eabi/lib/thumb/v7e-m+fp/hard/libg_nano.a(libc_a-nano-vfprintf.o)
                0x08001254                __sfputs_r
                0x08001284                __sprint_r
                0x080012a4                _vfiprintf_r
                0x080012a4                _vfprintf_r
                0x08001510                vfiprintf
                0x08001510                vfprintf
 .text          0x0800152c       0x28 /usr/lib/gcc/arm-none-eabi/13.2.1/../../../arm-none-eabi/lib/thumb/v7e-m+fp/hard/libg_nano.a(libc_a-fini.o)
                0x0800152c                __libc_fini_array
 .text          0x08001554       0xa0 /usr/lib/gcc/arm-none-eabi/13.2.1/../../../arm-none-eabi/lib/thumb/v7e-m+fp/hard/libg_nano.a(libc_a-wbuf.o)
                0x08001554                __swbuf_r
                0x080015dc                __swbuf
 .text          0x080015f4       0x24 /usr/lib/gcc/arm-none-eabi/13.2.1/../../../arm-none-eabi/lib/thumb/v7e-m+fp/hard/libg_nano.a(libc_a-sbrkr.o)
                0x080015f4                _sbrk_r
 .text          0x08001618       0x94 /usr/lib/gcc/arm-none-eabi/13.2.1/../../../arm-none-eabi/lib/thumb/v7e-m+fp/hard/libg_nano.a(libc_a-stdio.o)
                0x08001618                __sread
                0x0800163c                __seofread
                0x08001640                __swrite
                0x08001680                __sseek
                0x080016a4                __sclose
 .text          0x080016ac        0x0 /usr/lib/gcc/arm-none-eabi/13.2.1/../../../arm-none-eabi/lib/thumb/v7e-m+fp/hard/libg_nano.a(libc_a-impure.o)
 .text          0x080016ac      0x300 /usr/lib/gcc/arm-none-eabi/13.2.1/../../../arm-none-eabi/lib/thumb/v7e-m+fp/hard/libg_nano.a(libc_a-fvwrite.o)
                0x080016ac                __sfvwrite_r
 .text          0x080019ac       0x24 /usr/lib/gcc/arm-none-eabi/13.2.1/../../../arm-none-eabi/lib/thumb/v7e-m+fp/hard/libg_nano.a(libc_a-closer.o)
                0x080019ac                _close_r
 .text          0x080019d0      0x100 /usr/lib/gcc/arm-none-eabi/13.2.1/../../../arm-none-eabi/lib/thumb/v7e-m+fp/hard/libg_nano.a(libc_a-memmove.o)
                0x080019d0                memmove
 .text          0x08001ad0       0xa0 /usr/lib/gcc/arm-none-eabi/13.2.1/../../../arm-none-eabi/lib/thumb/v7e-m+fp/hard/libg_nano.a(libc_a-memchr.o)
                0x08001ad0                memchr
 .text          0x08001b70       0x2c /usr/lib/gcc/arm-none-eabi/13.2.1/../../../arm-none-eabi/lib/thumb/v7e-m+fp/hard/libg_nano.a(libc_a-readr.o)
                0x08001b70                _read_r
 .text          0x08001b9c       0xac /usr/lib/gcc/arm-none-eabi/13.2.1/../../../arm-none-eabi/lib/thumb/v7e-m+fp/hard/libg_nano.a(libc_a-__atexit.o)
                0x08001b9c                __register_exitproc
 .text          0x08001c48       0xd4 /usr/lib/gcc/arm-none-eabi/13.2.1/../../../arm-none-eabi/lib/thumb/v7e-m+fp/hard/libg_nano.a(libc_a-reent.o)
                0x08001c48                _reclaim_reent
 .text          0x08001d1c       0x64 /usr/lib/gcc/arm-none-eabi/13.2.1/../../../arm-none-eabi/lib/thumb/v7e-m+fp/hard/libg_nano.a(libc_a-reallocr.o)
                0x08001d1c                _realloc_r
 .text          0x08001d80      0x3a8 /usr/lib/gcc/arm-none-eabi/13.2.1/../../../arm-none-eabi/lib/thumb/v7e-m+fp/hard/libg_nano.a(libc_a-nano-vfprintf_i.o)
                0x08001d80                _printf_common
                0x08001ea4                _printf_i
 .text          0x08002128       0x2c /usr/lib/gcc/arm-none-eabi/13.2.1/../../../arm-none-eabi/lib/thumb/v7e-m+fp/hard/libg_nano.a(libc_a-fstatr.o)
                0x08002128                _fstat_r
 .text          0x08002154       0x2c /usr/lib/gcc/arm-none-eabi/13.2.1/../../../arm-none-eabi/lib/thumb/v7e-m+fp/hard/libg_nano.a(libc_a-lseekr.o)
                0x08002154                _lseek_r
 .text          0x08002180       0x2c /usr/lib/gcc/arm-none-eabi/13.2.1/../../../arm-none-eabi/lib/thumb/v7e-m+fp/hard/libg_nano.a(libc_a-writer.o)
                0x08002180                _write_r
 .text          0x080021ac       0x10 /usr/lib/gcc/arm-none-eabi/13.2.1/../../../arm-none-eabi/lib/thumb/v7e-m+fp/hard/libg_nano.a(libc_a-msizer.o)
                0x080021ac                _malloc_usable_size_r
 .text          0x080021bc       0xc4 /usr/lib/gcc/arm-none-eabi/13.2.1/../../../arm-none-eabi/lib/thumb/v7e-m+fp/hard/libg_nano.a(libc_a-__call_atexit.o)
                0x080021bc                __call_exitprocs
 .text          0x08002280        0x0 /usr/lib/gcc/arm-none-eabi/13.2.1/thumb/v7e-m+fp/hard/crtend.o
 .text          0x08002280        0x0 /usr/lib/gcc/arm-none-eabi/13.2.1/thumb/v7e-m+fp/hard/crtn.o
 *(.text*)
 .text._printf_float_support
                0x08002280        0x2 CMakeFiles/tof_sensors.dir/Core/Src/main.c.obj
                0x08002280                _printf_float_support
 *fill*         0x08002282        0x2 
 .text.I2C_Scan
                0x08002284       0x84 CMakeFiles/tof_sensors.dir/Core/Src/main.c.obj
                0x08002284                I2C_Scan
 .text.I2C_Recover
                0x08002308      0x19c CMakeFiles/tof_sensors.dir/Core/Src/main.c.obj
                0x08002308                I2C_Recover
 .text.main     0x080024a4      0x650 CMakeFiles/tof_sensors.dir/Core/Src/main.c.obj
                0x080024a4                main
 .text.SystemClock_Config
                0x08002af4       0xa2 CMakeFiles/tof_sensors.dir/Core/Src/main.c.obj
                0x08002af4                SystemClock_Config
 *fill*         0x08002b96        0x2 
 .text.__io_putchar
                0x08002b98       0x24 CMakeFiles/tof_sensors.dir/Core/Src/main.c.obj
                0x08002b98                __io_putchar
 .text.Error_Handler
                0x08002bbc        0xc CMakeFiles/tof_sensors.dir/Core/Src/main.c.obj
                0x08002bbc                Error_Handler
 .text.MX_GPIO_Init
                0x08002bc8      0x160 CMakeFiles/tof_sensors.dir/Core/Src/gpio.c.obj
                0x08002bc8                MX_GPIO_Init
 .text.MX_I2C1_Init
                0x08002d28       0x80 CMakeFiles/tof_sensors.dir/Core/Src/i2c.c.obj
                0x08002d28                MX_I2C1_Init
 .text.MX_I2C2_Init
                0x08002da8       0x80 CMakeFiles/tof_sensors.dir/Core/Src/i2c.c.obj
                0x08002da8                MX_I2C2_Init
 .text.HAL_I2C_MspInit
                0x08002e28      0x160 CMakeFiles/tof_sensors.dir/Core/Src/i2c.c.obj
                0x08002e28                HAL_I2C_MspInit
 .text.HAL_I2C_MspDeInit
                0x08002f88       0x78 CMakeFiles/tof_sensors.dir/Core/Src/i2c.c.obj
                0x08002f88                HAL_I2C_MspDeInit
 .text.MX_USART2_UART_Init
                0x08003000       0x60 CMakeFiles/tof_sensors.dir/Core/Src/usart.c.obj
                0x08003000                MX_USART2_UART_Init
 .text.MX_USART3_UART_Init
                0x08003060       0x60 CMakeFiles/tof_sensors.dir/Core/Src/usart.c.obj
                0x08003060                MX_USART3_UART_Init
 .text.HAL_UART_MspInit
                0x080030c0      0x170 CMakeFiles/tof_sensors.dir/Core/Src/usart.c.obj
                0x080030c0                HAL_UART_MspInit
 .text.HAL_UART_MspDeInit
                0x08003230       0x64 CMakeFiles/tof_sensors.dir/Core/Src/usart.c.obj
                0x08003230                HAL_UART_MspDeInit
 .text.NMI_Handler
                0x08003294        0x8 CMakeFiles/tof_sensors.dir/Core/Src/stm32l4xx_it.c.obj
                0x08003294                NMI_Handler
 .text.HardFault_Handler
                0x0800329c        0x8 CMakeFiles/tof_sensors.dir/Core/Src/stm32l4xx_it.c.obj
                0x0800329c                HardFault_Handler
 .text.MemManage_Handler
                0x080032a4        0x8 CMakeFiles/tof_sensors.dir/Core/Src/stm32l4xx_it.c.obj
                0x080032a4                MemManage_Handler
 .text.BusFault_Handler
                0x080032ac        0x8 CMakeFiles/tof_sensors.dir/Core/Src/stm32l4xx_it.c.obj
                0x080032ac                BusFault_Handler
 .text.UsageFault_Handler
                0x080032b4        0x8 CMakeFiles/tof_sensors.dir/Core/Src/stm32l4xx_it.c.obj
                0x080032b4                UsageFault_Handler
 .text.SVC_Handler
                0x080032bc        0xe CMakeFiles/tof_sensors.dir/Core/Src/stm32l4xx_it.c.obj
                0x080032bc                SVC_Handler
 .text.DebugMon_Handler
                0x080032ca        0xe CMakeFiles/tof_sensors.dir/Core/Src/stm32l4xx_it.c.obj
                0x080032ca                DebugMon_Handler
 .text.PendSV_Handler
                0x080032d8        0xe CMakeFiles/tof_sensors.dir/Core/Src/stm32l4xx_it.c.obj
                0x080032d8                PendSV_Handler
 .text.SysTick_Handler
                0x080032e6        0xc CMakeFiles/tof_sensors.dir/Core/Src/stm32l4xx_it.c.obj
                0x080032e6                SysTick_Handler
 .text.EXTI0_IRQHandler
                0x080032f2        0xe CMakeFiles/tof_sensors.dir/Core/Src/stm32l4xx_it.c.obj
                0x080032f2                EXTI0_IRQHandler
 .text.EXTI9_5_IRQHandler
                0x08003300       0x10 CMakeFiles/tof_sensors.dir/Core/Src/stm32l4xx_it.c.obj
                0x08003300                EXTI9_5_IRQHandler
 .text.EXTI15_10_IRQHandler
                0x08003310       0x10 CMakeFiles/tof_sensors.dir/Core/Src/stm32l4xx_it.c.obj
                0x08003310                EXTI15_10_IRQHandler
 .text.HAL_MspInit
                0x08003320       0x48 CMakeFiles/tof_sensors.dir/Core/Src/stm32l4xx_hal_msp.c.obj
                0x08003320                HAL_MspInit
 .text._sbrk    0x08003368       0x6c CMakeFiles/tof_sensors.dir/Core/Src/sysmem.c.obj
                0x08003368                _sbrk
 .text.initialise_monitor_handles
                0x080033d4        0xe CMakeFiles/tof_sensors.dir/Core/Src/syscalls.c.obj
                0x080033d4                initialise_monitor_handles
 .text._getpid  0x080033e2       0x10 CMakeFiles/tof_sensors.dir/Core/Src/syscalls.c.obj
                0x080033e2                _getpid
 .text._kill    0x080033f2       0x20 CMakeFiles/tof_sensors.dir/Core/Src/syscalls.c.obj
                0x080033f2                _kill
 .text._exit    0x08003412       0x16 CMakeFiles/tof_sensors.dir/Core/Src/syscalls.c.obj
                0x08003412                _exit
 .text._read    0x08003428       0x3a CMakeFiles/tof_sensors.dir/Core/Src/syscalls.c.obj
                0x08003428                _read
 .text._write   0x08003462       0x38 CMakeFiles/tof_sensors.dir/Core/Src/syscalls.c.obj
                0x08003462                _write
 .text._close   0x0800349a       0x18 CMakeFiles/tof_sensors.dir/Core/Src/syscalls.c.obj
                0x0800349a                _close
 .text._fstat   0x080034b2       0x20 CMakeFiles/tof_sensors.dir/Core/Src/syscalls.c.obj
                0x080034b2                _fstat
 .text._isatty  0x080034d2       0x16 CMakeFiles/tof_sensors.dir/Core/Src/syscalls.c.obj
                0x080034d2                _isatty
 .text._lseek   0x080034e8       0x1a CMakeFiles/tof_sensors.dir/Core/Src/syscalls.c.obj
                0x080034e8                _lseek
 .text._open    0x08003502       0x1c CMakeFiles/tof_sensors.dir/Core/Src/syscalls.c.obj
                0x08003502                _open
 .text._wait    0x0800351e       0x1e CMakeFiles/tof_sensors.dir/Core/Src/syscalls.c.obj
                0x0800351e                _wait
 .text._unlink  0x0800353c       0x1e CMakeFiles/tof_sensors.dir/Core/Src/syscalls.c.obj
                0x0800353c                _unlink
 .text._times   0x0800355a       0x18 CMakeFiles/tof_sensors.dir/Core/Src/syscalls.c.obj
                0x0800355a                _times
 .text._stat    0x08003572       0x20 CMakeFiles/tof_sensors.dir/Core/Src/syscalls.c.obj
                0x08003572                _stat
 .text._link    0x08003592       0x20 CMakeFiles/tof_sensors.dir/Core/Src/syscalls.c.obj
                0x08003592                _link
 .text._fork    0x080035b2       0x16 CMakeFiles/tof_sensors.dir/Core/Src/syscalls.c.obj
                0x080035b2                _fork
 .text._execve  0x080035c8       0x22 CMakeFiles/tof_sensors.dir/Core/Src/syscalls.c.obj
                0x080035c8                _execve
 *fill*         0x080035ea        0x2 
 .text.Reset_Handler
                0x080035ec       0x50 CMakeFiles/tof_sensors.dir/startup_stm32l476xx.s.obj
                0x080035ec                Reset_Handler
 .text.Default_Handler
                0x0800363c        0x2 CMakeFiles/tof_sensors.dir/startup_stm32l476xx.s.obj
                0x0800363c                RTC_Alarm_IRQHandler
                0x0800363c                EXTI2_IRQHandler
                0x0800363c                TIM8_TRG_COM_IRQHandler
                0x0800363c                TIM8_CC_IRQHandler
                0x0800363c                TIM1_CC_IRQHandler
                0x0800363c                TSC_IRQHandler
                0x0800363c                TAMP_STAMP_IRQHandler
                0x0800363c                EXTI3_IRQHandler
                0x0800363c                LPTIM2_IRQHandler
                0x0800363c                DFSDM1_FLT1_IRQHandler
                0x0800363c                I2C3_ER_IRQHandler
                0x0800363c                DFSDM1_FLT2_IRQHandler
                0x0800363c                I2C2_EV_IRQHandler
                0x0800363c                CAN1_RX0_IRQHandler
                0x0800363c                FPU_IRQHandler
                0x0800363c                TIM1_UP_TIM16_IRQHandler
                0x0800363c                ADC1_2_IRQHandler
                0x0800363c                SPI1_IRQHandler
                0x0800363c                TIM6_DAC_IRQHandler
                0x0800363c                TIM8_UP_IRQHandler
                0x0800363c                DMA2_Channel2_IRQHandler
                0x0800363c                DMA1_Channel4_IRQHandler
                0x0800363c                SAI2_IRQHandler
                0x0800363c                DFSDM1_FLT3_IRQHandler
                0x0800363c                USART3_IRQHandler
                0x0800363c                DMA1_Channel7_IRQHandler
                0x0800363c                CAN1_RX1_IRQHandler
                0x0800363c                LCD_IRQHandler
                0x0800363c                UART5_IRQHandler
                0x0800363c                ADC3_IRQHandler
                0x0800363c                TIM4_IRQHandler
                0x0800363c                DMA2_Channel1_IRQHandler
                0x0800363c                QUADSPI_IRQHandler
                0x0800363c                I2C1_EV_IRQHandler
                0x0800363c                DMA1_Channel6_IRQHandler
                0x0800363c                UART4_IRQHandler
                0x0800363c                DMA2_Channel4_IRQHandler
                0x0800363c                TIM3_IRQHandler
                0x0800363c                RCC_IRQHandler
                0x0800363c                DMA1_Channel1_IRQHandler
                0x0800363c                Default_Handler
                0x0800363c                DMA2_Channel7_IRQHandler
                0x0800363c                TIM7_IRQHandler
                0x0800363c                SDMMC1_IRQHandler
                0x0800363c                TIM5_IRQHandler
                0x0800363c                I2C3_EV_IRQHandler
                0x0800363c                RTC_WKUP_IRQHandler
                0x0800363c                PVD_PVM_IRQHandler
                0x0800363c                SPI2_IRQHandler
                0x0800363c                CAN1_TX_IRQHandler
                0x0800363c                DMA2_Channel5_IRQHandler
                0x0800363c                DMA1_Channel5_IRQHandler
                0x0800363c                EXTI4_IRQHandler
                0x0800363c                RNG_IRQHandler
                0x0800363c                TIM1_TRG_COM_TIM17_IRQHandler
                0x0800363c                DMA1_Channel3_IRQHandler
                0x0800363c                COMP_IRQHandler
                0x0800363c                WWDG_IRQHandler
                0x0800363c                LPUART1_IRQHandler
                0x0800363c                DMA2_Channel6_IRQHandler
                0x0800363c                TIM2_IRQHandler
                0x0800363c                EXTI1_IRQHandler
                0x0800363c                USART2_IRQHandler
                0x0800363c                DFSDM1_FLT0_IRQHandler
                0x0800363c                I2C2_ER_IRQHandler
                0x0800363c                DMA1_Channel2_IRQHandler
                0x0800363c                TIM8_BRK_IRQHandler
                0x0800363c                CAN1_SCE_IRQHandler
                0x0800363c                FLASH_IRQHandler
                0x0800363c                USART1_IRQHandler
                0x0800363c                OTG_FS_IRQHandler
                0x0800363c                SPI3_IRQHandler
                0x0800363c                I2C1_ER_IRQHandler
                0x0800363c                FMC_IRQHandler
                0x0800363c                SWPMI1_IRQHandler
                0x0800363c                LPTIM1_IRQHandler
                0x0800363c                SAI1_IRQHandler
                0x0800363c                DMA2_Channel3_IRQHandler
                0x0800363c                TIM1_BRK_TIM15_IRQHandler
 .text.VL53L7CX_RdByte
                0x0800363e       0x24 CMakeFiles/tof_sensors.dir/Core/Src/platform.c.obj
                0x0800363e                VL53L7CX_RdByte
 .text.VL53L7CX_WrByte
                0x08003662       0x26 CMakeFiles/tof_sensors.dir/Core/Src/platform.c.obj
                0x08003662                VL53L7CX_WrByte
 .text.VL53L7CX_WrMulti
                0x08003688       0x98 CMakeFiles/tof_sensors.dir/Core/Src/platform.c.obj
                0x08003688                VL53L7CX_WrMulti
 .text.VL53L7CX_RdMulti
                0x08003720       0x88 CMakeFiles/tof_sensors.dir/Core/Src/platform.c.obj
                0x08003720                VL53L7CX_RdMulti
 .text.VL53L7CX_Reset_Sensor
                0x080037a8       0x42 CMakeFiles/tof_sensors.dir/Core/Src/platform.c.obj
                0x080037a8                VL53L7CX_Reset_Sensor
 .text.VL53L7CX_SwapBuffer
                0x080037ea       0x6c CMakeFiles/tof_sensors.dir/Core/Src/platform.c.obj
                0x080037ea                VL53L7CX_SwapBuffer
 .text.VL53L7CX_WaitMs
                0x08003856       0x1a CMakeFiles/tof_sensors.dir/Core/Src/platform.c.obj
                0x08003856                VL53L7CX_WaitMs
 .text._vl53l7cx_poll_for_answer
                0x08003870       0xa0 CMakeFiles/tof_sensors.dir/Drivers/VL53L7CX_ULD_API/src/vl53l7cx_api.c.obj
 .text._vl53l7cx_poll_for_mcu_boot
                0x08003910       0x82 CMakeFiles/tof_sensors.dir/Drivers/VL53L7CX_ULD_API/src/vl53l7cx_api.c.obj
 *fill*         0x08003992        0x2 
 .text._vl53l7cx_send_offset_data
                0x08003994      0x398 CMakeFiles/tof_sensors.dir/Drivers/VL53L7CX_ULD_API/src/vl53l7cx_api.c.obj
 .text._vl53l7cx_send_xtalk_data
                0x08003d2c      0x298 CMakeFiles/tof_sensors.dir/Drivers/VL53L7CX_ULD_API/src/vl53l7cx_api.c.obj
 .text.vl53l7cx_is_alive
                0x08003fc4       0x92 CMakeFiles/tof_sensors.dir/Drivers/VL53L7CX_ULD_API/src/vl53l7cx_api.c.obj
                0x08003fc4                vl53l7cx_is_alive
 *fill*         0x08004056        0x2 
 .text.vl53l7cx_init
                0x08004058      0x8d8 CMakeFiles/tof_sensors.dir/Drivers/VL53L7CX_ULD_API/src/vl53l7cx_api.c.obj
                0x08004058                vl53l7cx_init
 .text.vl53l7cx_set_i2c_address
                0x08004930       0x6c CMakeFiles/tof_sensors.dir/Drivers/VL53L7CX_ULD_API/src/vl53l7cx_api.c.obj
                0x08004930                vl53l7cx_set_i2c_address
 .text.vl53l7cx_get_power_mode
                0x0800499c       0x86 CMakeFiles/tof_sensors.dir/Drivers/VL53L7CX_ULD_API/src/vl53l7cx_api.c.obj
                0x0800499c                vl53l7cx_get_power_mode
 .text.vl53l7cx_set_power_mode
                0x08004a22       0xfc CMakeFiles/tof_sensors.dir/Drivers/VL53L7CX_ULD_API/src/vl53l7cx_api.c.obj
                0x08004a22                vl53l7cx_set_power_mode
 *fill*         0x08004b1e        0x2 
 .text.vl53l7cx_start_ranging
                0x08004b20      0x2f4 CMakeFiles/tof_sensors.dir/Drivers/VL53L7CX_ULD_API/src/vl53l7cx_api.c.obj
                0x08004b20                vl53l7cx_start_ranging
 .text.vl53l7cx_stop_ranging
                0x08004e14      0x1a0 CMakeFiles/tof_sensors.dir/Drivers/VL53L7CX_ULD_API/src/vl53l7cx_api.c.obj
                0x08004e14                vl53l7cx_stop_ranging
 .text.vl53l7cx_check_data_ready
                0x08004fb4       0xa0 CMakeFiles/tof_sensors.dir/Drivers/VL53L7CX_ULD_API/src/vl53l7cx_api.c.obj
                0x08004fb4                vl53l7cx_check_data_ready
 .text.vl53l7cx_get_ranging_data
                0x08005054      0x434 CMakeFiles/tof_sensors.dir/Drivers/VL53L7CX_ULD_API/src/vl53l7cx_api.c.obj
                0x08005054                vl53l7cx_get_ranging_data
 .text.vl53l7cx_get_resolution
                0x08005488       0x4a CMakeFiles/tof_sensors.dir/Drivers/VL53L7CX_ULD_API/src/vl53l7cx_api.c.obj
                0x08005488                vl53l7cx_get_resolution
 .text.vl53l7cx_set_resolution
                0x080054d2      0x1a8 CMakeFiles/tof_sensors.dir/Drivers/VL53L7CX_ULD_API/src/vl53l7cx_api.c.obj
                0x080054d2                vl53l7cx_set_resolution
 .text.vl53l7cx_get_ranging_frequency_hz
                0x0800567a       0x3e CMakeFiles/tof_sensors.dir/Drivers/VL53L7CX_ULD_API/src/vl53l7cx_api.c.obj
                0x0800567a                vl53l7cx_get_ranging_frequency_hz
 .text.vl53l7cx_set_ranging_frequency_hz
                0x080056b8       0x42 CMakeFiles/tof_sensors.dir/Drivers/VL53L7CX_ULD_API/src/vl53l7cx_api.c.obj
                0x080056b8                vl53l7cx_set_ranging_frequency_hz
 *fill*         0x080056fa        0x2 
 .text.vl53l7cx_get_integration_time_ms
                0x080056fc       0x58 CMakeFiles/tof_sensors.dir/Drivers/VL53L7CX_ULD_API/src/vl53l7cx_api.c.obj
                0x080056fc                vl53l7cx_get_integration_time_ms
 .text.vl53l7cx_set_integration_time_ms
                0x08005754       0x6a CMakeFiles/tof_sensors.dir/Drivers/VL53L7CX_ULD_API/src/vl53l7cx_api.c.obj
                0x08005754                vl53l7cx_set_integration_time_ms
 *fill*         0x080057be        0x2 
 .text.vl53l7cx_get_sharpener_percent
                0x080057c0       0x5c CMakeFiles/tof_sensors.dir/Drivers/VL53L7CX_ULD_API/src/vl53l7cx_api.c.obj
                0x080057c0                vl53l7cx_get_sharpener_percent
 .text.vl53l7cx_set_sharpener_percent
                0x0800581c       0x70 CMakeFiles/tof_sensors.dir/Drivers/VL53L7CX_ULD_API/src/vl53l7cx_api.c.obj
                0x0800581c                vl53l7cx_set_sharpener_percent
 .text.vl53l7cx_get_target_order
                0x0800588c       0x3e CMakeFiles/tof_sensors.dir/Drivers/VL53L7CX_ULD_API/src/vl53l7cx_api.c.obj
                0x0800588c                vl53l7cx_get_target_order
 .text.vl53l7cx_set_target_order
                0x080058ca       0x58 CMakeFiles/tof_sensors.dir/Drivers/VL53L7CX_ULD_API/src/vl53l7cx_api.c.obj
                0x080058ca                vl53l7cx_set_target_order
 .text.vl53l7cx_get_ranging_mode
                0x08005922       0x4c CMakeFiles/tof_sensors.dir/Drivers/VL53L7CX_ULD_API/src/vl53l7cx_api.c.obj
                0x08005922                vl53l7cx_get_ranging_mode
 .text.vl53l7cx_set_ranging_mode
                0x0800596e       0xae CMakeFiles/tof_sensors.dir/Drivers/VL53L7CX_ULD_API/src/vl53l7cx_api.c.obj
                0x0800596e                vl53l7cx_set_ranging_mode
 .text.vl53l7cx_enable_internal_cp
                0x08005a1c       0x72 CMakeFiles/tof_sensors.dir/Drivers/VL53L7CX_ULD_API/src/vl53l7cx_api.c.obj
                0x08005a1c                vl53l7cx_enable_internal_cp
 .text.vl53l7cx_disable_internal_cp
                0x08005a8e       0x72 CMakeFiles/tof_sensors.dir/Drivers/VL53L7CX_ULD_API/src/vl53l7cx_api.c.obj
                0x08005a8e                vl53l7cx_disable_internal_cp
 .text.vl53l7cx_get_VHV_repeat_count
                0x08005b00       0x5c CMakeFiles/tof_sensors.dir/Drivers/VL53L7CX_ULD_API/src/vl53l7cx_api.c.obj
                0x08005b00                vl53l7cx_get_VHV_repeat_count
 .text.vl53l7cx_set_VHV_repeat_count
                0x08005b5c       0x40 CMakeFiles/tof_sensors.dir/Drivers/VL53L7CX_ULD_API/src/vl53l7cx_api.c.obj
                0x08005b5c                vl53l7cx_set_VHV_repeat_count
 .text.vl53l7cx_dci_read_data
                0x08005b9c      0x114 CMakeFiles/tof_sensors.dir/Drivers/VL53L7CX_ULD_API/src/vl53l7cx_api.c.obj
                0x08005b9c                vl53l7cx_dci_read_data
 .text.vl53l7cx_dci_write_data
                0x08005cb0      0x13c CMakeFiles/tof_sensors.dir/Drivers/VL53L7CX_ULD_API/src/vl53l7cx_api.c.obj
                0x08005cb0                vl53l7cx_dci_write_data
 .text.vl53l7cx_dci_replace_data
                0x08005dec       0x58 CMakeFiles/tof_sensors.dir/Drivers/VL53L7CX_ULD_API/src/vl53l7cx_api.c.obj
                0x08005dec                vl53l7cx_dci_replace_data
 .text.vl53l7cx_motion_indicator_init
                0x08005e44       0xa0 CMakeFiles/tof_sensors.dir/Drivers/VL53L7CX_ULD_API/src/vl53l7cx_plugin_motion_indicator.c.obj
                0x08005e44                vl53l7cx_motion_indicator_init
 .text.vl53l7cx_motion_indicator_set_distance_motion
                0x08005ee4       0xfc CMakeFiles/tof_sensors.dir/Drivers/VL53L7CX_ULD_API/src/vl53l7cx_plugin_motion_indicator.c.obj
                0x08005ee4                vl53l7cx_motion_indicator_set_distance_motion
 .text.vl53l7cx_motion_indicator_set_resolution
                0x08005fe0       0xd6 CMakeFiles/tof_sensors.dir/Drivers/VL53L7CX_ULD_API/src/vl53l7cx_plugin_motion_indicator.c.obj
                0x08005fe0                vl53l7cx_motion_indicator_set_resolution
 .text._vl53l7cx_poll_for_answer
                0x080060b6       0x7c CMakeFiles/tof_sensors.dir/Drivers/VL53L7CX_ULD_API/src/vl53l7cx_plugin_xtalk.c.obj
 *fill*         0x08006132        0x2 
 .text._vl53l7cx_program_output_config
                0x08006134      0x1cc CMakeFiles/tof_sensors.dir/Drivers/VL53L7CX_ULD_API/src/vl53l7cx_plugin_xtalk.c.obj
 .text.vl53l7cx_calibrate_xtalk
                0x08006300      0x4cc CMakeFiles/tof_sensors.dir/Drivers/VL53L7CX_ULD_API/src/vl53l7cx_plugin_xtalk.c.obj
                0x08006300                vl53l7cx_calibrate_xtalk
 .text.vl53l7cx_get_caldata_xtalk
                0x080067cc       0xf4 CMakeFiles/tof_sensors.dir/Drivers/VL53L7CX_ULD_API/src/vl53l7cx_plugin_xtalk.c.obj
                0x080067cc                vl53l7cx_get_caldata_xtalk
 .text.vl53l7cx_set_caldata_xtalk
                0x080068c0       0x54 CMakeFiles/tof_sensors.dir/Drivers/VL53L7CX_ULD_API/src/vl53l7cx_plugin_xtalk.c.obj
                0x080068c0                vl53l7cx_set_caldata_xtalk
 .text.vl53l7cx_get_xtalk_margin
                0x08006914       0x4c CMakeFiles/tof_sensors.dir/Drivers/VL53L7CX_ULD_API/src/vl53l7cx_plugin_xtalk.c.obj
                0x08006914                vl53l7cx_get_xtalk_margin
 .text.vl53l7cx_set_xtalk_margin
                0x08006960       0x60 CMakeFiles/tof_sensors.dir/Drivers/VL53L7CX_ULD_API/src/vl53l7cx_plugin_xtalk.c.obj
                0x08006960                vl53l7cx_set_xtalk_margin
 .text.vl53l7cx_get_detection_thresholds_enable
                0x080069c0       0x3e CMakeFiles/tof_sensors.dir/Drivers/VL53L7CX_ULD_API/src/vl53l7cx_plugin_detection_thresholds.c.obj
                0x080069c0                vl53l7cx_get_detection_thresholds_enable
 .text.vl53l7cx_set_detection_thresholds_enable
                0x080069fe       0x8c CMakeFiles/tof_sensors.dir/Drivers/VL53L7CX_ULD_API/src/vl53l7cx_plugin_detection_thresholds.c.obj
                0x080069fe                vl53l7cx_set_detection_thresholds_enable
 *fill*         0x08006a8a        0x2 
 .text.vl53l7cx_get_detection_thresholds
                0x08006a8c      0x300 CMakeFiles/tof_sensors.dir/Drivers/VL53L7CX_ULD_API/src/vl53l7cx_plugin_detection_thresholds.c.obj
                0x08006a8c                vl53l7cx_get_detection_thresholds
 .text.vl53l7cx_set_detection_thresholds
                0x08006d8c      0x2b0 CMakeFiles/tof_sensors.dir/Drivers/VL53L7CX_ULD_API/src/vl53l7cx_plugin_detection_thresholds.c.obj
                0x08006d8c                vl53l7cx_set_detection_thresholds
 .text.SystemInit
                0x0800703c       0x24 cmake/stm32cubemx/CMakeFiles/STM32_Drivers.dir/__/__/Core/Src/system_stm32l4xx.c.obj
                0x0800703c                SystemInit
 .text.SystemCoreClockUpdate
                0x08007060      0x15c cmake/stm32cubemx/CMakeFiles/STM32_Drivers.dir/__/__/Core/Src/system_stm32l4xx.c.obj
                0x08007060                SystemCoreClockUpdate
 .text.HAL_I2C_Init
                0x080071bc      0x136 cmake/stm32cubemx/CMakeFiles/STM32_Drivers.dir/__/__/Drivers/STM32L4xx_HAL_Driver/Src/stm32l4xx_hal_i2c.c.obj
                0x080071bc                HAL_I2C_Init
 .text.HAL_I2C_DeInit
                0x080072f2       0x5e cmake/stm32cubemx/CMakeFiles/STM32_Drivers.dir/__/__/Drivers/STM32L4xx_HAL_Driver/Src/stm32l4xx_hal_i2c.c.obj
                0x080072f2                HAL_I2C_DeInit
 .text.HAL_I2C_MspInit
                0x08007350       0x14 cmake/stm32cubemx/CMakeFiles/STM32_Drivers.dir/__/__/Drivers/STM32L4xx_HAL_Driver/Src/stm32l4xx_hal_i2c.c.obj
 .text.HAL_I2C_MspDeInit
                0x08007364       0x14 cmake/stm32cubemx/CMakeFiles/STM32_Drivers.dir/__/__/Drivers/STM32L4xx_HAL_Driver/Src/stm32l4xx_hal_i2c.c.obj
 .text.HAL_I2C_Master_Transmit
                0x08007378      0x230 cmake/stm32cubemx/CMakeFiles/STM32_Drivers.dir/__/__/Drivers/STM32L4xx_HAL_Driver/Src/stm32l4xx_hal_i2c.c.obj
                0x08007378                HAL_I2C_Master_Transmit
 .text.HAL_I2C_Master_Receive
                0x080075a8      0x1ec cmake/stm32cubemx/CMakeFiles/STM32_Drivers.dir/__/__/Drivers/STM32L4xx_HAL_Driver/Src/stm32l4xx_hal_i2c.c.obj
                0x080075a8                HAL_I2C_Master_Receive
 .text.HAL_I2C_Slave_Transmit
                0x08007794      0x29a cmake/stm32cubemx/CMakeFiles/STM32_Drivers.dir/__/__/Drivers/STM32L4xx_HAL_Driver/Src/stm32l4xx_hal_i2c.c.obj
                0x08007794                HAL_I2C_Slave_Transmit
 .text.HAL_I2C_Slave_Receive
                0x08007a2e      0x220 cmake/stm32cubemx/CMakeFiles/STM32_Drivers.dir/__/__/Drivers/STM32L4xx_HAL_Driver/Src/stm32l4xx_hal_i2c.c.obj
                0x08007a2e                HAL_I2C_Slave_Receive
 *fill*         0x08007c4e        0x2 
 .text.HAL_I2C_Master_Transmit_IT
                0x08007c50      0x130 cmake/stm32cubemx/CMakeFiles/STM32_Drivers.dir/__/__/Drivers/STM32L4xx_HAL_Driver/Src/stm32l4xx_hal_i2c.c.obj
                0x08007c50                HAL_I2C_Master_Transmit_IT
 .text.HAL_I2C_Master_Receive_IT
                0x08007d80       0xe0 cmake/stm32cubemx/CMakeFiles/STM32_Drivers.dir/__/__/Drivers/STM32L4xx_HAL_Driver/Src/stm32l4xx_hal_i2c.c.obj
                0x08007d80                HAL_I2C_Master_Receive_IT
 .text.HAL_I2C_Slave_Transmit_IT
                0x08007e60       0xdc cmake/stm32cubemx/CMakeFiles/STM32_Drivers.dir/__/__/Drivers/STM32L4xx_HAL_Driver/Src/stm32l4xx_hal_i2c.c.obj
                0x08007e60                HAL_I2C_Slave_Transmit_IT
 .text.HAL_I2C_Slave_Receive_IT
                0x08007f3c       0xa0 cmake/stm32cubemx/CMakeFiles/STM32_Drivers.dir/__/__/Drivers/STM32L4xx_HAL_Driver/Src/stm32l4xx_hal_i2c.c.obj
                0x08007f3c                HAL_I2C_Slave_Receive_IT
 .text.HAL_I2C_Master_Transmit_DMA
                0x08007fdc      0x228 cmake/stm32cubemx/CMakeFiles/STM32_Drivers.dir/__/__/Drivers/STM32L4xx_HAL_Driver/Src/stm32l4xx_hal_i2c.c.obj
                0x08007fdc                HAL_I2C_Master_Transmit_DMA
 .text.HAL_I2C_Master_Receive_DMA
                0x08008204      0x1e0 cmake/stm32cubemx/CMakeFiles/STM32_Drivers.dir/__/__/Drivers/STM32L4xx_HAL_Driver/Src/stm32l4xx_hal_i2c.c.obj
                0x08008204                HAL_I2C_Master_Receive_DMA
 .text.HAL_I2C_Slave_Transmit_DMA
                0x080083e4      0x1d8 cmake/stm32cubemx/CMakeFiles/STM32_Drivers.dir/__/__/Drivers/STM32L4xx_HAL_Driver/Src/stm32l4xx_hal_i2c.c.obj
                0x080083e4                HAL_I2C_Slave_Transmit_DMA
 .text.HAL_I2C_Slave_Receive_DMA
                0x080085bc      0x16c cmake/stm32cubemx/CMakeFiles/STM32_Drivers.dir/__/__/Drivers/STM32L4xx_HAL_Driver/Src/stm32l4xx_hal_i2c.c.obj
                0x080085bc                HAL_I2C_Slave_Receive_DMA
 .text.HAL_I2C_Mem_Write
                0x08008728      0x228 cmake/stm32cubemx/CMakeFiles/STM32_Drivers.dir/__/__/Drivers/STM32L4xx_HAL_Driver/Src/stm32l4xx_hal_i2c.c.obj
                0x08008728                HAL_I2C_Mem_Write
 .text.HAL_I2C_Mem_Read
                0x08008950      0x234 cmake/stm32cubemx/CMakeFiles/STM32_Drivers.dir/__/__/Drivers/STM32L4xx_HAL_Driver/Src/stm32l4xx_hal_i2c.c.obj
                0x08008950                HAL_I2C_Mem_Read
 .text.HAL_I2C_Mem_Write_IT
                0x08008b84      0x114 cmake/stm32cubemx/CMakeFiles/STM32_Drivers.dir/__/__/Drivers/STM32L4xx_HAL_Driver/Src/stm32l4xx_hal_i2c.c.obj
                0x08008b84                HAL_I2C_Mem_Write_IT
 .text.HAL_I2C_Mem_Read_IT
                0x08008c98      0x10c cmake/stm32cubemx/CMakeFiles/STM32_Drivers.dir/__/__/Drivers/STM32L4xx_HAL_Driver/Src/stm32l4xx_hal_i2c.c.obj
                0x08008c98                HAL_I2C_Mem_Read_IT
 .text.HAL_I2C_Mem_Write_DMA
                0x08008da4      0x1cc cmake/stm32cubemx/CMakeFiles/STM32_Drivers.dir/__/__/Drivers/STM32L4xx_HAL_Driver/Src/stm32l4xx_hal_i2c.c.obj
                0x08008da4                HAL_I2C_Mem_Write_DMA
 .text.HAL_I2C_Mem_Read_DMA
                0x08008f70      0x1cc cmake/stm32cubemx/CMakeFiles/STM32_Drivers.dir/__/__/Drivers/STM32L4xx_HAL_Driver/Src/stm32l4xx_hal_i2c.c.obj
                0x08008f70                HAL_I2C_Mem_Read_DMA
 .text.HAL_I2C_IsDeviceReady
                0x0800913c      0x1e8 cmake/stm32cubemx/CMakeFiles/STM32_Drivers.dir/__/__/Drivers/STM32L4xx_HAL_Driver/Src/stm32l4xx_hal_i2c.c.obj
                0x0800913c                HAL_I2C_IsDeviceReady
 .text.HAL_I2C_Master_Seq_Transmit_IT
                0x08009324      0x17c cmake/stm32cubemx/CMakeFiles/STM32_Drivers.dir/__/__/Drivers/STM32L4xx_HAL_Driver/Src/stm32l4xx_hal_i2c.c.obj
                0x08009324                HAL_I2C_Master_Seq_Transmit_IT
 .text.HAL_I2C_Master_Seq_Transmit_DMA
                0x080094a0      0x2a0 cmake/stm32cubemx/CMakeFiles/STM32_Drivers.dir/__/__/Drivers/STM32L4xx_HAL_Driver/Src/stm32l4xx_hal_i2c.c.obj
                0x080094a0                HAL_I2C_Master_Seq_Transmit_DMA
 .text.HAL_I2C_Master_Seq_Receive_IT
                0x08009740      0x108 cmake/stm32cubemx/CMakeFiles/STM32_Drivers.dir/__/__/Drivers/STM32L4xx_HAL_Driver/Src/stm32l4xx_hal_i2c.c.obj
                0x08009740                HAL_I2C_Master_Seq_Receive_IT
 .text.HAL_I2C_Master_Seq_Receive_DMA
                0x08009848      0x208 cmake/stm32cubemx/CMakeFiles/STM32_Drivers.dir/__/__/Drivers/STM32L4xx_HAL_Driver/Src/stm32l4xx_hal_i2c.c.obj
                0x08009848                HAL_I2C_Master_Seq_Receive_DMA
 .text.HAL_I2C_Slave_Seq_Transmit_IT
                0x08009a50      0x164 cmake/stm32cubemx/CMakeFiles/STM32_Drivers.dir/__/__/Drivers/STM32L4xx_HAL_Driver/Src/stm32l4xx_hal_i2c.c.obj
                0x08009a50                HAL_I2C_Slave_Seq_Transmit_IT
 .text.HAL_I2C_Slave_Seq_Transmit_DMA
                0x08009bb4      0x28c cmake/stm32cubemx/CMakeFiles/STM32_Drivers.dir/__/__/Drivers/STM32L4xx_HAL_Driver/Src/stm32l4xx_hal_i2c.c.obj
                0x08009bb4                HAL_I2C_Slave_Seq_Transmit_DMA
 .text.HAL_I2C_Slave_Seq_Receive_IT
                0x08009e40      0x164 cmake/stm32cubemx/CMakeFiles/STM32_Drivers.dir/__/__/Drivers/STM32L4xx_HAL_Driver/Src/stm32l4xx_hal_i2c.c.obj
                0x08009e40                HAL_I2C_Slave_Seq_Receive_IT
 .text.HAL_I2C_Slave_Seq_Receive_DMA
                0x08009fa4      0x28c cmake/stm32cubemx/CMakeFiles/STM32_Drivers.dir/__/__/Drivers/STM32L4xx_HAL_Driver/Src/stm32l4xx_hal_i2c.c.obj
                0x08009fa4                HAL_I2C_Slave_Seq_Receive_DMA
 .text.HAL_I2C_EnableListen_IT
                0x0800a230       0x40 cmake/stm32cubemx/CMakeFiles/STM32_Drivers.dir/__/__/Drivers/STM32L4xx_HAL_Driver/Src/stm32l4xx_hal_i2c.c.obj
                0x0800a230                HAL_I2C_EnableListen_IT
 .text.HAL_I2C_DisableListen_IT
                0x0800a270       0x62 cmake/stm32cubemx/CMakeFiles/STM32_Drivers.dir/__/__/Drivers/STM32L4xx_HAL_Driver/Src/stm32l4xx_hal_i2c.c.obj
                0x0800a270                HAL_I2C_DisableListen_IT
 *fill*         0x0800a2d2        0x2 
 .text.HAL_I2C_Master_Abort_IT
                0x0800a2d4       0xa8 cmake/stm32cubemx/CMakeFiles/STM32_Drivers.dir/__/__/Drivers/STM32L4xx_HAL_Driver/Src/stm32l4xx_hal_i2c.c.obj
                0x0800a2d4                HAL_I2C_Master_Abort_IT
 .text.HAL_I2C_EV_IRQHandler
                0x0800a37c       0x34 cmake/stm32cubemx/CMakeFiles/STM32_Drivers.dir/__/__/Drivers/STM32L4xx_HAL_Driver/Src/stm32l4xx_hal_i2c.c.obj
                0x0800a37c                HAL_I2C_EV_IRQHandler
 .text.HAL_I2C_ER_IRQHandler
                0x0800a3b0       0xc2 cmake/stm32cubemx/CMakeFiles/STM32_Drivers.dir/__/__/Drivers/STM32L4xx_HAL_Driver/Src/stm32l4xx_hal_i2c.c.obj
                0x0800a3b0                HAL_I2C_ER_IRQHandler
 .text.HAL_I2C_MasterTxCpltCallback
                0x0800a472       0x14 cmake/stm32cubemx/CMakeFiles/STM32_Drivers.dir/__/__/Drivers/STM32L4xx_HAL_Driver/Src/stm32l4xx_hal_i2c.c.obj
                0x0800a472                HAL_I2C_MasterTxCpltCallback
 .text.HAL_I2C_MasterRxCpltCallback
                0x0800a486       0x14 cmake/stm32cubemx/CMakeFiles/STM32_Drivers.dir/__/__/Drivers/STM32L4xx_HAL_Driver/Src/stm32l4xx_hal_i2c.c.obj
                0x0800a486                HAL_I2C_MasterRxCpltCallback
 .text.HAL_I2C_SlaveTxCpltCallback
                0x0800a49a       0x14 cmake/stm32cubemx/CMakeFiles/STM32_Drivers.dir/__/__/Drivers/STM32L4xx_HAL_Driver/Src/stm32l4xx_hal_i2c.c.obj
                0x0800a49a                HAL_I2C_SlaveTxCpltCallback
 .text.HAL_I2C_SlaveRxCpltCallback
                0x0800a4ae       0x14 cmake/stm32cubemx/CMakeFiles/STM32_Drivers.dir/__/__/Drivers/STM32L4xx_HAL_Driver/Src/stm32l4xx_hal_i2c.c.obj
                0x0800a4ae                HAL_I2C_SlaveRxCpltCallback
 .text.HAL_I2C_AddrCallback
                0x0800a4c2       0x1c cmake/stm32cubemx/CMakeFiles/STM32_Drivers.dir/__/__/Drivers/STM32L4xx_HAL_Driver/Src/stm32l4xx_hal_i2c.c.obj
                0x0800a4c2                HAL_I2C_AddrCallback
 .text.HAL_I2C_ListenCpltCallback
                0x0800a4de       0x14 cmake/stm32cubemx/CMakeFiles/STM32_Drivers.dir/__/__/Drivers/STM32L4xx_HAL_Driver/Src/stm32l4xx_hal_i2c.c.obj
                0x0800a4de                HAL_I2C_ListenCpltCallback
 .text.HAL_I2C_MemTxCpltCallback
                0x0800a4f2       0x14 cmake/stm32cubemx/CMakeFiles/STM32_Drivers.dir/__/__/Drivers/STM32L4xx_HAL_Driver/Src/stm32l4xx_hal_i2c.c.obj
                0x0800a4f2                HAL_I2C_MemTxCpltCallback
 .text.HAL_I2C_MemRxCpltCallback
                0x0800a506       0x14 cmake/stm32cubemx/CMakeFiles/STM32_Drivers.dir/__/__/Drivers/STM32L4xx_HAL_Driver/Src/stm32l4xx_hal_i2c.c.obj
                0x0800a506                HAL_I2C_MemRxCpltCallback
 .text.HAL_I2C_ErrorCallback
                0x0800a51a       0x14 cmake/stm32cubemx/CMakeFiles/STM32_Drivers.dir/__/__/Drivers/STM32L4xx_HAL_Driver/Src/stm32l4xx_hal_i2c.c.obj
                0x0800a51a                HAL_I2C_ErrorCallback
 .text.HAL_I2C_AbortCpltCallback
                0x0800a52e       0x14 cmake/stm32cubemx/CMakeFiles/STM32_Drivers.dir/__/__/Drivers/STM32L4xx_HAL_Driver/Src/stm32l4xx_hal_i2c.c.obj
                0x0800a52e                HAL_I2C_AbortCpltCallback
 .text.HAL_I2C_GetState
                0x0800a542       0x1c cmake/stm32cubemx/CMakeFiles/STM32_Drivers.dir/__/__/Drivers/STM32L4xx_HAL_Driver/Src/stm32l4xx_hal_i2c.c.obj
                0x0800a542                HAL_I2C_GetState
 .text.HAL_I2C_GetMode
                0x0800a55e       0x1c cmake/stm32cubemx/CMakeFiles/STM32_Drivers.dir/__/__/Drivers/STM32L4xx_HAL_Driver/Src/stm32l4xx_hal_i2c.c.obj
                0x0800a55e                HAL_I2C_GetMode
 .text.HAL_I2C_GetError
                0x0800a57a       0x18 cmake/stm32cubemx/CMakeFiles/STM32_Drivers.dir/__/__/Drivers/STM32L4xx_HAL_Driver/Src/stm32l4xx_hal_i2c.c.obj
                0x0800a57a                HAL_I2C_GetError
 .text.I2C_Master_ISR_IT
                0x0800a592      0x284 cmake/stm32cubemx/CMakeFiles/STM32_Drivers.dir/__/__/Drivers/STM32L4xx_HAL_Driver/Src/stm32l4xx_hal_i2c.c.obj
 *fill*         0x0800a816        0x2 
 .text.I2C_Mem_ISR_IT
                0x0800a818      0x2a0 cmake/stm32cubemx/CMakeFiles/STM32_Drivers.dir/__/__/Drivers/STM32L4xx_HAL_Driver/Src/stm32l4xx_hal_i2c.c.obj
 .text.I2C_Slave_ISR_IT
                0x0800aab8      0x208 cmake/stm32cubemx/CMakeFiles/STM32_Drivers.dir/__/__/Drivers/STM32L4xx_HAL_Driver/Src/stm32l4xx_hal_i2c.c.obj
 .text.I2C_Master_ISR_DMA
                0x0800acc0      0x204 cmake/stm32cubemx/CMakeFiles/STM32_Drivers.dir/__/__/Drivers/STM32L4xx_HAL_Driver/Src/stm32l4xx_hal_i2c.c.obj
 .text.I2C_Mem_ISR_DMA
                0x0800aec4      0x29c cmake/stm32cubemx/CMakeFiles/STM32_Drivers.dir/__/__/Drivers/STM32L4xx_HAL_Driver/Src/stm32l4xx_hal_i2c.c.obj
 .text.I2C_Slave_ISR_DMA
                0x0800b160      0x1c2 cmake/stm32cubemx/CMakeFiles/STM32_Drivers.dir/__/__/Drivers/STM32L4xx_HAL_Driver/Src/stm32l4xx_hal_i2c.c.obj
 *fill*         0x0800b322        0x2 
 .text.I2C_RequestMemoryWrite
                0x0800b324       0xa8 cmake/stm32cubemx/CMakeFiles/STM32_Drivers.dir/__/__/Drivers/STM32L4xx_HAL_Driver/Src/stm32l4xx_hal_i2c.c.obj
 .text.I2C_RequestMemoryRead
                0x0800b3cc       0xa8 cmake/stm32cubemx/CMakeFiles/STM32_Drivers.dir/__/__/Drivers/STM32L4xx_HAL_Driver/Src/stm32l4xx_hal_i2c.c.obj
 .text.I2C_ITAddrCplt
                0x0800b474      0x108 cmake/stm32cubemx/CMakeFiles/STM32_Drivers.dir/__/__/Drivers/STM32L4xx_HAL_Driver/Src/stm32l4xx_hal_i2c.c.obj
 .text.I2C_ITMasterSeqCplt
                0x0800b57c       0x7a cmake/stm32cubemx/CMakeFiles/STM32_Drivers.dir/__/__/Drivers/STM32L4xx_HAL_Driver/Src/stm32l4xx_hal_i2c.c.obj
 .text.I2C_ITSlaveSeqCplt
                0x0800b5f6       0xbc cmake/stm32cubemx/CMakeFiles/STM32_Drivers.dir/__/__/Drivers/STM32L4xx_HAL_Driver/Src/stm32l4xx_hal_i2c.c.obj
 *fill*         0x0800b6b2        0x2 
 .text.I2C_ITMasterCplt
                0x0800b6b4      0x194 cmake/stm32cubemx/CMakeFiles/STM32_Drivers.dir/__/__/Drivers/STM32L4xx_HAL_Driver/Src/stm32l4xx_hal_i2c.c.obj
 .text.I2C_ITSlaveCplt
                0x0800b848      0x2d4 cmake/stm32cubemx/CMakeFiles/STM32_Drivers.dir/__/__/Drivers/STM32L4xx_HAL_Driver/Src/stm32l4xx_hal_i2c.c.obj
 .text.I2C_ITListenCplt
                0x0800bb1c       0xac cmake/stm32cubemx/CMakeFiles/STM32_Drivers.dir/__/__/Drivers/STM32L4xx_HAL_Driver/Src/stm32l4xx_hal_i2c.c.obj
 .text.I2C_ITError
                0x0800bbc8      0x1e0 cmake/stm32cubemx/CMakeFiles/STM32_Drivers.dir/__/__/Drivers/STM32L4xx_HAL_Driver/Src/stm32l4xx_hal_i2c.c.obj
 .text.I2C_TreatErrorCallback
                0x0800bda8       0x4e cmake/stm32cubemx/CMakeFiles/STM32_Drivers.dir/__/__/Drivers/STM32L4xx_HAL_Driver/Src/stm32l4xx_hal_i2c.c.obj
 .text.I2C_Flush_TXDR
                0x0800bdf6       0x48 cmake/stm32cubemx/CMakeFiles/STM32_Drivers.dir/__/__/Drivers/STM32L4xx_HAL_Driver/Src/stm32l4xx_hal_i2c.c.obj
 .text.I2C_DMAMasterTransmitCplt
                0x0800be3e       0x96 cmake/stm32cubemx/CMakeFiles/STM32_Drivers.dir/__/__/Drivers/STM32L4xx_HAL_Driver/Src/stm32l4xx_hal_i2c.c.obj
 .text.I2C_DMASlaveTransmitCplt
                0x0800bed4       0x40 cmake/stm32cubemx/CMakeFiles/STM32_Drivers.dir/__/__/Drivers/STM32L4xx_HAL_Driver/Src/stm32l4xx_hal_i2c.c.obj
 .text.I2C_DMAMasterReceiveCplt
                0x0800bf14       0xb2 cmake/stm32cubemx/CMakeFiles/STM32_Drivers.dir/__/__/Drivers/STM32L4xx_HAL_Driver/Src/stm32l4xx_hal_i2c.c.obj
 .text.I2C_DMASlaveReceiveCplt
                0x0800bfc6       0x46 cmake/stm32cubemx/CMakeFiles/STM32_Drivers.dir/__/__/Drivers/STM32L4xx_HAL_Driver/Src/stm32l4xx_hal_i2c.c.obj
 .text.I2C_DMAError
                0x0800c00c       0x2e cmake/stm32cubemx/CMakeFiles/STM32_Drivers.dir/__/__/Drivers/STM32L4xx_HAL_Driver/Src/stm32l4xx_hal_i2c.c.obj
 .text.I2C_DMAAbort
                0x0800c03a       0x3c cmake/stm32cubemx/CMakeFiles/STM32_Drivers.dir/__/__/Drivers/STM32L4xx_HAL_Driver/Src/stm32l4xx_hal_i2c.c.obj
 .text.I2C_WaitOnFlagUntilTimeout
                0x0800c076       0xb2 cmake/stm32cubemx/CMakeFiles/STM32_Drivers.dir/__/__/Drivers/STM32L4xx_HAL_Driver/Src/stm32l4xx_hal_i2c.c.obj
 .text.I2C_WaitOnTXISFlagUntilTimeout
                0x0800c128       0x8e cmake/stm32cubemx/CMakeFiles/STM32_Drivers.dir/__/__/Drivers/STM32L4xx_HAL_Driver/Src/stm32l4xx_hal_i2c.c.obj
 .text.I2C_WaitOnSTOPFlagUntilTimeout
                0x0800c1b6       0x86 cmake/stm32cubemx/CMakeFiles/STM32_Drivers.dir/__/__/Drivers/STM32L4xx_HAL_Driver/Src/stm32l4xx_hal_i2c.c.obj
 .text.I2C_WaitOnRXNEFlagUntilTimeout
                0x0800c23c      0x118 cmake/stm32cubemx/CMakeFiles/STM32_Drivers.dir/__/__/Drivers/STM32L4xx_HAL_Driver/Src/stm32l4xx_hal_i2c.c.obj
 .text.I2C_IsErrorOccurred
                0x0800c354      0x1c0 cmake/stm32cubemx/CMakeFiles/STM32_Drivers.dir/__/__/Drivers/STM32L4xx_HAL_Driver/Src/stm32l4xx_hal_i2c.c.obj
 .text.I2C_TransferConfig
                0x0800c514       0x64 cmake/stm32cubemx/CMakeFiles/STM32_Drivers.dir/__/__/Drivers/STM32L4xx_HAL_Driver/Src/stm32l4xx_hal_i2c.c.obj
 .text.I2C_Enable_IRQ
                0x0800c578      0x108 cmake/stm32cubemx/CMakeFiles/STM32_Drivers.dir/__/__/Drivers/STM32L4xx_HAL_Driver/Src/stm32l4xx_hal_i2c.c.obj
 .text.I2C_Disable_IRQ
                0x0800c680       0xbc cmake/stm32cubemx/CMakeFiles/STM32_Drivers.dir/__/__/Drivers/STM32L4xx_HAL_Driver/Src/stm32l4xx_hal_i2c.c.obj
 .text.I2C_ConvertOtherXferOptions
                0x0800c73c       0x36 cmake/stm32cubemx/CMakeFiles/STM32_Drivers.dir/__/__/Drivers/STM32L4xx_HAL_Driver/Src/stm32l4xx_hal_i2c.c.obj
 .text.HAL_I2CEx_ConfigAnalogFilter
                0x0800c772       0x96 cmake/stm32cubemx/CMakeFiles/STM32_Drivers.dir/__/__/Drivers/STM32L4xx_HAL_Driver/Src/stm32l4xx_hal_i2c_ex.c.obj
                0x0800c772                HAL_I2CEx_ConfigAnalogFilter
 .text.HAL_I2CEx_ConfigDigitalFilter
                0x0800c808       0x98 cmake/stm32cubemx/CMakeFiles/STM32_Drivers.dir/__/__/Drivers/STM32L4xx_HAL_Driver/Src/stm32l4xx_hal_i2c_ex.c.obj
                0x0800c808                HAL_I2CEx_ConfigDigitalFilter
 .text.HAL_I2CEx_EnableWakeUp
                0x0800c8a0       0x84 cmake/stm32cubemx/CMakeFiles/STM32_Drivers.dir/__/__/Drivers/STM32L4xx_HAL_Driver/Src/stm32l4xx_hal_i2c_ex.c.obj
                0x0800c8a0                HAL_I2CEx_EnableWakeUp
 .text.HAL_I2CEx_DisableWakeUp
                0x0800c924       0x84 cmake/stm32cubemx/CMakeFiles/STM32_Drivers.dir/__/__/Drivers/STM32L4xx_HAL_Driver/Src/stm32l4xx_hal_i2c_ex.c.obj
                0x0800c924                HAL_I2CEx_DisableWakeUp
 .text.HAL_I2CEx_EnableFastModePlus
                0x0800c9a8       0x40 cmake/stm32cubemx/CMakeFiles/STM32_Drivers.dir/__/__/Drivers/STM32L4xx_HAL_Driver/Src/stm32l4xx_hal_i2c_ex.c.obj
                0x0800c9a8                HAL_I2CEx_EnableFastModePlus
 .text.HAL_I2CEx_DisableFastModePlus
                0x0800c9e8       0x44 cmake/stm32cubemx/CMakeFiles/STM32_Drivers.dir/__/__/Drivers/STM32L4xx_HAL_Driver/Src/stm32l4xx_hal_i2c_ex.c.obj
                0x0800c9e8                HAL_I2CEx_DisableFastModePlus
 .text.HAL_Init
                0x0800ca2c       0x40 cmake/stm32cubemx/CMakeFiles/STM32_Drivers.dir/__/__/Drivers/STM32L4xx_HAL_Driver/Src/stm32l4xx_hal.c.obj
                0x0800ca2c                HAL_Init
 .text.HAL_DeInit
                0x0800ca6c       0x68 cmake/stm32cubemx/CMakeFiles/STM32_Drivers.dir/__/__/Drivers/STM32L4xx_HAL_Driver/Src/stm32l4xx_hal.c.obj
                0x0800ca6c                HAL_DeInit
 .text.HAL_MspInit
                0x0800cad4        0xe cmake/stm32cubemx/CMakeFiles/STM32_Drivers.dir/__/__/Drivers/STM32L4xx_HAL_Driver/Src/stm32l4xx_hal.c.obj
 .text.HAL_MspDeInit
                0x0800cae2        0xe cmake/stm32cubemx/CMakeFiles/STM32_Drivers.dir/__/__/Drivers/STM32L4xx_HAL_Driver/Src/stm32l4xx_hal.c.obj
                0x0800cae2                HAL_MspDeInit
 .text.HAL_InitTick
                0x0800caf0       0x78 cmake/stm32cubemx/CMakeFiles/STM32_Drivers.dir/__/__/Drivers/STM32L4xx_HAL_Driver/Src/stm32l4xx_hal.c.obj
                0x0800caf0                HAL_InitTick
 .text.HAL_IncTick
                0x0800cb68       0x28 cmake/stm32cubemx/CMakeFiles/STM32_Drivers.dir/__/__/Drivers/STM32L4xx_HAL_Driver/Src/stm32l4xx_hal.c.obj
                0x0800cb68                HAL_IncTick
 .text.HAL_GetTick
                0x0800cb90       0x18 cmake/stm32cubemx/CMakeFiles/STM32_Drivers.dir/__/__/Drivers/STM32L4xx_HAL_Driver/Src/stm32l4xx_hal.c.obj
                0x0800cb90                HAL_GetTick
 .text.HAL_GetTickPrio
                0x0800cba8       0x18 cmake/stm32cubemx/CMakeFiles/STM32_Drivers.dir/__/__/Drivers/STM32L4xx_HAL_Driver/Src/stm32l4xx_hal.c.obj
                0x0800cba8                HAL_GetTickPrio
 .text.HAL_SetTickFreq
                0x0800cbc0       0x50 cmake/stm32cubemx/CMakeFiles/STM32_Drivers.dir/__/__/Drivers/STM32L4xx_HAL_Driver/Src/stm32l4xx_hal.c.obj
                0x0800cbc0                HAL_SetTickFreq
 .text.HAL_GetTickFreq
                0x0800cc10       0x18 cmake/stm32cubemx/CMakeFiles/STM32_Drivers.dir/__/__/Drivers/STM32L4xx_HAL_Driver/Src/stm32l4xx_hal.c.obj
                0x0800cc10                HAL_GetTickFreq
 .text.HAL_Delay
                0x0800cc28       0x48 cmake/stm32cubemx/CMakeFiles/STM32_Drivers.dir/__/__/Drivers/STM32L4xx_HAL_Driver/Src/stm32l4xx_hal.c.obj
                0x0800cc28                HAL_Delay
 .text.HAL_SuspendTick
                0x0800cc70       0x20 cmake/stm32cubemx/CMakeFiles/STM32_Drivers.dir/__/__/Drivers/STM32L4xx_HAL_Driver/Src/stm32l4xx_hal.c.obj
                0x0800cc70                HAL_SuspendTick
 .text.HAL_ResumeTick
                0x0800cc90       0x20 cmake/stm32cubemx/CMakeFiles/STM32_Drivers.dir/__/__/Drivers/STM32L4xx_HAL_Driver/Src/stm32l4xx_hal.c.obj
                0x0800cc90                HAL_ResumeTick
 .text.HAL_GetHalVersion
                0x0800ccb0       0x14 cmake/stm32cubemx/CMakeFiles/STM32_Drivers.dir/__/__/Drivers/STM32L4xx_HAL_Driver/Src/stm32l4xx_hal.c.obj
                0x0800ccb0                HAL_GetHalVersion
 .text.HAL_GetREVID
                0x0800ccc4       0x1c cmake/stm32cubemx/CMakeFiles/STM32_Drivers.dir/__/__/Drivers/STM32L4xx_HAL_Driver/Src/stm32l4xx_hal.c.obj
                0x0800ccc4                HAL_GetREVID
 .text.HAL_GetDEVID
                0x0800cce0       0x1c cmake/stm32cubemx/CMakeFiles/STM32_Drivers.dir/__/__/Drivers/STM32L4xx_HAL_Driver/Src/stm32l4xx_hal.c.obj
                0x0800cce0                HAL_GetDEVID
 .text.HAL_GetUIDw0
                0x0800ccfc       0x18 cmake/stm32cubemx/CMakeFiles/STM32_Drivers.dir/__/__/Drivers/STM32L4xx_HAL_Driver/Src/stm32l4xx_hal.c.obj
                0x0800ccfc                HAL_GetUIDw0
 .text.HAL_GetUIDw1
                0x0800cd14       0x18 cmake/stm32cubemx/CMakeFiles/STM32_Drivers.dir/__/__/Drivers/STM32L4xx_HAL_Driver/Src/stm32l4xx_hal.c.obj
                0x0800cd14                HAL_GetUIDw1
 .text.HAL_GetUIDw2
                0x0800cd2c       0x18 cmake/stm32cubemx/CMakeFiles/STM32_Drivers.dir/__/__/Drivers/STM32L4xx_HAL_Driver/Src/stm32l4xx_hal.c.obj
                0x0800cd2c                HAL_GetUIDw2
 .text.HAL_DBGMCU_EnableDBGSleepMode
                0x0800cd44       0x20 cmake/stm32cubemx/CMakeFiles/STM32_Drivers.dir/__/__/Drivers/STM32L4xx_HAL_Driver/Src/stm32l4xx_hal.c.obj
                0x0800cd44                HAL_DBGMCU_EnableDBGSleepMode
 .text.HAL_DBGMCU_DisableDBGSleepMode
                0x0800cd64       0x20 cmake/stm32cubemx/CMakeFiles/STM32_Drivers.dir/__/__/Drivers/STM32L4xx_HAL_Driver/Src/stm32l4xx_hal.c.obj
                0x0800cd64                HAL_DBGMCU_DisableDBGSleepMode
 .text.HAL_DBGMCU_EnableDBGStopMode
                0x0800cd84       0x20 cmake/stm32cubemx/CMakeFiles/STM32_Drivers.dir/__/__/Drivers/STM32L4xx_HAL_Driver/Src/stm32l4xx_hal.c.obj
                0x0800cd84                HAL_DBGMCU_EnableDBGStopMode
 .text.HAL_DBGMCU_DisableDBGStopMode
                0x0800cda4       0x20 cmake/stm32cubemx/CMakeFiles/STM32_Drivers.dir/__/__/Drivers/STM32L4xx_HAL_Driver/Src/stm32l4xx_hal.c.obj
                0x0800cda4                HAL_DBGMCU_DisableDBGStopMode
 .text.HAL_DBGMCU_EnableDBGStandbyMode
                0x0800cdc4       0x20 cmake/stm32cubemx/CMakeFiles/STM32_Drivers.dir/__/__/Drivers/STM32L4xx_HAL_Driver/Src/stm32l4xx_hal.c.obj
                0x0800cdc4                HAL_DBGMCU_EnableDBGStandbyMode
 .text.HAL_DBGMCU_DisableDBGStandbyMode
                0x0800cde4       0x20 cmake/stm32cubemx/CMakeFiles/STM32_Drivers.dir/__/__/Drivers/STM32L4xx_HAL_Driver/Src/stm32l4xx_hal.c.obj
                0x0800cde4                HAL_DBGMCU_DisableDBGStandbyMode
 .text.HAL_SYSCFG_SRAM2Erase
                0x0800ce04       0x28 cmake/stm32cubemx/CMakeFiles/STM32_Drivers.dir/__/__/Drivers/STM32L4xx_HAL_Driver/Src/stm32l4xx_hal.c.obj
                0x0800ce04                HAL_SYSCFG_SRAM2Erase
 .text.HAL_SYSCFG_EnableMemorySwappingBank
                0x0800ce2c       0x18 cmake/stm32cubemx/CMakeFiles/STM32_Drivers.dir/__/__/Drivers/STM32L4xx_HAL_Driver/Src/stm32l4xx_hal.c.obj
                0x0800ce2c                HAL_SYSCFG_EnableMemorySwappingBank
 .text.HAL_SYSCFG_DisableMemorySwappingBank
                0x0800ce44       0x18 cmake/stm32cubemx/CMakeFiles/STM32_Drivers.dir/__/__/Drivers/STM32L4xx_HAL_Driver/Src/stm32l4xx_hal.c.obj
                0x0800ce44                HAL_SYSCFG_DisableMemorySwappingBank
 .text.HAL_SYSCFG_VREFBUF_VoltageScalingConfig
                0x0800ce5c       0x28 cmake/stm32cubemx/CMakeFiles/STM32_Drivers.dir/__/__/Drivers/STM32L4xx_HAL_Driver/Src/stm32l4xx_hal.c.obj
                0x0800ce5c                HAL_SYSCFG_VREFBUF_VoltageScalingConfig
 .text.HAL_SYSCFG_VREFBUF_HighImpedanceConfig
                0x0800ce84       0x28 cmake/stm32cubemx/CMakeFiles/STM32_Drivers.dir/__/__/Drivers/STM32L4xx_HAL_Driver/Src/stm32l4xx_hal.c.obj
                0x0800ce84                HAL_SYSCFG_VREFBUF_HighImpedanceConfig
 .text.HAL_SYSCFG_VREFBUF_TrimmingConfig
                0x0800ceac       0x28 cmake/stm32cubemx/CMakeFiles/STM32_Drivers.dir/__/__/Drivers/STM32L4xx_HAL_Driver/Src/stm32l4xx_hal.c.obj
                0x0800ceac                HAL_SYSCFG_VREFBUF_TrimmingConfig
 .text.HAL_SYSCFG_EnableVREFBUF
                0x0800ced4       0x48 cmake/stm32cubemx/CMakeFiles/STM32_Drivers.dir/__/__/Drivers/STM32L4xx_HAL_Driver/Src/stm32l4xx_hal.c.obj
                0x0800ced4                HAL_SYSCFG_EnableVREFBUF
 .text.HAL_SYSCFG_DisableVREFBUF
                0x0800cf1c       0x20 cmake/stm32cubemx/CMakeFiles/STM32_Drivers.dir/__/__/Drivers/STM32L4xx_HAL_Driver/Src/stm32l4xx_hal.c.obj
                0x0800cf1c                HAL_SYSCFG_DisableVREFBUF
 .text.HAL_SYSCFG_EnableIOAnalogSwitchBooster
                0x0800cf3c       0x20 cmake/stm32cubemx/CMakeFiles/STM32_Drivers.dir/__/__/Drivers/STM32L4xx_HAL_Driver/Src/stm32l4xx_hal.c.obj
                0x0800cf3c                HAL_SYSCFG_EnableIOAnalogSwitchBooster
 .text.HAL_SYSCFG_DisableIOAnalogSwitchBooster
                0x0800cf5c       0x20 cmake/stm32cubemx/CMakeFiles/STM32_Drivers.dir/__/__/Drivers/STM32L4xx_HAL_Driver/Src/stm32l4xx_hal.c.obj
                0x0800cf5c                HAL_SYSCFG_DisableIOAnalogSwitchBooster
 .text.HAL_RCC_DeInit
                0x0800cf7c      0x144 cmake/stm32cubemx/CMakeFiles/STM32_Drivers.dir/__/__/Drivers/STM32L4xx_HAL_Driver/Src/stm32l4xx_hal_rcc.c.obj
                0x0800cf7c                HAL_RCC_DeInit
 .text.HAL_RCC_OscConfig
                0x0800d0c0      0x7b8 cmake/stm32cubemx/CMakeFiles/STM32_Drivers.dir/__/__/Drivers/STM32L4xx_HAL_Driver/Src/stm32l4xx_hal_rcc.c.obj
                0x0800d0c0                HAL_RCC_OscConfig
 .text.HAL_RCC_ClockConfig
                0x0800d878      0x200 cmake/stm32cubemx/CMakeFiles/STM32_Drivers.dir/__/__/Drivers/STM32L4xx_HAL_Driver/Src/stm32l4xx_hal_rcc.c.obj
                0x0800d878                HAL_RCC_ClockConfig
 .text.HAL_RCC_MCOConfig
                0x0800da78       0x68 cmake/stm32cubemx/CMakeFiles/STM32_Drivers.dir/__/__/Drivers/STM32L4xx_HAL_Driver/Src/stm32l4xx_hal_rcc.c.obj
                0x0800da78                HAL_RCC_MCOConfig
 .text.HAL_RCC_GetSysClockFreq
                0x0800dae0      0x118 cmake/stm32cubemx/CMakeFiles/STM32_Drivers.dir/__/__/Drivers/STM32L4xx_HAL_Driver/Src/stm32l4xx_hal_rcc.c.obj
                0x0800dae0                HAL_RCC_GetSysClockFreq
 .text.HAL_RCC_GetHCLKFreq
                0x0800dbf8       0x18 cmake/stm32cubemx/CMakeFiles/STM32_Drivers.dir/__/__/Drivers/STM32L4xx_HAL_Driver/Src/stm32l4xx_hal_rcc.c.obj
                0x0800dbf8                HAL_RCC_GetHCLKFreq
 .text.HAL_RCC_GetPCLK1Freq
                0x0800dc10       0x2c cmake/stm32cubemx/CMakeFiles/STM32_Drivers.dir/__/__/Drivers/STM32L4xx_HAL_Driver/Src/stm32l4xx_hal_rcc.c.obj
                0x0800dc10                HAL_RCC_GetPCLK1Freq
 .text.HAL_RCC_GetPCLK2Freq
                0x0800dc3c       0x2c cmake/stm32cubemx/CMakeFiles/STM32_Drivers.dir/__/__/Drivers/STM32L4xx_HAL_Driver/Src/stm32l4xx_hal_rcc.c.obj
                0x0800dc3c                HAL_RCC_GetPCLK2Freq
 .text.HAL_RCC_GetOscConfig
                0x0800dc68      0x18c cmake/stm32cubemx/CMakeFiles/STM32_Drivers.dir/__/__/Drivers/STM32L4xx_HAL_Driver/Src/stm32l4xx_hal_rcc.c.obj
                0x0800dc68                HAL_RCC_GetOscConfig
 .text.HAL_RCC_GetClockConfig
                0x0800ddf4       0x64 cmake/stm32cubemx/CMakeFiles/STM32_Drivers.dir/__/__/Drivers/STM32L4xx_HAL_Driver/Src/stm32l4xx_hal_rcc.c.obj
                0x0800ddf4                HAL_RCC_GetClockConfig
 .text.HAL_RCC_EnableCSS
                0x0800de58       0x20 cmake/stm32cubemx/CMakeFiles/STM32_Drivers.dir/__/__/Drivers/STM32L4xx_HAL_Driver/Src/stm32l4xx_hal_rcc.c.obj
                0x0800de58                HAL_RCC_EnableCSS
 .text.HAL_RCC_NMI_IRQHandler
                0x0800de78       0x28 cmake/stm32cubemx/CMakeFiles/STM32_Drivers.dir/__/__/Drivers/STM32L4xx_HAL_Driver/Src/stm32l4xx_hal_rcc.c.obj
                0x0800de78                HAL_RCC_NMI_IRQHandler
 .text.HAL_RCC_CSSCallback
                0x0800dea0        0xe cmake/stm32cubemx/CMakeFiles/STM32_Drivers.dir/__/__/Drivers/STM32L4xx_HAL_Driver/Src/stm32l4xx_hal_rcc.c.obj
                0x0800dea0                HAL_RCC_CSSCallback
 *fill*         0x0800deae        0x2 
 .text.HAL_RCC_GetResetSource
                0x0800deb0       0x34 cmake/stm32cubemx/CMakeFiles/STM32_Drivers.dir/__/__/Drivers/STM32L4xx_HAL_Driver/Src/stm32l4xx_hal_rcc.c.obj
                0x0800deb0                HAL_RCC_GetResetSource
 .text.RCC_SetFlashLatencyFromMSIRange
                0x0800dee4       0xc0 cmake/stm32cubemx/CMakeFiles/STM32_Drivers.dir/__/__/Drivers/STM32L4xx_HAL_Driver/Src/stm32l4xx_hal_rcc.c.obj
 .text.HAL_RCCEx_PeriphCLKConfig
                0x0800dfa4      0x5d4 cmake/stm32cubemx/CMakeFiles/STM32_Drivers.dir/__/__/Drivers/STM32L4xx_HAL_Driver/Src/stm32l4xx_hal_rcc_ex.c.obj
                0x0800dfa4                HAL_RCCEx_PeriphCLKConfig
 .text.HAL_RCCEx_GetPeriphCLKConfig
                0x0800e578      0x1e0 cmake/stm32cubemx/CMakeFiles/STM32_Drivers.dir/__/__/Drivers/STM32L4xx_HAL_Driver/Src/stm32l4xx_hal_rcc_ex.c.obj
                0x0800e578                HAL_RCCEx_GetPeriphCLKConfig
 .text.HAL_RCCEx_GetPeriphCLKFreq
                0x0800e758      0xadc cmake/stm32cubemx/CMakeFiles/STM32_Drivers.dir/__/__/Drivers/STM32L4xx_HAL_Driver/Src/stm32l4xx_hal_rcc_ex.c.obj
                0x0800e758                HAL_RCCEx_GetPeriphCLKFreq
 .text.HAL_RCCEx_EnablePLLSAI1
                0x0800f234       0xd0 cmake/stm32cubemx/CMakeFiles/STM32_Drivers.dir/__/__/Drivers/STM32L4xx_HAL_Driver/Src/stm32l4xx_hal_rcc_ex.c.obj
                0x0800f234                HAL_RCCEx_EnablePLLSAI1
 .text.HAL_RCCEx_DisablePLLSAI1
                0x0800f304       0x74 cmake/stm32cubemx/CMakeFiles/STM32_Drivers.dir/__/__/Drivers/STM32L4xx_HAL_Driver/Src/stm32l4xx_hal_rcc_ex.c.obj
                0x0800f304                HAL_RCCEx_DisablePLLSAI1
 .text.HAL_RCCEx_EnablePLLSAI2
                0x0800f378       0xc4 cmake/stm32cubemx/CMakeFiles/STM32_Drivers.dir/__/__/Drivers/STM32L4xx_HAL_Driver/Src/stm32l4xx_hal_rcc_ex.c.obj
                0x0800f378                HAL_RCCEx_EnablePLLSAI2
 .text.HAL_RCCEx_DisablePLLSAI2
                0x0800f43c       0x74 cmake/stm32cubemx/CMakeFiles/STM32_Drivers.dir/__/__/Drivers/STM32L4xx_HAL_Driver/Src/stm32l4xx_hal_rcc_ex.c.obj
                0x0800f43c                HAL_RCCEx_DisablePLLSAI2
 .text.HAL_RCCEx_WakeUpStopCLKConfig
                0x0800f4b0       0x28 cmake/stm32cubemx/CMakeFiles/STM32_Drivers.dir/__/__/Drivers/STM32L4xx_HAL_Driver/Src/stm32l4xx_hal_rcc_ex.c.obj
                0x0800f4b0                HAL_RCCEx_WakeUpStopCLKConfig
 .text.HAL_RCCEx_StandbyMSIRangeConfig
                0x0800f4d8       0x30 cmake/stm32cubemx/CMakeFiles/STM32_Drivers.dir/__/__/Drivers/STM32L4xx_HAL_Driver/Src/stm32l4xx_hal_rcc_ex.c.obj
                0x0800f4d8                HAL_RCCEx_StandbyMSIRangeConfig
 .text.HAL_RCCEx_EnableLSECSS
                0x0800f508       0x24 cmake/stm32cubemx/CMakeFiles/STM32_Drivers.dir/__/__/Drivers/STM32L4xx_HAL_Driver/Src/stm32l4xx_hal_rcc_ex.c.obj
                0x0800f508                HAL_RCCEx_EnableLSECSS
 .text.HAL_RCCEx_DisableLSECSS
                0x0800f52c       0x30 cmake/stm32cubemx/CMakeFiles/STM32_Drivers.dir/__/__/Drivers/STM32L4xx_HAL_Driver/Src/stm32l4xx_hal_rcc_ex.c.obj
                0x0800f52c                HAL_RCCEx_DisableLSECSS
 .text.HAL_RCCEx_EnableLSECSS_IT
                0x0800f55c       0x4c cmake/stm32cubemx/CMakeFiles/STM32_Drivers.dir/__/__/Drivers/STM32L4xx_HAL_Driver/Src/stm32l4xx_hal_rcc_ex.c.obj
                0x0800f55c                HAL_RCCEx_EnableLSECSS_IT
 .text.HAL_RCCEx_LSECSS_IRQHandler
                0x0800f5a8       0x28 cmake/stm32cubemx/CMakeFiles/STM32_Drivers.dir/__/__/Drivers/STM32L4xx_HAL_Driver/Src/stm32l4xx_hal_rcc_ex.c.obj
                0x0800f5a8                HAL_RCCEx_LSECSS_IRQHandler
 .text.HAL_RCCEx_LSECSS_Callback
                0x0800f5d0        0xe cmake/stm32cubemx/CMakeFiles/STM32_Drivers.dir/__/__/Drivers/STM32L4xx_HAL_Driver/Src/stm32l4xx_hal_rcc_ex.c.obj
                0x0800f5d0                HAL_RCCEx_LSECSS_Callback
 *fill*         0x0800f5de        0x2 
 .text.HAL_RCCEx_EnableLSCO
                0x0800f5e0       0xe4 cmake/stm32cubemx/CMakeFiles/STM32_Drivers.dir/__/__/Drivers/STM32L4xx_HAL_Driver/Src/stm32l4xx_hal_rcc_ex.c.obj
                0x0800f5e0                HAL_RCCEx_EnableLSCO
 .text.HAL_RCCEx_DisableLSCO
                0x0800f6c4       0x88 cmake/stm32cubemx/CMakeFiles/STM32_Drivers.dir/__/__/Drivers/STM32L4xx_HAL_Driver/Src/stm32l4xx_hal_rcc_ex.c.obj
                0x0800f6c4                HAL_RCCEx_DisableLSCO
 .text.HAL_RCCEx_EnableMSIPLLMode
                0x0800f74c       0x20 cmake/stm32cubemx/CMakeFiles/STM32_Drivers.dir/__/__/Drivers/STM32L4xx_HAL_Driver/Src/stm32l4xx_hal_rcc_ex.c.obj
                0x0800f74c                HAL_RCCEx_EnableMSIPLLMode
 .text.HAL_RCCEx_DisableMSIPLLMode
                0x0800f76c       0x20 cmake/stm32cubemx/CMakeFiles/STM32_Drivers.dir/__/__/Drivers/STM32L4xx_HAL_Driver/Src/stm32l4xx_hal_rcc_ex.c.obj
                0x0800f76c                HAL_RCCEx_DisableMSIPLLMode
 .text.RCCEx_PLLSAI1_Config
                0x0800f78c      0x1e8 cmake/stm32cubemx/CMakeFiles/STM32_Drivers.dir/__/__/Drivers/STM32L4xx_HAL_Driver/Src/stm32l4xx_hal_rcc_ex.c.obj
 .text.RCCEx_PLLSAI2_Config
                0x0800f974      0x1bc cmake/stm32cubemx/CMakeFiles/STM32_Drivers.dir/__/__/Drivers/STM32L4xx_HAL_Driver/Src/stm32l4xx_hal_rcc_ex.c.obj
 .text.RCCEx_GetSAIxPeriphCLKFreq
                0x0800fb30      0x1e0 cmake/stm32cubemx/CMakeFiles/STM32_Drivers.dir/__/__/Drivers/STM32L4xx_HAL_Driver/Src/stm32l4xx_hal_rcc_ex.c.obj
 .text.HAL_FLASH_Program
                0x0800fd10       0xd8 cmake/stm32cubemx/CMakeFiles/STM32_Drivers.dir/__/__/Drivers/STM32L4xx_HAL_Driver/Src/stm32l4xx_hal_flash.c.obj
                0x0800fd10                HAL_FLASH_Program
 .text.HAL_FLASH_Program_IT
                0x0800fde8       0xb0 cmake/stm32cubemx/CMakeFiles/STM32_Drivers.dir/__/__/Drivers/STM32L4xx_HAL_Driver/Src/stm32l4xx_hal_flash.c.obj
                0x0800fde8                HAL_FLASH_Program_IT
 .text.HAL_FLASH_IRQHandler
                0x0800fe98      0x1ac cmake/stm32cubemx/CMakeFiles/STM32_Drivers.dir/__/__/Drivers/STM32L4xx_HAL_Driver/Src/stm32l4xx_hal_flash.c.obj
                0x0800fe98                HAL_FLASH_IRQHandler
 .text.HAL_FLASH_EndOfOperationCallback
                0x08010044       0x14 cmake/stm32cubemx/CMakeFiles/STM32_Drivers.dir/__/__/Drivers/STM32L4xx_HAL_Driver/Src/stm32l4xx_hal_flash.c.obj
                0x08010044                HAL_FLASH_EndOfOperationCallback
 .text.HAL_FLASH_OperationErrorCallback
                0x08010058       0x14 cmake/stm32cubemx/CMakeFiles/STM32_Drivers.dir/__/__/Drivers/STM32L4xx_HAL_Driver/Src/stm32l4xx_hal_flash.c.obj
                0x08010058                HAL_FLASH_OperationErrorCallback
 .text.HAL_FLASH_Unlock
                0x0801006c       0x44 cmake/stm32cubemx/CMakeFiles/STM32_Drivers.dir/__/__/Drivers/STM32L4xx_HAL_Driver/Src/stm32l4xx_hal_flash.c.obj
                0x0801006c                HAL_FLASH_Unlock
 .text.HAL_FLASH_Lock
                0x080100b0       0x20 cmake/stm32cubemx/CMakeFiles/STM32_Drivers.dir/__/__/Drivers/STM32L4xx_HAL_Driver/Src/stm32l4xx_hal_flash.c.obj
                0x080100b0                HAL_FLASH_Lock
 .text.HAL_FLASH_OB_Unlock
                0x080100d0       0x38 cmake/stm32cubemx/CMakeFiles/STM32_Drivers.dir/__/__/Drivers/STM32L4xx_HAL_Driver/Src/stm32l4xx_hal_flash.c.obj
                0x080100d0                HAL_FLASH_OB_Unlock
 .text.HAL_FLASH_OB_Lock
                0x08010108       0x20 cmake/stm32cubemx/CMakeFiles/STM32_Drivers.dir/__/__/Drivers/STM32L4xx_HAL_Driver/Src/stm32l4xx_hal_flash.c.obj
                0x08010108                HAL_FLASH_OB_Lock
 .text.HAL_FLASH_OB_Launch
                0x08010128       0x24 cmake/stm32cubemx/CMakeFiles/STM32_Drivers.dir/__/__/Drivers/STM32L4xx_HAL_Driver/Src/stm32l4xx_hal_flash.c.obj
                0x08010128                HAL_FLASH_OB_Launch
 .text.HAL_FLASH_GetError
                0x0801014c       0x18 cmake/stm32cubemx/CMakeFiles/STM32_Drivers.dir/__/__/Drivers/STM32L4xx_HAL_Driver/Src/stm32l4xx_hal_flash.c.obj
                0x0801014c                HAL_FLASH_GetError
 .text.FLASH_WaitForLastOperation
                0x08010164       0xac cmake/stm32cubemx/CMakeFiles/STM32_Drivers.dir/__/__/Drivers/STM32L4xx_HAL_Driver/Src/stm32l4xx_hal_flash.c.obj
                0x08010164                FLASH_WaitForLastOperation
 .text.FLASH_Program_DoubleWord
                0x08010210       0x4c cmake/stm32cubemx/CMakeFiles/STM32_Drivers.dir/__/__/Drivers/STM32L4xx_HAL_Driver/Src/stm32l4xx_hal_flash.c.obj
 .text.FLASH_Program_Fast
                0x0801025c       0x6c cmake/stm32cubemx/CMakeFiles/STM32_Drivers.dir/__/__/Drivers/STM32L4xx_HAL_Driver/Src/stm32l4xx_hal_flash.c.obj
 .text.HAL_FLASHEx_Erase
                0x080102c8      0x138 cmake/stm32cubemx/CMakeFiles/STM32_Drivers.dir/__/__/Drivers/STM32L4xx_HAL_Driver/Src/stm32l4xx_hal_flash_ex.c.obj
                0x080102c8                HAL_FLASHEx_Erase
 .text.HAL_FLASHEx_Erase_IT
                0x08010400       0xe4 cmake/stm32cubemx/CMakeFiles/STM32_Drivers.dir/__/__/Drivers/STM32L4xx_HAL_Driver/Src/stm32l4xx_hal_flash_ex.c.obj
                0x08010400                HAL_FLASHEx_Erase_IT
 .text.HAL_FLASHEx_OBProgram
                0x080104e4       0xdc cmake/stm32cubemx/CMakeFiles/STM32_Drivers.dir/__/__/Drivers/STM32L4xx_HAL_Driver/Src/stm32l4xx_hal_flash_ex.c.obj
                0x080104e4                HAL_FLASHEx_OBProgram
 .text.HAL_FLASHEx_OBGetConfig
                0x080105c0       0x9c cmake/stm32cubemx/CMakeFiles/STM32_Drivers.dir/__/__/Drivers/STM32L4xx_HAL_Driver/Src/stm32l4xx_hal_flash_ex.c.obj
                0x080105c0                HAL_FLASHEx_OBGetConfig
 .text.FLASH_MassErase
                0x0801065c       0x50 cmake/stm32cubemx/CMakeFiles/STM32_Drivers.dir/__/__/Drivers/STM32L4xx_HAL_Driver/Src/stm32l4xx_hal_flash_ex.c.obj
 .text.FLASH_PageErase
                0x080106ac       0x6c cmake/stm32cubemx/CMakeFiles/STM32_Drivers.dir/__/__/Drivers/STM32L4xx_HAL_Driver/Src/stm32l4xx_hal_flash_ex.c.obj
                0x080106ac                FLASH_PageErase
 .text.FLASH_FlushCaches
                0x08010718       0x94 cmake/stm32cubemx/CMakeFiles/STM32_Drivers.dir/__/__/Drivers/STM32L4xx_HAL_Driver/Src/stm32l4xx_hal_flash_ex.c.obj
                0x08010718                FLASH_FlushCaches
 .text.FLASH_OB_WRPConfig
                0x080107ac       0xc8 cmake/stm32cubemx/CMakeFiles/STM32_Drivers.dir/__/__/Drivers/STM32L4xx_HAL_Driver/Src/stm32l4xx_hal_flash_ex.c.obj
 .text.FLASH_OB_RDPConfig
                0x08010874       0x5c cmake/stm32cubemx/CMakeFiles/STM32_Drivers.dir/__/__/Drivers/STM32L4xx_HAL_Driver/Src/stm32l4xx_hal_flash_ex.c.obj
 .text.FLASH_OB_UserConfig
                0x080108d0      0x1f0 cmake/stm32cubemx/CMakeFiles/STM32_Drivers.dir/__/__/Drivers/STM32L4xx_HAL_Driver/Src/stm32l4xx_hal_flash_ex.c.obj
 .text.FLASH_OB_PCROPConfig
                0x08010ac0      0x158 cmake/stm32cubemx/CMakeFiles/STM32_Drivers.dir/__/__/Drivers/STM32L4xx_HAL_Driver/Src/stm32l4xx_hal_flash_ex.c.obj
 .text.FLASH_OB_GetWRP
                0x08010c18       0x94 cmake/stm32cubemx/CMakeFiles/STM32_Drivers.dir/__/__/Drivers/STM32L4xx_HAL_Driver/Src/stm32l4xx_hal_flash_ex.c.obj
 .text.FLASH_OB_GetRDP
                0x08010cac       0x34 cmake/stm32cubemx/CMakeFiles/STM32_Drivers.dir/__/__/Drivers/STM32L4xx_HAL_Driver/Src/stm32l4xx_hal_flash_ex.c.obj
 .text.FLASH_OB_GetUser
                0x08010ce0       0x28 cmake/stm32cubemx/CMakeFiles/STM32_Drivers.dir/__/__/Drivers/STM32L4xx_HAL_Driver/Src/stm32l4xx_hal_flash_ex.c.obj
 .text.FLASH_OB_GetPCROP
                0x08010d08      0x110 cmake/stm32cubemx/CMakeFiles/STM32_Drivers.dir/__/__/Drivers/STM32L4xx_HAL_Driver/Src/stm32l4xx_hal_flash_ex.c.obj
 .text.HAL_GPIO_Init
                0x08010e18      0x354 cmake/stm32cubemx/CMakeFiles/STM32_Drivers.dir/__/__/Drivers/STM32L4xx_HAL_Driver/Src/stm32l4xx_hal_gpio.c.obj
                0x08010e18                HAL_GPIO_Init
 .text.HAL_GPIO_DeInit
                0x0801116c      0x1e8 cmake/stm32cubemx/CMakeFiles/STM32_Drivers.dir/__/__/Drivers/STM32L4xx_HAL_Driver/Src/stm32l4xx_hal_gpio.c.obj
                0x0801116c                HAL_GPIO_DeInit
 .text.HAL_GPIO_ReadPin
                0x08011354       0x30 cmake/stm32cubemx/CMakeFiles/STM32_Drivers.dir/__/__/Drivers/STM32L4xx_HAL_Driver/Src/stm32l4xx_hal_gpio.c.obj
                0x08011354                HAL_GPIO_ReadPin
 .text.HAL_GPIO_WritePin
                0x08011384       0x30 cmake/stm32cubemx/CMakeFiles/STM32_Drivers.dir/__/__/Drivers/STM32L4xx_HAL_Driver/Src/stm32l4xx_hal_gpio.c.obj
                0x08011384                HAL_GPIO_WritePin
 .text.HAL_GPIO_TogglePin
                0x080113b4       0x34 cmake/stm32cubemx/CMakeFiles/STM32_Drivers.dir/__/__/Drivers/STM32L4xx_HAL_Driver/Src/stm32l4xx_hal_gpio.c.obj
                0x080113b4                HAL_GPIO_TogglePin
 .text.HAL_GPIO_LockPin
                0x080113e8       0x50 cmake/stm32cubemx/CMakeFiles/STM32_Drivers.dir/__/__/Drivers/STM32L4xx_HAL_Driver/Src/stm32l4xx_hal_gpio.c.obj
                0x080113e8                HAL_GPIO_LockPin
 .text.HAL_GPIO_EXTI_IRQHandler
                0x08011438       0x30 cmake/stm32cubemx/CMakeFiles/STM32_Drivers.dir/__/__/Drivers/STM32L4xx_HAL_Driver/Src/stm32l4xx_hal_gpio.c.obj
                0x08011438                HAL_GPIO_EXTI_IRQHandler
 .text.HAL_GPIO_EXTI_Callback
                0x08011468       0x16 cmake/stm32cubemx/CMakeFiles/STM32_Drivers.dir/__/__/Drivers/STM32L4xx_HAL_Driver/Src/stm32l4xx_hal_gpio.c.obj
                0x08011468                HAL_GPIO_EXTI_Callback
 *fill*         0x0801147e        0x2 
 .text.HAL_DMA_Init
                0x08011480      0x170 cmake/stm32cubemx/CMakeFiles/STM32_Drivers.dir/__/__/Drivers/STM32L4xx_HAL_Driver/Src/stm32l4xx_hal_dma.c.obj
                0x08011480                HAL_DMA_Init
 .text.HAL_DMA_DeInit
                0x080115f0      0x124 cmake/stm32cubemx/CMakeFiles/STM32_Drivers.dir/__/__/Drivers/STM32L4xx_HAL_Driver/Src/stm32l4xx_hal_dma.c.obj
                0x080115f0                HAL_DMA_DeInit
 .text.HAL_DMA_Start
                0x08011714       0x8c cmake/stm32cubemx/CMakeFiles/STM32_Drivers.dir/__/__/Drivers/STM32L4xx_HAL_Driver/Src/stm32l4xx_hal_dma.c.obj
                0x08011714                HAL_DMA_Start
 .text.HAL_DMA_Start_IT
                0x080117a0       0xc6 cmake/stm32cubemx/CMakeFiles/STM32_Drivers.dir/__/__/Drivers/STM32L4xx_HAL_Driver/Src/stm32l4xx_hal_dma.c.obj
                0x080117a0                HAL_DMA_Start_IT
 .text.HAL_DMA_Abort
                0x08011866       0x82 cmake/stm32cubemx/CMakeFiles/STM32_Drivers.dir/__/__/Drivers/STM32L4xx_HAL_Driver/Src/stm32l4xx_hal_dma.c.obj
                0x08011866                HAL_DMA_Abort
 .text.HAL_DMA_Abort_IT
                0x080118e8       0x82 cmake/stm32cubemx/CMakeFiles/STM32_Drivers.dir/__/__/Drivers/STM32L4xx_HAL_Driver/Src/stm32l4xx_hal_dma.c.obj
                0x080118e8                HAL_DMA_Abort_IT
 .text.HAL_DMA_PollForTransfer
                0x0801196a      0x14e cmake/stm32cubemx/CMakeFiles/STM32_Drivers.dir/__/__/Drivers/STM32L4xx_HAL_Driver/Src/stm32l4xx_hal_dma.c.obj
                0x0801196a                HAL_DMA_PollForTransfer
 .text.HAL_DMA_IRQHandler
                0x08011ab8      0x18c cmake/stm32cubemx/CMakeFiles/STM32_Drivers.dir/__/__/Drivers/STM32L4xx_HAL_Driver/Src/stm32l4xx_hal_dma.c.obj
                0x08011ab8                HAL_DMA_IRQHandler
 .text.HAL_DMA_RegisterCallback
                0x08011c44       0x90 cmake/stm32cubemx/CMakeFiles/STM32_Drivers.dir/__/__/Drivers/STM32L4xx_HAL_Driver/Src/stm32l4xx_hal_dma.c.obj
                0x08011c44                HAL_DMA_RegisterCallback
 .text.HAL_DMA_UnRegisterCallback
                0x08011cd4       0xb0 cmake/stm32cubemx/CMakeFiles/STM32_Drivers.dir/__/__/Drivers/STM32L4xx_HAL_Driver/Src/stm32l4xx_hal_dma.c.obj
                0x08011cd4                HAL_DMA_UnRegisterCallback
 .text.HAL_DMA_GetState
                0x08011d84       0x1c cmake/stm32cubemx/CMakeFiles/STM32_Drivers.dir/__/__/Drivers/STM32L4xx_HAL_Driver/Src/stm32l4xx_hal_dma.c.obj
                0x08011d84                HAL_DMA_GetState
 .text.HAL_DMA_GetError
                0x08011da0       0x18 cmake/stm32cubemx/CMakeFiles/STM32_Drivers.dir/__/__/Drivers/STM32L4xx_HAL_Driver/Src/stm32l4xx_hal_dma.c.obj
                0x08011da0                HAL_DMA_GetError
 .text.DMA_SetConfig
                0x08011db8       0x60 cmake/stm32cubemx/CMakeFiles/STM32_Drivers.dir/__/__/Drivers/STM32L4xx_HAL_Driver/Src/stm32l4xx_hal_dma.c.obj
 .text.HAL_PWR_DeInit
                0x08011e18       0x2c cmake/stm32cubemx/CMakeFiles/STM32_Drivers.dir/__/__/Drivers/STM32L4xx_HAL_Driver/Src/stm32l4xx_hal_pwr.c.obj
                0x08011e18                HAL_PWR_DeInit
 .text.HAL_PWR_EnableBkUpAccess
                0x08011e44       0x20 cmake/stm32cubemx/CMakeFiles/STM32_Drivers.dir/__/__/Drivers/STM32L4xx_HAL_Driver/Src/stm32l4xx_hal_pwr.c.obj
                0x08011e44                HAL_PWR_EnableBkUpAccess
 .text.HAL_PWR_DisableBkUpAccess
                0x08011e64       0x20 cmake/stm32cubemx/CMakeFiles/STM32_Drivers.dir/__/__/Drivers/STM32L4xx_HAL_Driver/Src/stm32l4xx_hal_pwr.c.obj
                0x08011e64                HAL_PWR_DisableBkUpAccess
 .text.HAL_PWR_ConfigPVD
                0x08011e84       0xc0 cmake/stm32cubemx/CMakeFiles/STM32_Drivers.dir/__/__/Drivers/STM32L4xx_HAL_Driver/Src/stm32l4xx_hal_pwr.c.obj
                0x08011e84                HAL_PWR_ConfigPVD
 .text.HAL_PWR_EnablePVD
                0x08011f44       0x20 cmake/stm32cubemx/CMakeFiles/STM32_Drivers.dir/__/__/Drivers/STM32L4xx_HAL_Driver/Src/stm32l4xx_hal_pwr.c.obj
                0x08011f44                HAL_PWR_EnablePVD
 .text.HAL_PWR_DisablePVD
                0x08011f64       0x20 cmake/stm32cubemx/CMakeFiles/STM32_Drivers.dir/__/__/Drivers/STM32L4xx_HAL_Driver/Src/stm32l4xx_hal_pwr.c.obj
                0x08011f64                HAL_PWR_DisablePVD
 .text.HAL_PWR_EnableWakeUpPin
                0x08011f84       0x40 cmake/stm32cubemx/CMakeFiles/STM32_Drivers.dir/__/__/Drivers/STM32L4xx_HAL_Driver/Src/stm32l4xx_hal_pwr.c.obj
                0x08011f84                HAL_PWR_EnableWakeUpPin
 .text.HAL_PWR_DisableWakeUpPin
                0x08011fc4       0x2c cmake/stm32cubemx/CMakeFiles/STM32_Drivers.dir/__/__/Drivers/STM32L4xx_HAL_Driver/Src/stm32l4xx_hal_pwr.c.obj
                0x08011fc4                HAL_PWR_DisableWakeUpPin
 .text.HAL_PWR_EnterSLEEPMode
                0x08011ff0       0x68 cmake/stm32cubemx/CMakeFiles/STM32_Drivers.dir/__/__/Drivers/STM32L4xx_HAL_Driver/Src/stm32l4xx_hal_pwr.c.obj
                0x08011ff0                HAL_PWR_EnterSLEEPMode
 .text.HAL_PWR_EnterSTOPMode
                0x08012058       0x2e cmake/stm32cubemx/CMakeFiles/STM32_Drivers.dir/__/__/Drivers/STM32L4xx_HAL_Driver/Src/stm32l4xx_hal_pwr.c.obj
                0x08012058                HAL_PWR_EnterSTOPMode
 *fill*         0x08012086        0x2 
 .text.HAL_PWR_EnterSTANDBYMode
                0x08012088       0x34 cmake/stm32cubemx/CMakeFiles/STM32_Drivers.dir/__/__/Drivers/STM32L4xx_HAL_Driver/Src/stm32l4xx_hal_pwr.c.obj
                0x08012088                HAL_PWR_EnterSTANDBYMode
 .text.HAL_PWR_EnableSleepOnExit
                0x080120bc       0x20 cmake/stm32cubemx/CMakeFiles/STM32_Drivers.dir/__/__/Drivers/STM32L4xx_HAL_Driver/Src/stm32l4xx_hal_pwr.c.obj